Archive member included to satisfy reference by file (symbol)

c:/st/stm32cubeide_1.3.0/stm32cubeide/plugins/com.st.stm32cube.ide.mcu.externaltools.gnu-tools-for-stm32.7-2018-q2-update.win32_1.0.0.201904181610/tools/bin/../lib/gcc/arm-none-eabi/7.3.1/../../../../arm-none-eabi/lib/thumb/v7e-m/fpv4-sp/hard\libc_nano.a(lib_a-errno.o)
                              Core/Src/syscalls.o (__errno)
c:/st/stm32cubeide_1.3.0/stm32cubeide/plugins/com.st.stm32cube.ide.mcu.externaltools.gnu-tools-for-stm32.7-2018-q2-update.win32_1.0.0.201904181610/tools/bin/../lib/gcc/arm-none-eabi/7.3.1/../../../../arm-none-eabi/lib/thumb/v7e-m/fpv4-sp/hard\libc_nano.a(lib_a-exit.o)
                              c:/st/stm32cubeide_1.3.0/stm32cubeide/plugins/com.st.stm32cube.ide.mcu.externaltools.gnu-tools-for-stm32.7-2018-q2-update.win32_1.0.0.201904181610/tools/bin/../lib/gcc/arm-none-eabi/7.3.1/../../../../arm-none-eabi/lib/thumb/v7e-m/fpv4-sp/hard/crt0.o (exit)
c:/st/stm32cubeide_1.3.0/stm32cubeide/plugins/com.st.stm32cube.ide.mcu.externaltools.gnu-tools-for-stm32.7-2018-q2-update.win32_1.0.0.201904181610/tools/bin/../lib/gcc/arm-none-eabi/7.3.1/../../../../arm-none-eabi/lib/thumb/v7e-m/fpv4-sp/hard\libc_nano.a(lib_a-impure.o)
                              c:/st/stm32cubeide_1.3.0/stm32cubeide/plugins/com.st.stm32cube.ide.mcu.externaltools.gnu-tools-for-stm32.7-2018-q2-update.win32_1.0.0.201904181610/tools/bin/../lib/gcc/arm-none-eabi/7.3.1/../../../../arm-none-eabi/lib/thumb/v7e-m/fpv4-sp/hard\libc_nano.a(lib_a-exit.o) (_global_impure_ptr)
c:/st/stm32cubeide_1.3.0/stm32cubeide/plugins/com.st.stm32cube.ide.mcu.externaltools.gnu-tools-for-stm32.7-2018-q2-update.win32_1.0.0.201904181610/tools/bin/../lib/gcc/arm-none-eabi/7.3.1/../../../../arm-none-eabi/lib/thumb/v7e-m/fpv4-sp/hard\libc_nano.a(lib_a-init.o)
                              c:/st/stm32cubeide_1.3.0/stm32cubeide/plugins/com.st.stm32cube.ide.mcu.externaltools.gnu-tools-for-stm32.7-2018-q2-update.win32_1.0.0.201904181610/tools/bin/../lib/gcc/arm-none-eabi/7.3.1/../../../../arm-none-eabi/lib/thumb/v7e-m/fpv4-sp/hard/crt0.o (__libc_init_array)
c:/st/stm32cubeide_1.3.0/stm32cubeide/plugins/com.st.stm32cube.ide.mcu.externaltools.gnu-tools-for-stm32.7-2018-q2-update.win32_1.0.0.201904181610/tools/bin/../lib/gcc/arm-none-eabi/7.3.1/../../../../arm-none-eabi/lib/thumb/v7e-m/fpv4-sp/hard\libc_nano.a(lib_a-memset.o)
                              c:/st/stm32cubeide_1.3.0/stm32cubeide/plugins/com.st.stm32cube.ide.mcu.externaltools.gnu-tools-for-stm32.7-2018-q2-update.win32_1.0.0.201904181610/tools/bin/../lib/gcc/arm-none-eabi/7.3.1/../../../../arm-none-eabi/lib/thumb/v7e-m/fpv4-sp/hard/crt0.o (memset)
c:/st/stm32cubeide_1.3.0/stm32cubeide/plugins/com.st.stm32cube.ide.mcu.externaltools.gnu-tools-for-stm32.7-2018-q2-update.win32_1.0.0.201904181610/tools/bin/../lib/gcc/arm-none-eabi/7.3.1/../../../../arm-none-eabi/lib/thumb/v7e-m/fpv4-sp/hard\libm.a(lib_a-s_sin.o)
                              Core/Src/dac.o (sin)
c:/st/stm32cubeide_1.3.0/stm32cubeide/plugins/com.st.stm32cube.ide.mcu.externaltools.gnu-tools-for-stm32.7-2018-q2-update.win32_1.0.0.201904181610/tools/bin/../lib/gcc/arm-none-eabi/7.3.1/../../../../arm-none-eabi/lib/thumb/v7e-m/fpv4-sp/hard\libm.a(lib_a-e_rem_pio2.o)
                              c:/st/stm32cubeide_1.3.0/stm32cubeide/plugins/com.st.stm32cube.ide.mcu.externaltools.gnu-tools-for-stm32.7-2018-q2-update.win32_1.0.0.201904181610/tools/bin/../lib/gcc/arm-none-eabi/7.3.1/../../../../arm-none-eabi/lib/thumb/v7e-m/fpv4-sp/hard\libm.a(lib_a-s_sin.o) (__ieee754_rem_pio2)
c:/st/stm32cubeide_1.3.0/stm32cubeide/plugins/com.st.stm32cube.ide.mcu.externaltools.gnu-tools-for-stm32.7-2018-q2-update.win32_1.0.0.201904181610/tools/bin/../lib/gcc/arm-none-eabi/7.3.1/../../../../arm-none-eabi/lib/thumb/v7e-m/fpv4-sp/hard\libm.a(lib_a-k_cos.o)
                              c:/st/stm32cubeide_1.3.0/stm32cubeide/plugins/com.st.stm32cube.ide.mcu.externaltools.gnu-tools-for-stm32.7-2018-q2-update.win32_1.0.0.201904181610/tools/bin/../lib/gcc/arm-none-eabi/7.3.1/../../../../arm-none-eabi/lib/thumb/v7e-m/fpv4-sp/hard\libm.a(lib_a-s_sin.o) (__kernel_cos)
c:/st/stm32cubeide_1.3.0/stm32cubeide/plugins/com.st.stm32cube.ide.mcu.externaltools.gnu-tools-for-stm32.7-2018-q2-update.win32_1.0.0.201904181610/tools/bin/../lib/gcc/arm-none-eabi/7.3.1/../../../../arm-none-eabi/lib/thumb/v7e-m/fpv4-sp/hard\libm.a(lib_a-k_rem_pio2.o)
                              c:/st/stm32cubeide_1.3.0/stm32cubeide/plugins/com.st.stm32cube.ide.mcu.externaltools.gnu-tools-for-stm32.7-2018-q2-update.win32_1.0.0.201904181610/tools/bin/../lib/gcc/arm-none-eabi/7.3.1/../../../../arm-none-eabi/lib/thumb/v7e-m/fpv4-sp/hard\libm.a(lib_a-e_rem_pio2.o) (__kernel_rem_pio2)
[...]
Memory Configuration

Name             Origin             Length             Attributes
CCMRAM           0x0000000010000000 0x0000000000004000 xrw
RAM              0x0000000020000000 0x0000000000010000 xrw
FLASH            0x0000000008000000 0x0000000000080000 xr
*default*        0x0000000000000000 0xffffffffffffffff

Linker script and memory map

LOAD c:/st/stm32cubeide_1.3.0/stm32cubeide/plugins/com.st.stm32cube.ide.mcu.externaltools.gnu-tools-for-stm32.7-2018-q2-update.win32_1.0.0.201904181610/tools/bin/../lib/gcc/arm-none-eabi/7.3.1/thumb/v7e-m/fpv4-sp/hard/crti.o
LOAD c:/st/stm32cubeide_1.3.0/stm32cubeide/plugins/com.st.stm32cube.ide.mcu.externaltools.gnu-tools-for-stm32.7-2018-q2-update.win32_1.0.0.201904181610/tools/bin/../lib/gcc/arm-none-eabi/7.3.1/thumb/v7e-m/fpv4-sp/hard/crtbegin.o
LOAD c:/st/stm32cubeide_1.3.0/stm32cubeide/plugins/com.st.stm32cube.ide.mcu.externaltools.gnu-tools-for-stm32.7-2018-q2-update.win32_1.0.0.201904181610/tools/bin/../lib/gcc/arm-none-eabi/7.3.1/../../../../arm-none-eabi/lib/thumb/v7e-m/fpv4-sp/hard/crt0.o
LOAD Core/Src/adc.o
LOAD Core/Src/dac.o
LOAD Core/Src/lcd.o
LOAD Core/Src/main.o
LOAD Core/Src/stm32f3xx_hal_msp.o
LOAD Core/Src/stm32f3xx_it.o
LOAD Core/Src/syscalls.o
LOAD Core/Src/sysmem.o
LOAD Core/Src/system_stm32f3xx.o
LOAD Core/Src/uart.o
LOAD Core/Startup/startup_stm32f303retx.o
LOAD Drivers/STM32F3xx_HAL_Driver/Src/stm32f3xx_hal.o
LOAD Drivers/STM32F3xx_HAL_Driver/Src/stm32f3xx_hal_adc.o
LOAD Drivers/STM32F3xx_HAL_Driver/Src/stm32f3xx_hal_adc_ex.o
LOAD Drivers/STM32F3xx_HAL_Driver/Src/stm32f3xx_hal_cortex.o
LOAD Drivers/STM32F3xx_HAL_Driver/Src/stm32f3xx_hal_dac.o
LOAD Drivers/STM32F3xx_HAL_Driver/Src/stm32f3xx_hal_dac_ex.o
LOAD Drivers/STM32F3xx_HAL_Driver/Src/stm32f3xx_hal_dma.o
LOAD Drivers/STM32F3xx_HAL_Driver/Src/stm32f3xx_hal_exti.o
LOAD Drivers/STM32F3xx_HAL_Driver/Src/stm32f3xx_hal_flash.o
LOAD Drivers/STM32F3xx_HAL_Driver/Src/stm32f3xx_hal_flash_ex.o
LOAD Drivers/STM32F3xx_HAL_Driver/Src/stm32f3xx_hal_gpio.o
LOAD Drivers/STM32F3xx_HAL_Driver/Src/stm32f3xx_hal_i2c.o
LOAD Drivers/STM32F3xx_HAL_Driver/Src/stm32f3xx_hal_i2c_ex.o
LOAD Drivers/STM32F3xx_HAL_Driver/Src/stm32f3xx_hal_pwr.o
LOAD Drivers/STM32F3xx_HAL_Driver/Src/stm32f3xx_hal_pwr_ex.o
LOAD Drivers/STM32F3xx_HAL_Driver/Src/stm32f3xx_hal_rcc.o
LOAD Drivers/STM32F3xx_HAL_Driver/Src/stm32f3xx_hal_rcc_ex.o
LOAD Drivers/STM32F3xx_HAL_Driver/Src/stm32f3xx_hal_tim.o
LOAD Drivers/STM32F3xx_HAL_Driver/Src/stm32f3xx_hal_tim_ex.o
LOAD Drivers/STM32F3xx_HAL_Driver/Src/stm32f3xx_hal_uart.o
LOAD Drivers/STM32F3xx_HAL_Driver/Src/stm32f3xx_hal_uart_ex.o
START GROUP
LOAD c:/st/stm32cubeide_1.3.0/stm32cubeide/plugins/com.st.stm32cube.ide.mcu.externaltools.gnu-tools-for-stm32.7-2018-q2-update.win32_1.0.0.201904181610/tools/bin/../lib/gcc/arm-none-eabi/7.3.1/../../../../arm-none-eabi/lib/thumb/v7e-m/fpv4-sp/hard\libc_nano.a
LOAD c:/st/stm32cubeide_1.3.0/stm32cubeide/plugins/com.st.stm32cube.ide.mcu.externaltools.gnu-tools-for-stm32.7-2018-q2-update.win32_1.0.0.201904181610/tools/bin/../lib/gcc/arm-none-eabi/7.3.1/../../../../arm-none-eabi/lib/thumb/v7e-m/fpv4-sp/hard\libm.a
END GROUP
START GROUP
LOAD c:/st/stm32cubeide_1.3.0/stm32cubeide/plugins/com.st.stm32cube.ide.mcu.externaltools.gnu-tools-for-stm32.7-2018-q2-update.win32_1.0.0.201904181610/tools/bin/../lib/gcc/arm-none-eabi/7.3.1/thumb/v7e-m/fpv4-sp/hard\libgcc.a
LOAD c:/st/stm32cubeide_1.3.0/stm32cubeide/plugins/com.st.stm32cube.ide.mcu.externaltools.gnu-tools-for-stm32.7-2018-q2-update.win32_1.0.0.201904181610/tools/bin/../lib/gcc/arm-none-eabi/7.3.1/../../../../arm-none-eabi/lib/thumb/v7e-m/fpv4-sp/hard\libc_nano.a
END GROUP
START GROUP
LOAD c:/st/stm32cubeide_1.3.0/stm32cubeide/plugins/com.st.stm32cube.ide.mcu.externaltools.gnu-tools-for-stm32.7-2018-q2-update.win32_1.0.0.201904181610/tools/bin/../lib/gcc/arm-none-eabi/7.3.1/thumb/v7e-m/fpv4-sp/hard\libgcc.a
LOAD c:/st/stm32cubeide_1.3.0/stm32cubeide/plugins/com.st.stm32cube.ide.mcu.externaltools.gnu-tools-for-stm32.7-2018-q2-update.win32_1.0.0.201904181610/tools/bin/../lib/gcc/arm-none-eabi/7.3.1/../../../../arm-none-eabi/lib/thumb/v7e-m/fpv4-sp/hard\libc_nano.a
LOAD c:/st/stm32cubeide_1.3.0/stm32cubeide/plugins/com.st.stm32cube.ide.mcu.externaltools.gnu-tools-for-stm32.7-2018-q2-update.win32_1.0.0.201904181610/tools/bin/../lib/gcc/arm-none-eabi/7.3.1/../../../../arm-none-eabi/lib/thumb/v7e-m/fpv4-sp/hard\libnosys.a
END GROUP
START GROUP
LOAD c:/st/stm32cubeide_1.3.0/stm32cubeide/plugins/com.st.stm32cube.ide.mcu.externaltools.gnu-tools-for-stm32.7-2018-q2-update.win32_1.0.0.201904181610/tools/bin/../lib/gcc/arm-none-eabi/7.3.1/thumb/v7e-m/fpv4-sp/hard\libgcc.a
LOAD c:/st/stm32cubeide_1.3.0/stm32cubeide/plugins/com.st.stm32cube.ide.mcu.externaltools.gnu-tools-for-stm32.7-2018-q2-update.win32_1.0.0.201904181610/tools/bin/../lib/gcc/arm-none-eabi/7.3.1/../../../../arm-none-eabi/lib/thumb/v7e-m/fpv4-sp/hard\libc_nano.a
LOAD c:/st/stm32cubeide_1.3.0/stm32cubeide/plugins/com.st.stm32cube.ide.mcu.externaltools.gnu-tools-for-stm32.7-2018-q2-update.win32_1.0.0.201904181610/tools/bin/../lib/gcc/arm-none-eabi/7.3.1/../../../../arm-none-eabi/lib/thumb/v7e-m/fpv4-sp/hard\libnosys.a
END GROUP
LOAD c:/st/stm32cubeide_1.3.0/stm32cubeide/plugins/com.st.stm32cube.ide.mcu.externaltools.gnu-tools-for-stm32.7-2018-q2-update.win32_1.0.0.201904181610/tools/bin/../lib/gcc/arm-none-eabi/7.3.1/thumb/v7e-m/fpv4-sp/hard/crtend.o
LOAD c:/st/stm32cubeide_1.3.0/stm32cubeide/plugins/com.st.stm32cube.ide.mcu.externaltools.gnu-tools-for-stm32.7-2018-q2-update.win32_1.0.0.201904181610/tools/bin/../lib/gcc/arm-none-eabi/7.3.1/thumb/v7e-m/fpv4-sp/hard/crtn.o
                0x0000000020010000                _estack = (ORIGIN (RAM) + LENGTH (RAM))
                0x0000000000000200                _Min_Heap_Size = 0x200
                0x0000000000000400                _Min_Stack_Size = 0x400

.isr_vector     0x0000000008000000      0x194
                0x0000000008000000                . = ALIGN (0x4)
 *(.isr_vector)
 .isr_vector    0x0000000008000000      0x194 Core/Startup/startup_stm32f303retx.o
                0x0000000008000000                g_pfnVectors
                0x0000000008000194                . = ALIGN (0x4)

.text           0x0000000008000194     0x7a84
                0x0000000008000194                . = ALIGN (0x4)
 *(.text)
 .text          0x0000000008000194       0x40 c:/st/stm32cubeide_1.3.0/stm32cubeide/plugins/com.st.stm32cube.ide.mcu.externaltools.gnu-tools-for-stm32.7-2018-q2-update.win32_1.0.0.201904181610/tools/bin/../lib/gcc/arm-none-eabi/7.3.1/thumb/v7e-m/fpv4-sp/hard/crtbegin.o
 *(.text*)
 .text.ADC_Main_Function
                0x00000000080001d4      0x198 Core/Src/adc.o
                0x00000000080001d4                ADC_Main_Function
 .text.DAC_Switch_Output_OnOff
                0x000000000800036c       0x50 Core/Src/dac.o
                0x000000000800036c                DAC_Switch_Output_OnOff
 .text.LCD_Init
                0x00000000080003bc       0x6e Core/Src/lcd.o
                0x00000000080003bc                LCD_Init
 .text.LCD_Write_String
                0x000000000800042a       0x36 Core/Src/lcd.o
                0x000000000800042a                LCD_Write_String
 .text.LCD_Write_Character_Shift
                0x0000000008000460       0x7c Core/Src/lcd.o
                0x0000000008000460                LCD_Write_Character_Shift
 .text.LCD_Write_Character
                0x00000000080004dc       0x58 Core/Src/lcd.o
                0x00000000080004dc                LCD_Write_Character
 .text.LCD_Write_Instruction
                0x0000000008000534       0x2c Core/Src/lcd.o
                0x0000000008000534                LCD_Write_Instruction
 .text.LCD_Write_Nibbles
                0x0000000008000560      0x124 Core/Src/lcd.o
                0x0000000008000560                LCD_Write_Nibbles
 .text.LCD_Write_8bitInstruction
                0x0000000008000684       0xac Core/Src/lcd.o
                0x0000000008000684                LCD_Write_8bitInstruction
 .text.LCD_ZeroPins
                0x0000000008000730       0x4c Core/Src/lcd.o
                0x0000000008000730                LCD_ZeroPins
 .text.LCD_Clear_Display
                0x000000000800077c       0x3c Core/Src/lcd.o
                0x000000000800077c                LCD_Clear_Display
 .text.LCD_NewLine
                0x00000000080007b8       0x20 Core/Src/lcd.o
                0x00000000080007b8                LCD_NewLine
 .text.LCD_AutoScroll
                0x00000000080007d8       0x4c Core/Src/lcd.o
                0x00000000080007d8                LCD_AutoScroll
 .text.LCD_Shift_Left
                0x0000000008000824       0x24 Core/Src/lcd.o
                0x0000000008000824                LCD_Shift_Left
 .text.LCD_Shift_Right
                0x0000000008000848       0x24 Core/Src/lcd.o
                0x0000000008000848                LCD_Shift_Right
 .text.LCD_Shift_Home
                0x000000000800086c       0x30 Core/Src/lcd.o
                0x000000000800086c                LCD_Shift_Home
 .text.LCD_Cursor_Home
                0x000000000800089c       0x2c Core/Src/lcd.o
                0x000000000800089c                LCD_Cursor_Home
 .text.LCD_changeDisplayMode
                0x00000000080008c8       0xd4 Core/Src/lcd.o
                0x00000000080008c8                LCD_changeDisplayMode
 .text.LCD_Display_Menu
                0x000000000800099c       0x2c Core/Src/lcd.o
                0x000000000800099c                LCD_Display_Menu
 .text.LCD_Display_Measurement
                0x00000000080009c8      0x708 Core/Src/lcd.o
                0x00000000080009c8                LCD_Display_Measurement
 .text.HAL_UART_RxCpltCallback
                0x00000000080010d0       0x38 Core/Src/main.o
                0x00000000080010d0                HAL_UART_RxCpltCallback
 .text.HAL_GPIO_EXTI_Callback
                0x0000000008001108       0x80 Core/Src/main.o
                0x0000000008001108                HAL_GPIO_EXTI_Callback
 .text.main     0x0000000008001188      0x34c Core/Src/main.o
                0x0000000008001188                main
 .text.SystemClock_Config
                0x00000000080014d4       0xd8 Core/Src/main.o
                0x00000000080014d4                SystemClock_Config
 .text.MX_ADC1_Init
                0x00000000080015ac       0xe0 Core/Src/main.o
 .text.MX_DAC1_Init
                0x000000000800168c       0x54 Core/Src/main.o
 .text.MX_TIM2_Init
                0x00000000080016e0       0x9c Core/Src/main.o
 .text.MX_TIM15_Init
                0x000000000800177c       0xa0 Core/Src/main.o
 .text.MX_TIM16_Init
                0x000000000800181c       0x4c Core/Src/main.o
 .text.MX_TIM17_Init
                0x0000000008001868       0x50 Core/Src/main.o
 .text.MX_USART2_UART_Init
                0x00000000080018b8       0x60 Core/Src/main.o
 .text.MX_DMA_Init
                0x0000000008001918       0x3c Core/Src/main.o
 .text.MX_GPIO_Init
                0x0000000008001954      0x1f8 Core/Src/main.o
 .text.HAL_TIM_PeriodElapsedCallback
                0x0000000008001b4c       0x5c Core/Src/main.o
                0x0000000008001b4c                HAL_TIM_PeriodElapsedCallback
 .text.Delay_us_10
                0x0000000008001ba8       0x3c Core/Src/main.o
                0x0000000008001ba8                Delay_us_10
 .text.Error_Handler
                0x0000000008001be4        0xe Core/Src/main.o
                0x0000000008001be4                Error_Handler
 *fill*         0x0000000008001bf2        0x2 
 .text.HAL_MspInit
                0x0000000008001bf4       0x48 Core/Src/stm32f3xx_hal_msp.o
                0x0000000008001bf4                HAL_MspInit
 .text.HAL_ADC_MspInit
                0x0000000008001c3c       0x78 Core/Src/stm32f3xx_hal_msp.o
                0x0000000008001c3c                HAL_ADC_MspInit
 .text.HAL_DAC_MspInit
                0x0000000008001cb4       0xe4 Core/Src/stm32f3xx_hal_msp.o
                0x0000000008001cb4                HAL_DAC_MspInit
 .text.HAL_TIM_Base_MspInit
                0x0000000008001d98       0xf0 Core/Src/stm32f3xx_hal_msp.o
                0x0000000008001d98                HAL_TIM_Base_MspInit
 .text.HAL_UART_MspInit
                0x0000000008001e88       0x94 Core/Src/stm32f3xx_hal_msp.o
                0x0000000008001e88                HAL_UART_MspInit
 .text.NMI_Handler
                0x0000000008001f1c        0xe Core/Src/stm32f3xx_it.o
                0x0000000008001f1c                NMI_Handler
 .text.HardFault_Handler
                0x0000000008001f2a        0x6 Core/Src/stm32f3xx_it.o
                0x0000000008001f2a                HardFault_Handler
 .text.MemManage_Handler
                0x0000000008001f30        0x6 Core/Src/stm32f3xx_it.o
                0x0000000008001f30                MemManage_Handler
 .text.BusFault_Handler
                0x0000000008001f36        0x6 Core/Src/stm32f3xx_it.o
                0x0000000008001f36                BusFault_Handler
 .text.UsageFault_Handler
                0x0000000008001f3c        0x6 Core/Src/stm32f3xx_it.o
                0x0000000008001f3c                UsageFault_Handler
 .text.SVC_Handler
                0x0000000008001f42        0xe Core/Src/stm32f3xx_it.o
                0x0000000008001f42                SVC_Handler
 .text.DebugMon_Handler
                0x0000000008001f50        0xe Core/Src/stm32f3xx_it.o
                0x0000000008001f50                DebugMon_Handler
 .text.PendSV_Handler
                0x0000000008001f5e        0xe Core/Src/stm32f3xx_it.o
                0x0000000008001f5e                PendSV_Handler
 .text.SysTick_Handler
                0x0000000008001f6c        0xc Core/Src/stm32f3xx_it.o
                0x0000000008001f6c                SysTick_Handler
 .text.DMA1_Channel3_IRQHandler
                0x0000000008001f78       0x14 Core/Src/stm32f3xx_it.o
                0x0000000008001f78                DMA1_Channel3_IRQHandler
 .text.EXTI9_5_IRQHandler
                0x0000000008001f8c       0x24 Core/Src/stm32f3xx_it.o
                0x0000000008001f8c                EXTI9_5_IRQHandler
 .text.TIM1_BRK_TIM15_IRQHandler
                0x0000000008001fb0       0x14 Core/Src/stm32f3xx_it.o
                0x0000000008001fb0                TIM1_BRK_TIM15_IRQHandler
 .text.TIM1_UP_TIM16_IRQHandler
                0x0000000008001fc4       0x14 Core/Src/stm32f3xx_it.o
                0x0000000008001fc4                TIM1_UP_TIM16_IRQHandler
 .text.TIM1_TRG_COM_TIM17_IRQHandler
                0x0000000008001fd8       0x14 Core/Src/stm32f3xx_it.o
                0x0000000008001fd8                TIM1_TRG_COM_TIM17_IRQHandler
 .text.TIM2_IRQHandler
                0x0000000008001fec       0x14 Core/Src/stm32f3xx_it.o
                0x0000000008001fec                TIM2_IRQHandler
 .text.USART2_IRQHandler
                0x0000000008002000       0x14 Core/Src/stm32f3xx_it.o
                0x0000000008002000                USART2_IRQHandler
 .text.EXTI15_10_IRQHandler
                0x0000000008002014       0x18 Core/Src/stm32f3xx_it.o
                0x0000000008002014                EXTI15_10_IRQHandler
 .text.SystemInit
                0x000000000800202c       0x24 Core/Src/system_stm32f3xx.o
                0x000000000800202c                SystemInit
 .text.UART_Main_Function
                0x0000000008002050       0x90 Core/Src/uart.o
                0x0000000008002050                UART_Main_Function
 .text.UART_Rx_Complete
                0x00000000080020e0       0x22 Core/Src/uart.o
                0x00000000080020e0                UART_Rx_Complete
 .text.UART_Interpret_Rx_Message
                0x0000000008002102       0xaa Core/Src/uart.o
                0x0000000008002102                UART_Interpret_Rx_Message
 .text.UART_Display_On_LCD
                0x00000000080021ac       0x44 Core/Src/uart.o
                0x00000000080021ac                UART_Display_On_LCD
 .text.UART_Request_Measurement
                0x00000000080021f0      0x2a4 Core/Src/uart.o
                0x00000000080021f0                UART_Request_Measurement
 .text.UART_Request_Status
                0x0000000008002494       0xbc Core/Src/uart.o
                0x0000000008002494                UART_Request_Status
 .text.UART_Set_Measurement_Mode
                0x0000000008002550       0x84 Core/Src/uart.o
                0x0000000008002550                UART_Set_Measurement_Mode
 .text.UART_Set_Output_Parameter
                0x00000000080025d4      0x120 Core/Src/uart.o
                0x00000000080025d4                UART_Set_Output_Parameter
 .text.Reset_Handler
                0x00000000080026f4       0x50 Core/Startup/startup_stm32f303retx.o
                0x00000000080026f4                Reset_Handler
 .text.Default_Handler
                0x0000000008002744        0x2 Core/Startup/startup_stm32f303retx.o
                0x0000000008002744                RTC_Alarm_IRQHandler
                0x0000000008002744                TIM8_TRG_COM_IRQHandler
                0x0000000008002744                TIM8_CC_IRQHandler
                0x0000000008002744                SPI4_IRQHandler
                0x0000000008002744                TIM1_CC_IRQHandler
                0x0000000008002744                USB_HP_IRQHandler
                0x0000000008002744                PVD_IRQHandler
                0x0000000008002744                TAMP_STAMP_IRQHandler
                0x0000000008002744                EXTI3_IRQHandler
                0x0000000008002744                I2C3_ER_IRQHandler
                0x0000000008002744                USB_HP_CAN_TX_IRQHandler
                0x0000000008002744                EXTI0_IRQHandler
                0x0000000008002744                I2C2_EV_IRQHandler
                0x0000000008002744                FPU_IRQHandler
                0x0000000008002744                ADC1_2_IRQHandler
                0x0000000008002744                SPI1_IRQHandler
                0x0000000008002744                CAN_SCE_IRQHandler
                0x0000000008002744                TIM6_DAC_IRQHandler
                0x0000000008002744                TIM8_UP_IRQHandler
                0x0000000008002744                DMA2_Channel2_IRQHandler
                0x0000000008002744                DMA1_Channel4_IRQHandler
                0x0000000008002744                TIM20_TRG_COM_IRQHandler
                0x0000000008002744                USART3_IRQHandler
                0x0000000008002744                DMA1_Channel7_IRQHandler
                0x0000000008002744                UART5_IRQHandler
                0x0000000008002744                ADC3_IRQHandler
                0x0000000008002744                TIM4_IRQHandler
                0x0000000008002744                CAN_RX1_IRQHandler
                0x0000000008002744                DMA2_Channel1_IRQHandler
                0x0000000008002744                I2C1_EV_IRQHandler
                0x0000000008002744                DMA1_Channel6_IRQHandler
                0x0000000008002744                UART4_IRQHandler
                0x0000000008002744                DMA2_Channel4_IRQHandler
                0x0000000008002744                TIM3_IRQHandler
                0x0000000008002744                RCC_IRQHandler
                0x0000000008002744                TIM20_UP_IRQHandler
                0x0000000008002744                DMA1_Channel1_IRQHandler
                0x0000000008002744                Default_Handler
                0x0000000008002744                USBWakeUp_RMP_IRQHandler
                0x0000000008002744                TIM7_IRQHandler
                0x0000000008002744                I2C3_EV_IRQHandler
                0x0000000008002744                RTC_WKUP_IRQHandler
                0x0000000008002744                SPI2_IRQHandler
                0x0000000008002744                USB_LP_CAN_RX0_IRQHandler
                0x0000000008002744                DMA2_Channel5_IRQHandler
                0x0000000008002744                DMA1_Channel5_IRQHandler
                0x0000000008002744                USB_LP_IRQHandler
                0x0000000008002744                EXTI4_IRQHandler
                0x0000000008002744                ADC4_IRQHandler
                0x0000000008002744                WWDG_IRQHandler
                0x0000000008002744                COMP7_IRQHandler
                0x0000000008002744                COMP1_2_3_IRQHandler
                0x0000000008002744                EXTI1_IRQHandler
                0x0000000008002744                COMP4_5_6_IRQHandler
                0x0000000008002744                TIM20_BRK_IRQHandler
                0x0000000008002744                I2C2_ER_IRQHandler
                0x0000000008002744                DMA1_Channel2_IRQHandler
                0x0000000008002744                TIM8_BRK_IRQHandler
                0x0000000008002744                FLASH_IRQHandler
                0x0000000008002744                TIM20_CC_IRQHandler
                0x0000000008002744                USART1_IRQHandler
                0x0000000008002744                SPI3_IRQHandler
                0x0000000008002744                I2C1_ER_IRQHandler
                0x0000000008002744                FMC_IRQHandler
                0x0000000008002744                USBWakeUp_IRQHandler
                0x0000000008002744                DMA2_Channel3_IRQHandler
                0x0000000008002744                EXTI2_TSC_IRQHandler
 *fill*         0x0000000008002746        0x2 
 .text.HAL_Init
                0x0000000008002748       0x2c Drivers/STM32F3xx_HAL_Driver/Src/stm32f3xx_hal.o
                0x0000000008002748                HAL_Init
 .text.HAL_InitTick
                0x0000000008002774       0x60 Drivers/STM32F3xx_HAL_Driver/Src/stm32f3xx_hal.o
                0x0000000008002774                HAL_InitTick
 .text.HAL_IncTick
                0x00000000080027d4       0x28 Drivers/STM32F3xx_HAL_Driver/Src/stm32f3xx_hal.o
                0x00000000080027d4                HAL_IncTick
 .text.HAL_GetTick
                0x00000000080027fc       0x18 Drivers/STM32F3xx_HAL_Driver/Src/stm32f3xx_hal.o
                0x00000000080027fc                HAL_GetTick
 .text.HAL_Delay
                0x0000000008002814       0x44 Drivers/STM32F3xx_HAL_Driver/Src/stm32f3xx_hal.o
                0x0000000008002814                HAL_Delay
 .text.HAL_ADC_Init
                0x0000000008002858      0x3f4 Drivers/STM32F3xx_HAL_Driver/Src/stm32f3xx_hal_adc_ex.o
                0x0000000008002858                HAL_ADC_Init
 .text.HAL_ADC_Start
                0x0000000008002c4c      0x22c Drivers/STM32F3xx_HAL_Driver/Src/stm32f3xx_hal_adc_ex.o
                0x0000000008002c4c                HAL_ADC_Start
 .text.HAL_ADC_Stop
                0x0000000008002e78       0x6a Drivers/STM32F3xx_HAL_Driver/Src/stm32f3xx_hal_adc_ex.o
                0x0000000008002e78                HAL_ADC_Stop
 *fill*         0x0000000008002ee2        0x2 
 .text.HAL_ADC_PollForConversion
                0x0000000008002ee4      0x204 Drivers/STM32F3xx_HAL_Driver/Src/stm32f3xx_hal_adc_ex.o
                0x0000000008002ee4                HAL_ADC_PollForConversion
 .text.HAL_ADC_GetValue
                0x00000000080030e8       0x1a Drivers/STM32F3xx_HAL_Driver/Src/stm32f3xx_hal_adc_ex.o
                0x00000000080030e8                HAL_ADC_GetValue
 *fill*         0x0000000008003102        0x2 
 .text.HAL_ADC_ConfigChannel
                0x0000000008003104      0x5d8 Drivers/STM32F3xx_HAL_Driver/Src/stm32f3xx_hal_adc_ex.o
                0x0000000008003104                HAL_ADC_ConfigChannel
 .text.HAL_ADCEx_MultiModeConfigChannel
                0x00000000080036dc      0x1e4 Drivers/STM32F3xx_HAL_Driver/Src/stm32f3xx_hal_adc_ex.o
                0x00000000080036dc                HAL_ADCEx_MultiModeConfigChannel
 .text.ADC_Enable
                0x00000000080038c0       0xc8 Drivers/STM32F3xx_HAL_Driver/Src/stm32f3xx_hal_adc_ex.o
 .text.ADC_Disable
                0x0000000008003988       0xcc Drivers/STM32F3xx_HAL_Driver/Src/stm32f3xx_hal_adc_ex.o
 .text.ADC_ConversionStop
                0x0000000008003a54      0x168 Drivers/STM32F3xx_HAL_Driver/Src/stm32f3xx_hal_adc_ex.o
 .text.__NVIC_SetPriorityGrouping
                0x0000000008003bbc       0x48 Drivers/STM32F3xx_HAL_Driver/Src/stm32f3xx_hal_cortex.o
 .text.__NVIC_GetPriorityGrouping
                0x0000000008003c04       0x1c Drivers/STM32F3xx_HAL_Driver/Src/stm32f3xx_hal_cortex.o
 .text.__NVIC_EnableIRQ
                0x0000000008003c20       0x3c Drivers/STM32F3xx_HAL_Driver/Src/stm32f3xx_hal_cortex.o
 .text.__NVIC_SetPriority
                0x0000000008003c5c       0x54 Drivers/STM32F3xx_HAL_Driver/Src/stm32f3xx_hal_cortex.o
 .text.NVIC_EncodePriority
                0x0000000008003cb0       0x66 Drivers/STM32F3xx_HAL_Driver/Src/stm32f3xx_hal_cortex.o
 *fill*         0x0000000008003d16        0x2 
 .text.SysTick_Config
                0x0000000008003d18       0x44 Drivers/STM32F3xx_HAL_Driver/Src/stm32f3xx_hal_cortex.o
 .text.HAL_NVIC_SetPriorityGrouping
                0x0000000008003d5c       0x16 Drivers/STM32F3xx_HAL_Driver/Src/stm32f3xx_hal_cortex.o
                0x0000000008003d5c                HAL_NVIC_SetPriorityGrouping
 .text.HAL_NVIC_SetPriority
                0x0000000008003d72       0x38 Drivers/STM32F3xx_HAL_Driver/Src/stm32f3xx_hal_cortex.o
                0x0000000008003d72                HAL_NVIC_SetPriority
 .text.HAL_NVIC_EnableIRQ
                0x0000000008003daa       0x1c Drivers/STM32F3xx_HAL_Driver/Src/stm32f3xx_hal_cortex.o
                0x0000000008003daa                HAL_NVIC_EnableIRQ
 .text.HAL_SYSTICK_Config
                0x0000000008003dc6       0x18 Drivers/STM32F3xx_HAL_Driver/Src/stm32f3xx_hal_cortex.o
                0x0000000008003dc6                HAL_SYSTICK_Config
 .text.HAL_DAC_Init
                0x0000000008003dde       0x44 Drivers/STM32F3xx_HAL_Driver/Src/stm32f3xx_hal_dac.o
                0x0000000008003dde                HAL_DAC_Init
 .text.HAL_DAC_ConfigChannel
                0x0000000008003e22       0x9a Drivers/STM32F3xx_HAL_Driver/Src/stm32f3xx_hal_dac_ex.o
                0x0000000008003e22                HAL_DAC_ConfigChannel
 .text.HAL_DMA_Init
                0x0000000008003ebc       0x8e Drivers/STM32F3xx_HAL_Driver/Src/stm32f3xx_hal_dma.o
                0x0000000008003ebc                HAL_DMA_Init
 .text.HAL_DMA_Abort
                0x0000000008003f4a       0x72 Drivers/STM32F3xx_HAL_Driver/Src/stm32f3xx_hal_dma.o
                0x0000000008003f4a                HAL_DMA_Abort
 .text.HAL_DMA_Abort_IT
                0x0000000008003fbc       0x7c Drivers/STM32F3xx_HAL_Driver/Src/stm32f3xx_hal_dma.o
                0x0000000008003fbc                HAL_DMA_Abort_IT
 .text.HAL_DMA_IRQHandler
                0x0000000008004038      0x146 Drivers/STM32F3xx_HAL_Driver/Src/stm32f3xx_hal_dma.o
                0x0000000008004038                HAL_DMA_IRQHandler
 *fill*         0x000000000800417e        0x2 
 .text.DMA_CalcBaseAndBitshift
                0x0000000008004180       0x78 Drivers/STM32F3xx_HAL_Driver/Src/stm32f3xx_hal_dma.o
 .text.HAL_GPIO_Init
                0x00000000080041f8      0x314 Drivers/STM32F3xx_HAL_Driver/Src/stm32f3xx_hal_gpio.o
                0x00000000080041f8                HAL_GPIO_Init
 .text.HAL_GPIO_ReadPin
                0x000000000800450c       0x30 Drivers/STM32F3xx_HAL_Driver/Src/stm32f3xx_hal_gpio.o
                0x000000000800450c                HAL_GPIO_ReadPin
 .text.HAL_GPIO_WritePin
                0x000000000800453c       0x30 Drivers/STM32F3xx_HAL_Driver/Src/stm32f3xx_hal_gpio.o
                0x000000000800453c                HAL_GPIO_WritePin
 .text.HAL_GPIO_TogglePin
                0x000000000800456c       0x34 Drivers/STM32F3xx_HAL_Driver/Src/stm32f3xx_hal_gpio.o
                0x000000000800456c                HAL_GPIO_TogglePin
 .text.HAL_GPIO_EXTI_IRQHandler
                0x00000000080045a0       0x30 Drivers/STM32F3xx_HAL_Driver/Src/stm32f3xx_hal_gpio.o
                0x00000000080045a0                HAL_GPIO_EXTI_IRQHandler
 .text.HAL_RCC_OscConfig
                0x00000000080045d0      0xe2c Drivers/STM32F3xx_HAL_Driver/Src/stm32f3xx_hal_rcc.o
                0x00000000080045d0                HAL_RCC_OscConfig
 .text.HAL_RCC_ClockConfig
                0x00000000080053fc      0x2f8 Drivers/STM32F3xx_HAL_Driver/Src/stm32f3xx_hal_rcc.o
                0x00000000080053fc                HAL_RCC_ClockConfig
 .text.HAL_RCC_GetSysClockFreq
                0x00000000080056f4       0xd4 Drivers/STM32F3xx_HAL_Driver/Src/stm32f3xx_hal_rcc.o
                0x00000000080056f4                HAL_RCC_GetSysClockFreq
 .text.HAL_RCC_GetHCLKFreq
                0x00000000080057c8       0x18 Drivers/STM32F3xx_HAL_Driver/Src/stm32f3xx_hal_rcc.o
                0x00000000080057c8                HAL_RCC_GetHCLKFreq
 .text.HAL_RCC_GetPCLK1Freq
                0x00000000080057e0       0x44 Drivers/STM32F3xx_HAL_Driver/Src/stm32f3xx_hal_rcc.o
                0x00000000080057e0                HAL_RCC_GetPCLK1Freq
 .text.HAL_RCC_GetPCLK2Freq
                0x0000000008005824       0x44 Drivers/STM32F3xx_HAL_Driver/Src/stm32f3xx_hal_rcc.o
                0x0000000008005824                HAL_RCC_GetPCLK2Freq
 .text.HAL_RCCEx_PeriphCLKConfig
                0x0000000008005868      0x43c Drivers/STM32F3xx_HAL_Driver/Src/stm32f3xx_hal_rcc_ex.o
                0x0000000008005868                HAL_RCCEx_PeriphCLKConfig
 .text.HAL_TIM_Base_Init
                0x0000000008005ca4       0xae Drivers/STM32F3xx_HAL_Driver/Src/stm32f3xx_hal_tim.o
                0x0000000008005ca4                HAL_TIM_Base_Init
 *fill*         0x0000000008005d52        0x2 
 .text.HAL_TIM_Base_Start
                0x0000000008005d54       0xd0 Drivers/STM32F3xx_HAL_Driver/Src/stm32f3xx_hal_tim.o
                0x0000000008005d54                HAL_TIM_Base_Start
 .text.HAL_TIM_Base_Start_IT
                0x0000000008005e24       0xe0 Drivers/STM32F3xx_HAL_Driver/Src/stm32f3xx_hal_tim.o
                0x0000000008005e24                HAL_TIM_Base_Start_IT
 .text.HAL_TIM_IRQHandler
                0x0000000008005f04      0x23e Drivers/STM32F3xx_HAL_Driver/Src/stm32f3xx_hal_tim.o
                0x0000000008005f04                HAL_TIM_IRQHandler
 .text.HAL_TIM_ConfigClockSource
                0x0000000008006142      0x17c Drivers/STM32F3xx_HAL_Driver/Src/stm32f3xx_hal_tim.o
                0x0000000008006142                HAL_TIM_ConfigClockSource
 .text.HAL_TIM_OC_DelayElapsedCallback
                0x00000000080062be       0x14 Drivers/STM32F3xx_HAL_Driver/Src/stm32f3xx_hal_tim.o
                0x00000000080062be                HAL_TIM_OC_DelayElapsedCallback
 .text.HAL_TIM_IC_CaptureCallback
                0x00000000080062d2       0x14 Drivers/STM32F3xx_HAL_Driver/Src/stm32f3xx_hal_tim.o
                0x00000000080062d2                HAL_TIM_IC_CaptureCallback
 .text.HAL_TIM_PWM_PulseFinishedCallback
                0x00000000080062e6       0x14 Drivers/STM32F3xx_HAL_Driver/Src/stm32f3xx_hal_tim.o
                0x00000000080062e6                HAL_TIM_PWM_PulseFinishedCallback
 .text.HAL_TIM_TriggerCallback
                0x00000000080062fa       0x14 Drivers/STM32F3xx_HAL_Driver/Src/stm32f3xx_hal_tim.o
                0x00000000080062fa                HAL_TIM_TriggerCallback
 *fill*         0x000000000800630e        0x2 
 .text.TIM_Base_SetConfig
                0x0000000008006310      0x13c Drivers/STM32F3xx_HAL_Driver/Src/stm32f3xx_hal_tim.o
                0x0000000008006310                TIM_Base_SetConfig
 .text.TIM_TI1_ConfigInputStage
                0x000000000800644c       0x5e Drivers/STM32F3xx_HAL_Driver/Src/stm32f3xx_hal_tim.o
 .text.TIM_TI2_ConfigInputStage
                0x00000000080064aa       0x60 Drivers/STM32F3xx_HAL_Driver/Src/stm32f3xx_hal_tim.o
 .text.TIM_ITRx_SetConfig
                0x000000000800650a       0x36 Drivers/STM32F3xx_HAL_Driver/Src/stm32f3xx_hal_tim.o
 .text.TIM_ETR_SetConfig
                0x0000000008006540       0x40 Drivers/STM32F3xx_HAL_Driver/Src/stm32f3xx_hal_tim.o
                0x0000000008006540                TIM_ETR_SetConfig
 .text.HAL_TIMEx_MasterConfigSynchronization
                0x0000000008006580      0x118 Drivers/STM32F3xx_HAL_Driver/Src/stm32f3xx_hal_tim_ex.o
                0x0000000008006580                HAL_TIMEx_MasterConfigSynchronization
 .text.HAL_TIMEx_CommutCallback
                0x0000000008006698       0x14 Drivers/STM32F3xx_HAL_Driver/Src/stm32f3xx_hal_tim_ex.o
                0x0000000008006698                HAL_TIMEx_CommutCallback
 .text.HAL_TIMEx_BreakCallback
                0x00000000080066ac       0x14 Drivers/STM32F3xx_HAL_Driver/Src/stm32f3xx_hal_tim_ex.o
                0x00000000080066ac                HAL_TIMEx_BreakCallback
 .text.HAL_TIMEx_Break2Callback
                0x00000000080066c0       0x14 Drivers/STM32F3xx_HAL_Driver/Src/stm32f3xx_hal_tim_ex.o
                0x00000000080066c0                HAL_TIMEx_Break2Callback
 .text.HAL_UART_Init
                0x00000000080066d4       0x9c Drivers/STM32F3xx_HAL_Driver/Src/stm32f3xx_hal_uart.o
                0x00000000080066d4                HAL_UART_Init
 .text.HAL_UART_Transmit
                0x0000000008006770      0x128 Drivers/STM32F3xx_HAL_Driver/Src/stm32f3xx_hal_uart.o
                0x0000000008006770                HAL_UART_Transmit
 .text.HAL_UART_Receive_IT
                0x0000000008006898       0x9c Drivers/STM32F3xx_HAL_Driver/Src/stm32f3xx_hal_uart.o
                0x0000000008006898                HAL_UART_Receive_IT
 .text.HAL_UART_IRQHandler
                0x0000000008006934      0x5c0 Drivers/STM32F3xx_HAL_Driver/Src/stm32f3xx_hal_uart.o
                0x0000000008006934                HAL_UART_IRQHandler
 .text.HAL_UART_TxCpltCallback
                0x0000000008006ef4       0x14 Drivers/STM32F3xx_HAL_Driver/Src/stm32f3xx_hal_uart.o
                0x0000000008006ef4                HAL_UART_TxCpltCallback
 .text.HAL_UART_ErrorCallback
                0x0000000008006f08       0x14 Drivers/STM32F3xx_HAL_Driver/Src/stm32f3xx_hal_uart.o
                0x0000000008006f08                HAL_UART_ErrorCallback
 .text.HAL_UARTEx_RxEventCallback
                0x0000000008006f1c       0x18 Drivers/STM32F3xx_HAL_Driver/Src/stm32f3xx_hal_uart.o
                0x0000000008006f1c                HAL_UARTEx_RxEventCallback
 .text.UART_SetConfig
                0x0000000008006f34      0x3a8 Drivers/STM32F3xx_HAL_Driver/Src/stm32f3xx_hal_uart.o
                0x0000000008006f34                UART_SetConfig
 .text.UART_AdvFeatureConfig
                0x00000000080072dc      0x144 Drivers/STM32F3xx_HAL_Driver/Src/stm32f3xx_hal_uart.o
                0x00000000080072dc                UART_AdvFeatureConfig
 .text.UART_CheckIdleState
                0x0000000008007420       0x92 Drivers/STM32F3xx_HAL_Driver/Src/stm32f3xx_hal_uart.o
                0x0000000008007420                UART_CheckIdleState
 .text.UART_WaitOnFlagUntilTimeout
                0x00000000080074b2      0x188 Drivers/STM32F3xx_HAL_Driver/Src/stm32f3xx_hal_uart.o
                0x00000000080074b2                UART_WaitOnFlagUntilTimeout
 *fill*         0x000000000800763a        0x2 
 .text.UART_Start_Receive_IT
                0x000000000800763c      0x158 Drivers/STM32F3xx_HAL_Driver/Src/stm32f3xx_hal_uart.o
                0x000000000800763c                UART_Start_Receive_IT
 .text.UART_EndRxTransfer
                0x0000000008007794       0xc6 Drivers/STM32F3xx_HAL_Driver/Src/stm32f3xx_hal_uart.o
 .text.UART_DMAAbortOnError
                0x000000000800785a       0x2c Drivers/STM32F3xx_HAL_Driver/Src/stm32f3xx_hal_uart.o
 .text.UART_EndTransmit_IT
                0x0000000008007886       0x54 Drivers/STM32F3xx_HAL_Driver/Src/stm32f3xx_hal_uart.o
 .text.UART_RxISR_8BIT
                0x00000000080078da      0x15c Drivers/STM32F3xx_HAL_Driver/Src/stm32f3xx_hal_uart.o
 .text.UART_RxISR_16BIT
                0x0000000008007a36      0x15c Drivers/STM32F3xx_HAL_Driver/Src/stm32f3xx_hal_uart.o
 .text.HAL_UARTEx_WakeupCallback
                0x0000000008007b92       0x14 Drivers/STM32F3xx_HAL_Driver/Src/stm32f3xx_hal_uart_ex.o
                0x0000000008007b92                HAL_UARTEx_WakeupCallback
 *fill*         0x0000000008007ba6        0x2 
 .text.__libc_init_array
                0x0000000008007ba8       0x48 c:/st/stm32cubeide_1.3.0/stm32cubeide/plugins/com.st.stm32cube.ide.mcu.externaltools.gnu-tools-for-stm32.7-2018-q2-update.win32_1.0.0.201904181610/tools/bin/../lib/gcc/arm-none-eabi/7.3.1/../../../../arm-none-eabi/lib/thumb/v7e-m/fpv4-sp/hard\libc_nano.a(lib_a-init.o)
                0x0000000008007ba8                __libc_init_array
 .text.memset   0x0000000008007bf0       0x10 c:/st/stm32cubeide_1.3.0/stm32cubeide/plugins/com.st.stm32cube.ide.mcu.externaltools.gnu-tools-for-stm32.7-2018-q2-update.win32_1.0.0.201904181610/tools/bin/../lib/gcc/arm-none-eabi/7.3.1/../../../../arm-none-eabi/lib/thumb/v7e-m/fpv4-sp/hard\libc_nano.a(lib_a-memset.o)
                0x0000000008007bf0                memset
 *(.glue_7)
 .glue_7        0x0000000008007c00        0x0 linker stubs
 *(.glue_7t)
 .glue_7t       0x0000000008007c00        0x0 linker stubs
 *(.eh_frame)
 .eh_frame      0x0000000008007c00        0x0 c:/st/stm32cubeide_1.3.0/stm32cubeide/plugins/com.st.stm32cube.ide.mcu.externaltools.gnu-tools-for-stm32.7-2018-q2-update.win32_1.0.0.201904181610/tools/bin/../lib/gcc/arm-none-eabi/7.3.1/thumb/v7e-m/fpv4-sp/hard/crtbegin.o
 *(.init)
 .init          0x0000000008007c00        0x4 c:/st/stm32cubeide_1.3.0/stm32cubeide/plugins/com.st.stm32cube.ide.mcu.externaltools.gnu-tools-for-stm32.7-2018-q2-update.win32_1.0.0.201904181610/tools/bin/../lib/gcc/arm-none-eabi/7.3.1/thumb/v7e-m/fpv4-sp/hard/crti.o
                0x0000000008007c00                _init
 .init          0x0000000008007c04        0x8 c:/st/stm32cubeide_1.3.0/stm32cubeide/plugins/com.st.stm32cube.ide.mcu.externaltools.gnu-tools-for-stm32.7-2018-q2-update.win32_1.0.0.201904181610/tools/bin/../lib/gcc/arm-none-eabi/7.3.1/thumb/v7e-m/fpv4-sp/hard/crtn.o
 *(.fini)
 .fini          0x0000000008007c0c        0x4 c:/st/stm32cubeide_1.3.0/stm32cubeide/plugins/com.st.stm32cube.ide.mcu.externaltools.gnu-tools-for-stm32.7-2018-q2-update.win32_1.0.0.201904181610/tools/bin/../lib/gcc/arm-none-eabi/7.3.1/thumb/v7e-m/fpv4-sp/hard/crti.o
                0x0000000008007c0c                _fini
 .fini          0x0000000008007c10        0x8 c:/st/stm32cubeide_1.3.0/stm32cubeide/plugins/com.st.stm32cube.ide.mcu.externaltools.gnu-tools-for-stm32.7-2018-q2-update.win32_1.0.0.201904181610/tools/bin/../lib/gcc/arm-none-eabi/7.3.1/thumb/v7e-m/fpv4-sp/hard/crtn.o
                0x0000000008007c18                . = ALIGN (0x4)
                0x0000000008007c18                _etext = .

.vfp11_veneer   0x0000000008007c18        0x0
 .vfp11_veneer  0x0000000008007c18        0x0 linker stubs

.v4_bx          0x0000000008007c18        0x0
 .v4_bx         0x0000000008007c18        0x0 linker stubs

.iplt           0x0000000008007c18        0x0
 .iplt          0x0000000008007c18        0x0 c:/st/stm32cubeide_1.3.0/stm32cubeide/plugins/com.st.stm32cube.ide.mcu.externaltools.gnu-tools-for-stm32.7-2018-q2-update.win32_1.0.0.201904181610/tools/bin/../lib/gcc/arm-none-eabi/7.3.1/thumb/v7e-m/fpv4-sp/hard/crtbegin.o

.rodata         0x0000000008007c18       0xb8
                0x0000000008007c18                . = ALIGN (0x4)
 *(.rodata)
 .rodata        0x0000000008007c18       0x63 Core/Src/lcd.o
 *fill*         0x0000000008007c7b        0x1 
 .rodata        0x0000000008007c7c       0x1c Core/Src/uart.o
 *(.rodata*)
 .rodata.AHBPrescTable
                0x0000000008007c98       0x10 Core/Src/system_stm32f3xx.o
                0x0000000008007c98                AHBPrescTable
 .rodata.APBPrescTable
                0x0000000008007ca8        0x8 Core/Src/system_stm32f3xx.o
                0x0000000008007ca8                APBPrescTable
 .rodata.aPLLMULFactorTable
                0x0000000008007cb0       0x10 Drivers/STM32F3xx_HAL_Driver/Src/stm32f3xx_hal_rcc.o
                0x0000000008007cb0                aPLLMULFactorTable
 .rodata.aPredivFactorTable
                0x0000000008007cc0       0x10 Drivers/STM32F3xx_HAL_Driver/Src/stm32f3xx_hal_rcc.o
                0x0000000008007cc0                aPredivFactorTable
                0x0000000008007cd0                . = ALIGN (0x4)

.rel.dyn        0x0000000008007cd0        0x0
 .rel.iplt      0x0000000008007cd0        0x0 c:/st/stm32cubeide_1.3.0/stm32cubeide/plugins/com.st.stm32cube.ide.mcu.externaltools.gnu-tools-for-stm32.7-2018-q2-update.win32_1.0.0.201904181610/tools/bin/../lib/gcc/arm-none-eabi/7.3.1/thumb/v7e-m/fpv4-sp/hard/crtbegin.o

.ARM.extab      0x0000000008007cd0        0x0
                0x0000000008007cd0                . = ALIGN (0x4)
 *(.ARM.extab* .gnu.linkonce.armextab.*)
                0x0000000008007cd0                . = ALIGN (0x4)

.ARM            0x0000000008007cd0        0x0
                0x0000000008007cd0                . = ALIGN (0x4)
                0x0000000008007cd0                __exidx_start = .
 *(.ARM.exidx*)
                0x0000000008007cd0                __exidx_end = .
                0x0000000008007cd0                . = ALIGN (0x4)

.preinit_array  0x0000000008007cd0        0x0
                0x0000000008007cd0                . = ALIGN (0x4)
                0x0000000008007cd0                PROVIDE (__preinit_array_start = .)
 *(.preinit_array*)
                0x0000000008007cd0                PROVIDE (__preinit_array_end = .)
                0x0000000008007cd0                . = ALIGN (0x4)

.init_array     0x0000000008007cd0        0x4
                0x0000000008007cd0                . = ALIGN (0x4)
                0x0000000008007cd0                PROVIDE (__init_array_start = .)
 *(SORT_BY_NAME(.init_array.*))
 *(.init_array*)
 .init_array    0x0000000008007cd0        0x4 c:/st/stm32cubeide_1.3.0/stm32cubeide/plugins/com.st.stm32cube.ide.mcu.externaltools.gnu-tools-for-stm32.7-2018-q2-update.win32_1.0.0.201904181610/tools/bin/../lib/gcc/arm-none-eabi/7.3.1/thumb/v7e-m/fpv4-sp/hard/crtbegin.o
                0x0000000008007cd4                PROVIDE (__init_array_end = .)
                0x0000000008007cd4                . = ALIGN (0x4)

.fini_array     0x0000000008007cd4        0x4
                0x0000000008007cd4                . = ALIGN (0x4)
                [!provide]                        PROVIDE (__fini_array_start = .)
 *(SORT_BY_NAME(.fini_array.*))
 *(.fini_array*)
 .fini_array    0x0000000008007cd4        0x4 c:/st/stm32cubeide_1.3.0/stm32cubeide/plugins/com.st.stm32cube.ide.mcu.externaltools.gnu-tools-for-stm32.7-2018-q2-update.win32_1.0.0.201904181610/tools/bin/../lib/gcc/arm-none-eabi/7.3.1/thumb/v7e-m/fpv4-sp/hard/crtbegin.o
                [!provide]                        PROVIDE (__fini_array_end = .)
                0x0000000008007cd8                . = ALIGN (0x4)
                0x0000000008007cd8                _sidata = LOADADDR (.data)

.data           0x0000000020000000       0x1c load address 0x0000000008007cd8
                0x0000000020000000                . = ALIGN (0x4)
                0x0000000020000000                _sdata = .
 *(.data)
 *(.data*)
 .data.std_num  0x0000000020000000        0xd Core/Src/main.o
                0x0000000020000000                std_num
 *fill*         0x000000002000000d        0x3 
 .data.SystemCoreClock
                0x0000000020000010        0x4 Core/Src/system_stm32f3xx.o
                0x0000000020000010                SystemCoreClock
 .data.uwTickPrio
                0x0000000020000014        0x4 Drivers/STM32F3xx_HAL_Driver/Src/stm32f3xx_hal.o
                0x0000000020000014                uwTickPrio
 .data.uwTickFreq
                0x0000000020000018        0x1 Drivers/STM32F3xx_HAL_Driver/Src/stm32f3xx_hal.o
                0x0000000020000018                uwTickFreq
                0x000000002000001c                . = ALIGN (0x4)
 *fill*         0x0000000020000019        0x3 
                0x000000002000001c                _edata = .

.igot.plt       0x000000002000001c        0x0 load address 0x0000000008007cf4
 .igot.plt      0x000000002000001c        0x0 c:/st/stm32cubeide_1.3.0/stm32cubeide/plugins/com.st.stm32cube.ide.mcu.externaltools.gnu-tools-for-stm32.7-2018-q2-update.win32_1.0.0.201904181610/tools/bin/../lib/gcc/arm-none-eabi/7.3.1/thumb/v7e-m/fpv4-sp/hard/crtbegin.o
                0x000000002000001c                . = ALIGN (0x4)

.bss            0x000000002000001c      0xc30 load address 0x0000000008007cf4
                0x000000002000001c                _sbss = .
                0x000000002000001c                __bss_start__ = _sbss
 *(.bss)
 .bss           0x000000002000001c       0x1c c:/st/stm32cubeide_1.3.0/stm32cubeide/plugins/com.st.stm32cube.ide.mcu.externaltools.gnu-tools-for-stm32.7-2018-q2-update.win32_1.0.0.201904181610/tools/bin/../lib/gcc/arm-none-eabi/7.3.1/thumb/v7e-m/fpv4-sp/hard/crtbegin.o
 *(.bss*)
 .bss.adc_count
                0x0000000020000038        0x2 Core/Src/adc.o
                0x0000000020000038                adc_count
 .bss.btn_mid_flag
                0x000000002000003a        0x1 Core/Src/main.o
                0x000000002000003a                btn_mid_flag
 .bss.btn_right_flag
                0x000000002000003b        0x1 Core/Src/main.o
                0x000000002000003b                btn_right_flag
 .bss.btn_up_flag
                0x000000002000003c        0x1 Core/Src/main.o
                0x000000002000003c                btn_up_flag
 .bss.btn_left_flag
                0x000000002000003d        0x1 Core/Src/main.o
                0x000000002000003d                btn_left_flag
 .bss.btn_down_flag
                0x000000002000003e        0x1 Core/Src/main.o
                0x000000002000003e                btn_down_flag
 .bss.adc_timer_flag
                0x000000002000003f        0x1 Core/Src/main.o
                0x000000002000003f                adc_timer_flag
 .bss.last_ticks
                0x0000000020000040        0x4 Core/Src/main.o
                0x0000000020000040                last_ticks
 .bss.message_received
                0x0000000020000044        0x1 Core/Src/main.o
                0x0000000020000044                message_received
 .bss.us_10     0x0000000020000045        0x1 Core/Src/main.o
                0x0000000020000045                us_10
 *fill*         0x0000000020000046        0x2 
 .bss.rx_bytes  0x0000000020000048        0xa Core/Src/uart.o
                0x0000000020000048                rx_bytes
 .bss.rx_bytes_counter
                0x0000000020000052        0x1 Core/Src/uart.o
                0x0000000020000052                rx_bytes_counter
 *(COMMON)
 *fill*         0x0000000020000053        0x1 
 COMMON         0x0000000020000054      0x7de Core/Src/adc.o
                0x0000000020000054                adc_array
                0x0000000020000824                raw
                0x0000000020000826                millivolts
                0x0000000020000828                MeasurementState
 *fill*         0x0000000020000832        0x2 
 COMMON         0x0000000020000834      0x1a4 Core/Src/dac.o
                0x0000000020000834                OutputState
 COMMON         0x00000000200009d8        0xa Core/Src/lcd.o
                0x00000000200009d8                DisplayState
 *fill*         0x00000000200009e2        0x2 
 COMMON         0x00000000200009e4      0x25c Core/Src/main.o
                0x00000000200009e4                hdac1
                0x00000000200009f8                htim15
                0x0000000020000a44                htim17
                0x0000000020000a90                hdma_dac1_ch1
                0x0000000020000ad4                hadc1
                0x0000000020000b24                htim2
                0x0000000020000b70                huart2
                0x0000000020000bf4                htim16
 COMMON         0x0000000020000c40        0x5 Core/Src/uart.o
                0x0000000020000c40                rx_stored
                0x0000000020000c44                rx_byte
 *fill*         0x0000000020000c45        0x3 
 COMMON         0x0000000020000c48        0x4 Drivers/STM32F3xx_HAL_Driver/Src/stm32f3xx_hal.o
                0x0000000020000c48                uwTick
                0x0000000020000c4c                . = ALIGN (0x4)
                0x0000000020000c4c                _ebss = .
                0x0000000020000c4c                __bss_end__ = _ebss

._user_heap_stack
                0x0000000020000c4c      0x604 load address 0x0000000008007cf4
                0x0000000020000c50                . = ALIGN (0x8)
 *fill*         0x0000000020000c4c        0x4 
                0x0000000020000c50                PROVIDE (end = .)
                [!provide]                        PROVIDE (_end = .)
                0x0000000020000e50                . = (. + _Min_Heap_Size)
 *fill*         0x0000000020000c50      0x200 
                0x0000000020001250                . = (. + _Min_Stack_Size)
 *fill*         0x0000000020000e50      0x400 
                0x0000000020001250                . = ALIGN (0x8)

/DISCARD/
 libc.a(*)
 libm.a(*)
 libgcc.a(*)

.ARM.attributes
                0x0000000000000000       0x30
 *(.ARM.attributes)
 .ARM.attributes
                0x0000000000000000       0x22 c:/st/stm32cubeide_1.3.0/stm32cubeide/plugins/com.st.stm32cube.ide.mcu.externaltools.gnu-tools-for-stm32.7-2018-q2-update.win32_1.0.0.201904181610/tools/bin/../lib/gcc/arm-none-eabi/7.3.1/thumb/v7e-m/fpv4-sp/hard/crti.o
 .ARM.attributes
                0x0000000000000022       0x34 c:/st/stm32cubeide_1.3.0/stm32cubeide/plugins/com.st.stm32cube.ide.mcu.externaltools.gnu-tools-for-stm32.7-2018-q2-update.win32_1.0.0.201904181610/tools/bin/../lib/gcc/arm-none-eabi/7.3.1/thumb/v7e-m/fpv4-sp/hard/crtbegin.o
 .ARM.attributes
                0x0000000000000056       0x39 Core/Src/adc.o
 .ARM.attributes
                0x000000000000008f       0x39 Core/Src/dac.o
 .ARM.attributes
                0x00000000000000c8       0x39 Core/Src/lcd.o
 .ARM.attributes
                0x0000000000000101       0x39 Core/Src/main.o
 .ARM.attributes
                0x000000000000013a       0x39 Core/Src/stm32f3xx_hal_msp.o
 .ARM.attributes
                0x0000000000000173       0x39 Core/Src/stm32f3xx_it.o
 .ARM.attributes
                0x00000000000001ac       0x39 Core/Src/system_stm32f3xx.o
 .ARM.attributes
                0x00000000000001e5       0x39 Core/Src/uart.o
 .ARM.attributes
                0x000000000000021e       0x21 Core/Startup/startup_stm32f303retx.o
 .ARM.attributes
                0x000000000000023f       0x39 Drivers/STM32F3xx_HAL_Driver/Src/stm32f3xx_hal.o
 .ARM.attributes
                0x0000000000000278       0x39 Drivers/STM32F3xx_HAL_Driver/Src/stm32f3xx_hal_adc_ex.o
 .ARM.attributes
                0x00000000000002b1       0x39 Drivers/STM32F3xx_HAL_Driver/Src/stm32f3xx_hal_cortex.o
 .ARM.attributes
                0x00000000000002ea       0x39 Drivers/STM32F3xx_HAL_Driver/Src/stm32f3xx_hal_dac.o
 .ARM.attributes
                0x0000000000000323       0x39 Drivers/STM32F3xx_HAL_Driver/Src/stm32f3xx_hal_dac_ex.o
 .ARM.attributes
                0x000000000000035c       0x39 Drivers/STM32F3xx_HAL_Driver/Src/stm32f3xx_hal_dma.o
 .ARM.attributes
                0x0000000000000395       0x39 Drivers/STM32F3xx_HAL_Driver/Src/stm32f3xx_hal_gpio.o
 .ARM.attributes
                0x00000000000003ce       0x39 Drivers/STM32F3xx_HAL_Driver/Src/stm32f3xx_hal_rcc.o
 .ARM.attributes
                0x0000000000000407       0x39 Drivers/STM32F3xx_HAL_Driver/Src/stm32f3xx_hal_rcc_ex.o
 .ARM.attributes
                0x0000000000000440       0x39 Drivers/STM32F3xx_HAL_Driver/Src/stm32f3xx_hal_tim.o
 .ARM.attributes
                0x0000000000000479       0x39 Drivers/STM32F3xx_HAL_Driver/Src/stm32f3xx_hal_tim_ex.o
 .ARM.attributes
                0x00000000000004b2       0x39 Drivers/STM32F3xx_HAL_Driver/Src/stm32f3xx_hal_uart.o
 .ARM.attributes
                0x00000000000004eb       0x39 Drivers/STM32F3xx_HAL_Driver/Src/stm32f3xx_hal_uart_ex.o
 .ARM.attributes
                0x0000000000000524       0x34 c:/st/stm32cubeide_1.3.0/stm32cubeide/plugins/com.st.stm32cube.ide.mcu.externaltools.gnu-tools-for-stm32.7-2018-q2-update.win32_1.0.0.201904181610/tools/bin/../lib/gcc/arm-none-eabi/7.3.1/../../../../arm-none-eabi/lib/thumb/v7e-m/fpv4-sp/hard\libc_nano.a(lib_a-init.o)
 .ARM.attributes
                0x0000000000000558       0x34 c:/st/stm32cubeide_1.3.0/stm32cubeide/plugins/com.st.stm32cube.ide.mcu.externaltools.gnu-tools-for-stm32.7-2018-q2-update.win32_1.0.0.201904181610/tools/bin/../lib/gcc/arm-none-eabi/7.3.1/../../../../arm-none-eabi/lib/thumb/v7e-m/fpv4-sp/hard\libc_nano.a(lib_a-memset.o)
 .ARM.attributes
                0x000000000000058c       0x22 c:/st/stm32cubeide_1.3.0/stm32cubeide/plugins/com.st.stm32cube.ide.mcu.externaltools.gnu-tools-for-stm32.7-2018-q2-update.win32_1.0.0.201904181610/tools/bin/../lib/gcc/arm-none-eabi/7.3.1/thumb/v7e-m/fpv4-sp/hard/crtn.o
OUTPUT(eDesignMultimeter2022.elf elf32-littlearm)

.debug_info     0x0000000000000000    0x176ed
 .debug_info    0x0000000000000000      0xa2d Core/Src/adc.o
 .debug_info    0x0000000000000a2d     0x15f4 Core/Src/dac.o
 .debug_info    0x0000000000002021     0x107c Core/Src/lcd.o
 .debug_info    0x000000000000309d     0x1cc4 Core/Src/main.o
 .debug_info    0x0000000000004d61     0x167c Core/Src/stm32f3xx_hal_msp.o
 .debug_info    0x00000000000063dd      0xb5a Core/Src/stm32f3xx_it.o
 .debug_info    0x0000000000006f37      0x45c Core/Src/system_stm32f3xx.o
 .debug_info    0x0000000000007393      0xb2e Core/Src/uart.o
 .debug_info    0x0000000000007ec1       0x22 Core/Startup/startup_stm32f303retx.o
 .debug_info    0x0000000000007ee3      0x812 Drivers/STM32F3xx_HAL_Driver/Src/stm32f3xx_hal.o
 .debug_info    0x00000000000086f5     0x1571 Drivers/STM32F3xx_HAL_Driver/Src/stm32f3xx_hal_adc_ex.o
 .debug_info    0x0000000000009c66      0xdc9 Drivers/STM32F3xx_HAL_Driver/Src/stm32f3xx_hal_cortex.o
 .debug_info    0x000000000000aa2f      0x8fb Drivers/STM32F3xx_HAL_Driver/Src/stm32f3xx_hal_dac.o
 .debug_info    0x000000000000b32a      0xa45 Drivers/STM32F3xx_HAL_Driver/Src/stm32f3xx_hal_dac_ex.o
 .debug_info    0x000000000000bd6f      0x7cb Drivers/STM32F3xx_HAL_Driver/Src/stm32f3xx_hal_dma.o
 .debug_info    0x000000000000c53a      0x7c1 Drivers/STM32F3xx_HAL_Driver/Src/stm32f3xx_hal_gpio.o
 .debug_info    0x000000000000ccfb     0x181f Drivers/STM32F3xx_HAL_Driver/Src/stm32f3xx_hal_rcc.o
 .debug_info    0x000000000000e51a      0x708 Drivers/STM32F3xx_HAL_Driver/Src/stm32f3xx_hal_rcc_ex.o
 .debug_info    0x000000000000ec22     0x2a7a Drivers/STM32F3xx_HAL_Driver/Src/stm32f3xx_hal_tim.o
 .debug_info    0x000000000001169c     0x1500 Drivers/STM32F3xx_HAL_Driver/Src/stm32f3xx_hal_tim_ex.o
 .debug_info    0x0000000000012b9c     0x3eee Drivers/STM32F3xx_HAL_Driver/Src/stm32f3xx_hal_uart.o
 .debug_info    0x0000000000016a8a      0xc63 Drivers/STM32F3xx_HAL_Driver/Src/stm32f3xx_hal_uart_ex.o

.debug_abbrev   0x0000000000000000     0x2c27
 .debug_abbrev  0x0000000000000000      0x1c4 Core/Src/adc.o
 .debug_abbrev  0x00000000000001c4      0x272 Core/Src/dac.o
 .debug_abbrev  0x0000000000000436      0x246 Core/Src/lcd.o
 .debug_abbrev  0x000000000000067c      0x28b Core/Src/main.o
 .debug_abbrev  0x0000000000000907      0x1de Core/Src/stm32f3xx_hal_msp.o
 .debug_abbrev  0x0000000000000ae5      0x172 Core/Src/stm32f3xx_it.o
 .debug_abbrev  0x0000000000000c57      0x12b Core/Src/system_stm32f3xx.o
 .debug_abbrev  0x0000000000000d82      0x229 Core/Src/uart.o
 .debug_abbrev  0x0000000000000fab       0x12 Core/Startup/startup_stm32f303retx.o
 .debug_abbrev  0x0000000000000fbd      0x1c7 Drivers/STM32F3xx_HAL_Driver/Src/stm32f3xx_hal.o
 .debug_abbrev  0x0000000000001184      0x225 Drivers/STM32F3xx_HAL_Driver/Src/stm32f3xx_hal_adc_ex.o
 .debug_abbrev  0x00000000000013a9      0x2fa Drivers/STM32F3xx_HAL_Driver/Src/stm32f3xx_hal_cortex.o
 .debug_abbrev  0x00000000000016a3      0x1a3 Drivers/STM32F3xx_HAL_Driver/Src/stm32f3xx_hal_dac.o
 .debug_abbrev  0x0000000000001846      0x22d Drivers/STM32F3xx_HAL_Driver/Src/stm32f3xx_hal_dac_ex.o
 .debug_abbrev  0x0000000000001a73      0x1fe Drivers/STM32F3xx_HAL_Driver/Src/stm32f3xx_hal_dma.o
 .debug_abbrev  0x0000000000001c71      0x1c0 Drivers/STM32F3xx_HAL_Driver/Src/stm32f3xx_hal_gpio.o
 .debug_abbrev  0x0000000000001e31      0x28c Drivers/STM32F3xx_HAL_Driver/Src/stm32f3xx_hal_rcc.o
 .debug_abbrev  0x00000000000020bd      0x219 Drivers/STM32F3xx_HAL_Driver/Src/stm32f3xx_hal_rcc_ex.o
 .debug_abbrev  0x00000000000022d6      0x230 Drivers/STM32F3xx_HAL_Driver/Src/stm32f3xx_hal_tim.o
 .debug_abbrev  0x0000000000002506      0x236 Drivers/STM32F3xx_HAL_Driver/Src/stm32f3xx_hal_tim_ex.o
 .debug_abbrev  0x000000000000273c      0x27f Drivers/STM32F3xx_HAL_Driver/Src/stm32f3xx_hal_uart.o
 .debug_abbrev  0x00000000000029bb      0x26c Drivers/STM32F3xx_HAL_Driver/Src/stm32f3xx_hal_uart_ex.o

.debug_aranges  0x0000000000000000     0x1190
 .debug_aranges
                0x0000000000000000       0x20 Core/Src/adc.o
 .debug_aranges
                0x0000000000000020       0x40 Core/Src/dac.o
 .debug_aranges
                0x0000000000000060       0xa8 Core/Src/lcd.o
 .debug_aranges
                0x0000000000000108       0x98 Core/Src/main.o
 .debug_aranges
                0x00000000000001a0       0x60 Core/Src/stm32f3xx_hal_msp.o
 .debug_aranges
                0x0000000000000200       0xa0 Core/Src/stm32f3xx_it.o
 .debug_aranges
                0x00000000000002a0       0x28 Core/Src/system_stm32f3xx.o
 .debug_aranges
                0x00000000000002c8       0x58 Core/Src/uart.o
 .debug_aranges
                0x0000000000000320       0x28 Core/Startup/startup_stm32f303retx.o
 .debug_aranges
                0x0000000000000348       0xe0 Drivers/STM32F3xx_HAL_Driver/Src/stm32f3xx_hal.o
 .debug_aranges
                0x0000000000000428      0x168 Drivers/STM32F3xx_HAL_Driver/Src/stm32f3xx_hal_adc_ex.o
 .debug_aranges
                0x0000000000000590      0x118 Drivers/STM32F3xx_HAL_Driver/Src/stm32f3xx_hal_cortex.o
 .debug_aranges
                0x00000000000006a8       0xa8 Drivers/STM32F3xx_HAL_Driver/Src/stm32f3xx_hal_dac.o
 .debug_aranges
                0x0000000000000750       0xb8 Drivers/STM32F3xx_HAL_Driver/Src/stm32f3xx_hal_dac_ex.o
 .debug_aranges
                0x0000000000000808       0x88 Drivers/STM32F3xx_HAL_Driver/Src/stm32f3xx_hal_dma.o
 .debug_aranges
                0x0000000000000890       0x58 Drivers/STM32F3xx_HAL_Driver/Src/stm32f3xx_hal_gpio.o
 .debug_aranges
                0x00000000000008e8       0x88 Drivers/STM32F3xx_HAL_Driver/Src/stm32f3xx_hal_rcc.o
 .debug_aranges
                0x0000000000000970       0x38 Drivers/STM32F3xx_HAL_Driver/Src/stm32f3xx_hal_rcc_ex.o
 .debug_aranges
                0x00000000000009a8      0x3e0 Drivers/STM32F3xx_HAL_Driver/Src/stm32f3xx_hal_tim.o
 .debug_aranges
                0x0000000000000d88      0x178 Drivers/STM32F3xx_HAL_Driver/Src/stm32f3xx_hal_tim_ex.o
 .debug_aranges
                0x0000000000000f00      0x228 Drivers/STM32F3xx_HAL_Driver/Src/stm32f3xx_hal_uart.o
 .debug_aranges
                0x0000000000001128       0x68 Drivers/STM32F3xx_HAL_Driver/Src/stm32f3xx_hal_uart_ex.o

.debug_ranges   0x0000000000000000     0x1068
 .debug_ranges  0x0000000000000000       0x10 Core/Src/adc.o
 .debug_ranges  0x0000000000000010       0x30 Core/Src/dac.o
 .debug_ranges  0x0000000000000040       0x98 Core/Src/lcd.o
 .debug_ranges  0x00000000000000d8       0x88 Core/Src/main.o
 .debug_ranges  0x0000000000000160       0x50 Core/Src/stm32f3xx_hal_msp.o
 .debug_ranges  0x00000000000001b0       0x90 Core/Src/stm32f3xx_it.o
 .debug_ranges  0x0000000000000240       0x18 Core/Src/system_stm32f3xx.o
 .debug_ranges  0x0000000000000258       0x48 Core/Src/uart.o
 .debug_ranges  0x00000000000002a0       0x20 Core/Startup/startup_stm32f303retx.o
 .debug_ranges  0x00000000000002c0       0xd0 Drivers/STM32F3xx_HAL_Driver/Src/stm32f3xx_hal.o
 .debug_ranges  0x0000000000000390      0x158 Drivers/STM32F3xx_HAL_Driver/Src/stm32f3xx_hal_adc_ex.o
 .debug_ranges  0x00000000000004e8      0x108 Drivers/STM32F3xx_HAL_Driver/Src/stm32f3xx_hal_cortex.o
 .debug_ranges  0x00000000000005f0       0x98 Drivers/STM32F3xx_HAL_Driver/Src/stm32f3xx_hal_dac.o
 .debug_ranges  0x0000000000000688       0xa8 Drivers/STM32F3xx_HAL_Driver/Src/stm32f3xx_hal_dac_ex.o
 .debug_ranges  0x0000000000000730       0x78 Drivers/STM32F3xx_HAL_Driver/Src/stm32f3xx_hal_dma.o
 .debug_ranges  0x00000000000007a8       0x48 Drivers/STM32F3xx_HAL_Driver/Src/stm32f3xx_hal_gpio.o
 .debug_ranges  0x00000000000007f0       0x78 Drivers/STM32F3xx_HAL_Driver/Src/stm32f3xx_hal_rcc.o
 .debug_ranges  0x0000000000000868       0x28 Drivers/STM32F3xx_HAL_Driver/Src/stm32f3xx_hal_rcc_ex.o
 .debug_ranges  0x0000000000000890      0x3d0 Drivers/STM32F3xx_HAL_Driver/Src/stm32f3xx_hal_tim.o
 .debug_ranges  0x0000000000000c60      0x168 Drivers/STM32F3xx_HAL_Driver/Src/stm32f3xx_hal_tim_ex.o
 .debug_ranges  0x0000000000000dc8      0x248 Drivers/STM32F3xx_HAL_Driver/Src/stm32f3xx_hal_uart.o
 .debug_ranges  0x0000000000001010       0x58 Drivers/STM32F3xx_HAL_Driver/Src/stm32f3xx_hal_uart_ex.o

.debug_macro    0x0000000000000000    0x227fb
 .debug_macro   0x0000000000000000      0x230 Core/Src/adc.o
 .debug_macro   0x0000000000000230      0xa5a Core/Src/adc.o
 .debug_macro   0x0000000000000c8a      0x163 Core/Src/adc.o
 .debug_macro   0x0000000000000ded       0x2e Core/Src/adc.o
 .debug_macro   0x0000000000000e1b       0x28 Core/Src/adc.o
 .debug_macro   0x0000000000000e43       0x22 Core/Src/adc.o
 .debug_macro   0x0000000000000e65       0x8e Core/Src/adc.o
 .debug_macro   0x0000000000000ef3       0x51 Core/Src/adc.o
 .debug_macro   0x0000000000000f44       0xef Core/Src/adc.o
 .debug_macro   0x0000000000001033       0x6a Core/Src/adc.o
 .debug_macro   0x000000000000109d      0x1df Core/Src/adc.o
 .debug_macro   0x000000000000127c       0x1c Core/Src/adc.o
 .debug_macro   0x0000000000001298       0x22 Core/Src/adc.o
 .debug_macro   0x00000000000012ba       0xdf Core/Src/adc.o
 .debug_macro   0x0000000000001399     0x102d Core/Src/adc.o
 .debug_macro   0x00000000000023c6      0x11f Core/Src/adc.o
 .debug_macro   0x00000000000024e5    0x1535a Core/Src/adc.o
 .debug_macro   0x000000000001783f       0x6d Core/Src/adc.o
 .debug_macro   0x00000000000178ac     0x3540 Core/Src/adc.o
 .debug_macro   0x000000000001adec      0x174 Core/Src/adc.o
 .debug_macro   0x000000000001af60       0x55 Core/Src/adc.o
 .debug_macro   0x000000000001afb5      0x954 Core/Src/adc.o
 .debug_macro   0x000000000001b909      0x84a Core/Src/adc.o
 .debug_macro   0x000000000001c153      0x1b6 Core/Src/adc.o
 .debug_macro   0x000000000001c309      0x23a Core/Src/adc.o
 .debug_macro   0x000000000001c543      0x1ea Core/Src/adc.o
 .debug_macro   0x000000000001c72d      0x1bc Core/Src/adc.o
 .debug_macro   0x000000000001c8e9       0x30 Core/Src/adc.o
 .debug_macro   0x000000000001c919       0x3c Core/Src/adc.o
 .debug_macro   0x000000000001c955      0x236 Core/Src/adc.o
 .debug_macro   0x000000000001cb8b      0x9fe Core/Src/adc.o
 .debug_macro   0x000000000001d589       0x77 Core/Src/adc.o
 .debug_macro   0x000000000001d600      0x176 Core/Src/adc.o
 .debug_macro   0x000000000001d776       0x61 Core/Src/adc.o
 .debug_macro   0x000000000001d7d7       0xc5 Core/Src/adc.o
 .debug_macro   0x000000000001d89c      0x21d Core/Src/adc.o
 .debug_macro   0x000000000001dab9      0x22c Core/Src/adc.o
 .debug_macro   0x000000000001dce5       0x5b Core/Src/adc.o
 .debug_macro   0x000000000001dd40       0xa5 Core/Src/adc.o
 .debug_macro   0x000000000001dde5       0x81 Core/Src/adc.o
 .debug_macro   0x000000000001de66       0xd3 Core/Src/adc.o
 .debug_macro   0x000000000001df39      0xa3d Core/Src/adc.o
 .debug_macro   0x000000000001e976       0xbb Core/Src/adc.o
 .debug_macro   0x000000000001ea31      0x5a5 Core/Src/adc.o
 .debug_macro   0x000000000001efd6       0x44 Core/Src/adc.o
 .debug_macro   0x000000000001f01a      0x347 Core/Src/adc.o
 .debug_macro   0x000000000001f361      0x130 Core/Src/adc.o
 .debug_macro   0x000000000001f491       0x22 Core/Src/adc.o
 .debug_macro   0x000000000001f4b3      0x2ca Core/Src/dac.o
 .debug_macro   0x000000000001f77d       0x46 Core/Src/dac.o
 .debug_macro   0x000000000001f7c3       0x18 Core/Src/dac.o
 .debug_macro   0x000000000001f7db       0x3c Core/Src/dac.o
 .debug_macro   0x000000000001f817       0x34 Core/Src/dac.o
 .debug_macro   0x000000000001f84b       0x52 Core/Src/dac.o
 .debug_macro   0x000000000001f89d       0x1f Core/Src/dac.o
 .debug_macro   0x000000000001f8bc       0x43 Core/Src/dac.o
 .debug_macro   0x000000000001f8ff       0x20 Core/Src/dac.o
 .debug_macro   0x000000000001f91f      0x1a3 Core/Src/dac.o
 .debug_macro   0x000000000001fac2      0x32a Core/Src/dac.o
 .debug_macro   0x000000000001fdec      0x1e1 Core/Src/dac.o
 .debug_macro   0x000000000001ffcd      0x2a6 Core/Src/lcd.o
 .debug_macro   0x0000000000020273      0x244 Core/Src/main.o
 .debug_macro   0x00000000000204b7      0x213 Core/Src/stm32f3xx_hal_msp.o
 .debug_macro   0x00000000000206ca      0x21d Core/Src/stm32f3xx_it.o
 .debug_macro   0x00000000000208e7      0x204 Core/Src/system_stm32f3xx.o
 .debug_macro   0x0000000000020aeb      0x244 Core/Src/uart.o
 .debug_macro   0x0000000000020d2f      0x228 Drivers/STM32F3xx_HAL_Driver/Src/stm32f3xx_hal.o
 .debug_macro   0x0000000000020f57      0x22e Drivers/STM32F3xx_HAL_Driver/Src/stm32f3xx_hal_adc_ex.o
 .debug_macro   0x0000000000021185      0x204 Drivers/STM32F3xx_HAL_Driver/Src/stm32f3xx_hal_cortex.o
 .debug_macro   0x0000000000021389      0x205 Drivers/STM32F3xx_HAL_Driver/Src/stm32f3xx_hal_dac.o
 .debug_macro   0x000000000002158e      0x204 Drivers/STM32F3xx_HAL_Driver/Src/stm32f3xx_hal_dac_ex.o
 .debug_macro   0x0000000000021792      0x204 Drivers/STM32F3xx_HAL_Driver/Src/stm32f3xx_hal_dma.o
 .debug_macro   0x0000000000021996      0x20b Drivers/STM32F3xx_HAL_Driver/Src/stm32f3xx_hal_gpio.o
 .debug_macro   0x0000000000021ba1      0x228 Drivers/STM32F3xx_HAL_Driver/Src/stm32f3xx_hal_rcc.o
 .debug_macro   0x0000000000021dc9      0x204 Drivers/STM32F3xx_HAL_Driver/Src/stm32f3xx_hal_rcc_ex.o
 .debug_macro   0x0000000000021fcd      0x205 Drivers/STM32F3xx_HAL_Driver/Src/stm32f3xx_hal_tim.o
 .debug_macro   0x00000000000221d2      0x204 Drivers/STM32F3xx_HAL_Driver/Src/stm32f3xx_hal_tim_ex.o
 .debug_macro   0x00000000000223d6      0x221 Drivers/STM32F3xx_HAL_Driver/Src/stm32f3xx_hal_uart.o
 .debug_macro   0x00000000000225f7      0x204 Drivers/STM32F3xx_HAL_Driver/Src/stm32f3xx_hal_uart_ex.o

.debug_line     0x0000000000000000    0x11c31
 .debug_line    0x0000000000000000      0x7a8 Core/Src/adc.o
 .debug_line    0x00000000000007a8      0x8e5 Core/Src/dac.o
 .debug_line    0x000000000000108d      0xa27 Core/Src/lcd.o
 .debug_line    0x0000000000001ab4      0x9cb Core/Src/main.o
 .debug_line    0x000000000000247f      0x844 Core/Src/stm32f3xx_hal_msp.o
 .debug_line    0x0000000000002cc3      0x886 Core/Src/stm32f3xx_it.o
 .debug_line    0x0000000000003549      0x76d Core/Src/system_stm32f3xx.o
 .debug_line    0x0000000000003cb6      0x8ae Core/Src/uart.o
 .debug_line    0x0000000000004564       0x88 Core/Startup/startup_stm32f303retx.o
 .debug_line    0x00000000000045ec      0x929 Drivers/STM32F3xx_HAL_Driver/Src/stm32f3xx_hal.o
 .debug_line    0x0000000000004f15     0x1a9d Drivers/STM32F3xx_HAL_Driver/Src/stm32f3xx_hal_adc_ex.o
 .debug_line    0x00000000000069b2      0xa5e Drivers/STM32F3xx_HAL_Driver/Src/stm32f3xx_hal_cortex.o
 .debug_line    0x0000000000007410      0x8af Drivers/STM32F3xx_HAL_Driver/Src/stm32f3xx_hal_dac.o
 .debug_line    0x0000000000007cbf      0x9cb Drivers/STM32F3xx_HAL_Driver/Src/stm32f3xx_hal_dac_ex.o
 .debug_line    0x000000000000868a      0x968 Drivers/STM32F3xx_HAL_Driver/Src/stm32f3xx_hal_dma.o
 .debug_line    0x0000000000008ff2      0x8f3 Drivers/STM32F3xx_HAL_Driver/Src/stm32f3xx_hal_gpio.o
 .debug_line    0x00000000000098e5      0xea4 Drivers/STM32F3xx_HAL_Driver/Src/stm32f3xx_hal_rcc.o
 .debug_line    0x000000000000a789      0xacc Drivers/STM32F3xx_HAL_Driver/Src/stm32f3xx_hal_rcc_ex.o
 .debug_line    0x000000000000b255     0x2863 Drivers/STM32F3xx_HAL_Driver/Src/stm32f3xx_hal_tim.o
 .debug_line    0x000000000000dab8     0x138c Drivers/STM32F3xx_HAL_Driver/Src/stm32f3xx_hal_tim_ex.o
 .debug_line    0x000000000000ee44     0x23b2 Drivers/STM32F3xx_HAL_Driver/Src/stm32f3xx_hal_uart.o
 .debug_line    0x00000000000111f6      0xa3b Drivers/STM32F3xx_HAL_Driver/Src/stm32f3xx_hal_uart_ex.o

.debug_str      0x0000000000000000    0xd5176
 .debug_str     0x0000000000000000    0xccb65 Core/Src/adc.o
                                      0xcd2e5 (size before relaxing)
 .debug_str     0x00000000000ccb65     0x3d78 Core/Src/dac.o
                                      0xd0dd3 (size before relaxing)
 .debug_str     0x00000000000d08dd      0x3fc Core/Src/lcd.o
                                      0xcd9d9 (size before relaxing)
 .debug_str     0x00000000000d0cd9      0x9fa Core/Src/main.o
                                      0xce4e0 (size before relaxing)
 .debug_str     0x00000000000d16d3      0x122 Core/Src/stm32f3xx_hal_msp.o
                                      0xcdd6c (size before relaxing)
 .debug_str     0x00000000000d17f5      0x120 Core/Src/stm32f3xx_it.o
                                      0xcd4ec (size before relaxing)
 .debug_str     0x00000000000d1915       0xb3 Core/Src/system_stm32f3xx.o
                                      0xcc8a4 (size before relaxing)
 .debug_str     0x00000000000d19c8      0x137 Core/Src/uart.o
                                      0xcd3c0 (size before relaxing)
 .debug_str     0x00000000000d1aff       0x36 Core/Startup/startup_stm32f303retx.o
                                         0x6a (size before relaxing)
 .debug_str     0x00000000000d1b35      0x317 Drivers/STM32F3xx_HAL_Driver/Src/stm32f3xx_hal.o
                                      0xcd0ab (size before relaxing)
 .debug_str     0x00000000000d1e4c      0x81d Drivers/STM32F3xx_HAL_Driver/Src/stm32f3xx_hal_adc_ex.o
                                      0xcd4fc (size before relaxing)
 .debug_str     0x00000000000d2669      0x386 Drivers/STM32F3xx_HAL_Driver/Src/stm32f3xx_hal_cortex.o
                                      0xcd1b9 (size before relaxing)
 .debug_str     0x00000000000d29ef      0x17c Drivers/STM32F3xx_HAL_Driver/Src/stm32f3xx_hal_dac.o
                                      0xcccd8 (size before relaxing)
 .debug_str     0x00000000000d2b6b      0x19b Drivers/STM32F3xx_HAL_Driver/Src/stm32f3xx_hal_dac_ex.o
                                      0xccd6a (size before relaxing)
 .debug_str     0x00000000000d2d06      0x248 Drivers/STM32F3xx_HAL_Driver/Src/stm32f3xx_hal_dma.o
                                      0xccc1e (size before relaxing)
 .debug_str     0x00000000000d2f4e      0x12d Drivers/STM32F3xx_HAL_Driver/Src/stm32f3xx_hal_gpio.o
                                      0xccac7 (size before relaxing)
 .debug_str     0x00000000000d307b      0x2fc Drivers/STM32F3xx_HAL_Driver/Src/stm32f3xx_hal_rcc.o
                                      0xccd16 (size before relaxing)
 .debug_str     0x00000000000d3377       0xd8 Drivers/STM32F3xx_HAL_Driver/Src/stm32f3xx_hal_rcc_ex.o
                                      0xccb60 (size before relaxing)
 .debug_str     0x00000000000d344f      0xdd9 Drivers/STM32F3xx_HAL_Driver/Src/stm32f3xx_hal_tim.o
                                      0xcdc67 (size before relaxing)
 .debug_str     0x00000000000d4228      0x550 Drivers/STM32F3xx_HAL_Driver/Src/stm32f3xx_hal_tim_ex.o
                                      0xcd46b (size before relaxing)
 .debug_str     0x00000000000d4778      0x860 Drivers/STM32F3xx_HAL_Driver/Src/stm32f3xx_hal_uart.o
                                      0xcd522 (size before relaxing)
 .debug_str     0x00000000000d4fd8      0x19e Drivers/STM32F3xx_HAL_Driver/Src/stm32f3xx_hal_uart_ex.o
                                      0xcce0c (size before relaxing)

.comment        0x0000000000000000       0x7b
 .comment       0x0000000000000000       0x7b Core/Src/adc.o
                                         0x7c (size before relaxing)
 .comment       0x000000000000007b       0x7c Core/Src/dac.o
 .comment       0x000000000000007b       0x7c Core/Src/lcd.o
 .comment       0x000000000000007b       0x7c Core/Src/main.o
 .comment       0x000000000000007b       0x7c Core/Src/stm32f3xx_hal_msp.o
 .comment       0x000000000000007b       0x7c Core/Src/stm32f3xx_it.o
 .comment       0x000000000000007b       0x7c Core/Src/system_stm32f3xx.o
 .comment       0x000000000000007b       0x7c Core/Src/uart.o
 .comment       0x000000000000007b       0x7c Drivers/STM32F3xx_HAL_Driver/Src/stm32f3xx_hal.o
 .comment       0x000000000000007b       0x7c Drivers/STM32F3xx_HAL_Driver/Src/stm32f3xx_hal_adc_ex.o
 .comment       0x000000000000007b       0x7c Drivers/STM32F3xx_HAL_Driver/Src/stm32f3xx_hal_cortex.o
 .comment       0x000000000000007b       0x7c Drivers/STM32F3xx_HAL_Driver/Src/stm32f3xx_hal_dac.o
 .comment       0x000000000000007b       0x7c Drivers/STM32F3xx_HAL_Driver/Src/stm32f3xx_hal_dac_ex.o
 .comment       0x000000000000007b       0x7c Drivers/STM32F3xx_HAL_Driver/Src/stm32f3xx_hal_dma.o
 .comment       0x000000000000007b       0x7c Drivers/STM32F3xx_HAL_Driver/Src/stm32f3xx_hal_gpio.o
 .comment       0x000000000000007b       0x7c Drivers/STM32F3xx_HAL_Driver/Src/stm32f3xx_hal_rcc.o
 .comment       0x000000000000007b       0x7c Drivers/STM32F3xx_HAL_Driver/Src/stm32f3xx_hal_rcc_ex.o
 .comment       0x000000000000007b       0x7c Drivers/STM32F3xx_HAL_Driver/Src/stm32f3xx_hal_tim.o
 .comment       0x000000000000007b       0x7c Drivers/STM32F3xx_HAL_Driver/Src/stm32f3xx_hal_tim_ex.o
 .comment       0x000000000000007b       0x7c Drivers/STM32F3xx_HAL_Driver/Src/stm32f3xx_hal_uart.o
 .comment       0x000000000000007b       0x7c Drivers/STM32F3xx_HAL_Driver/Src/stm32f3xx_hal_uart_ex.o

.debug_frame    0x0000000000000000     0x48f4
 .debug_frame   0x0000000000000000       0x34 Core/Src/adc.o
 .debug_frame   0x0000000000000034       0xbc Core/Src/dac.o
 .debug_frame   0x00000000000000f0      0x270 Core/Src/lcd.o
 .debug_frame   0x0000000000000360      0x238 Core/Src/main.o
 .debug_frame   0x0000000000000598      0x154 Core/Src/stm32f3xx_hal_msp.o
 .debug_frame   0x00000000000006ec      0x1ec Core/Src/stm32f3xx_it.o
 .debug_frame   0x00000000000008d8       0x58 Core/Src/system_stm32f3xx.o
 .debug_frame   0x0000000000000930      0x130 Core/Src/uart.o
 .debug_frame   0x0000000000000a60      0x334 Drivers/STM32F3xx_HAL_Driver/Src/stm32f3xx_hal.o
 .debug_frame   0x0000000000000d94      0x644 Drivers/STM32F3xx_HAL_Driver/Src/stm32f3xx_hal_adc_ex.o
 .debug_frame   0x00000000000013d8      0x498 Drivers/STM32F3xx_HAL_Driver/Src/stm32f3xx_hal_cortex.o
 .debug_frame   0x0000000000001870      0x2d4 Drivers/STM32F3xx_HAL_Driver/Src/stm32f3xx_hal_dac.o
 .debug_frame   0x0000000000001b44      0x310 Drivers/STM32F3xx_HAL_Driver/Src/stm32f3xx_hal_dac_ex.o
 .debug_frame   0x0000000000001e54      0x224 Drivers/STM32F3xx_HAL_Driver/Src/stm32f3xx_hal_dma.o
 .debug_frame   0x0000000000002078      0x14c Drivers/STM32F3xx_HAL_Driver/Src/stm32f3xx_hal_gpio.o
 .debug_frame   0x00000000000021c4      0x214 Drivers/STM32F3xx_HAL_Driver/Src/stm32f3xx_hal_rcc.o
 .debug_frame   0x00000000000023d8       0xb4 Drivers/STM32F3xx_HAL_Driver/Src/stm32f3xx_hal_rcc_ex.o
 .debug_frame   0x000000000000248c     0x121c Drivers/STM32F3xx_HAL_Driver/Src/stm32f3xx_hal_tim.o
 .debug_frame   0x00000000000036a8      0x688 Drivers/STM32F3xx_HAL_Driver/Src/stm32f3xx_hal_tim_ex.o
 .debug_frame   0x0000000000003d30      0x9e8 Drivers/STM32F3xx_HAL_Driver/Src/stm32f3xx_hal_uart.o
 .debug_frame   0x0000000000004718      0x190 Drivers/STM32F3xx_HAL_Driver/Src/stm32f3xx_hal_uart_ex.o
 .debug_frame   0x00000000000048a8       0x2c c:/st/stm32cubeide_1.3.0/stm32cubeide/plugins/com.st.stm32cube.ide.mcu.externaltools.gnu-tools-for-stm32.7-2018-q2-update.win32_1.0.0.201904181610/tools/bin/../lib/gcc/arm-none-eabi/7.3.1/../../../../arm-none-eabi/lib/thumb/v7e-m/fpv4-sp/hard\libc_nano.a(lib_a-init.o)
 .debug_frame   0x00000000000048d4       0x20 c:/st/stm32cubeide_1.3.0/stm32cubeide/plugins/com.st.stm32cube.ide.mcu.externaltools.gnu-tools-for-stm32.7-2018-q2-update.win32_1.0.0.201904181610/tools/bin/../lib/gcc/arm-none-eabi/7.3.1/../../../../arm-none-eabi/lib/thumb/v7e-m/fpv4-sp/hard\libc_nano.a(lib_a-memset.o)
