Archive member included to satisfy reference by file (symbol)

c:/st/stm32cubeide_1.3.0/stm32cubeide/plugins/com.st.stm32cube.ide.mcu.externaltools.gnu-tools-for-stm32.7-2018-q2-update.win32_1.0.0.201904181610/tools/bin/../lib/gcc/arm-none-eabi/7.3.1/../../../../arm-none-eabi/lib/thumb/v7e-m/fpv4-sp/hard\libc_nano.a(lib_a-errno.o)
                              Core/Src/syscalls.o (__errno)
c:/st/stm32cubeide_1.3.0/stm32cubeide/plugins/com.st.stm32cube.ide.mcu.externaltools.gnu-tools-for-stm32.7-2018-q2-update.win32_1.0.0.201904181610/tools/bin/../lib/gcc/arm-none-eabi/7.3.1/../../../../arm-none-eabi/lib/thumb/v7e-m/fpv4-sp/hard\libc_nano.a(lib_a-exit.o)
                              c:/st/stm32cubeide_1.3.0/stm32cubeide/plugins/com.st.stm32cube.ide.mcu.externaltools.gnu-tools-for-stm32.7-2018-q2-update.win32_1.0.0.201904181610/tools/bin/../lib/gcc/arm-none-eabi/7.3.1/../../../../arm-none-eabi/lib/thumb/v7e-m/fpv4-sp/hard/crt0.o (exit)
c:/st/stm32cubeide_1.3.0/stm32cubeide/plugins/com.st.stm32cube.ide.mcu.externaltools.gnu-tools-for-stm32.7-2018-q2-update.win32_1.0.0.201904181610/tools/bin/../lib/gcc/arm-none-eabi/7.3.1/../../../../arm-none-eabi/lib/thumb/v7e-m/fpv4-sp/hard\libc_nano.a(lib_a-impure.o)
                              c:/st/stm32cubeide_1.3.0/stm32cubeide/plugins/com.st.stm32cube.ide.mcu.externaltools.gnu-tools-for-stm32.7-2018-q2-update.win32_1.0.0.201904181610/tools/bin/../lib/gcc/arm-none-eabi/7.3.1/../../../../arm-none-eabi/lib/thumb/v7e-m/fpv4-sp/hard\libc_nano.a(lib_a-exit.o) (_global_impure_ptr)
c:/st/stm32cubeide_1.3.0/stm32cubeide/plugins/com.st.stm32cube.ide.mcu.externaltools.gnu-tools-for-stm32.7-2018-q2-update.win32_1.0.0.201904181610/tools/bin/../lib/gcc/arm-none-eabi/7.3.1/../../../../arm-none-eabi/lib/thumb/v7e-m/fpv4-sp/hard\libc_nano.a(lib_a-init.o)
                              c:/st/stm32cubeide_1.3.0/stm32cubeide/plugins/com.st.stm32cube.ide.mcu.externaltools.gnu-tools-for-stm32.7-2018-q2-update.win32_1.0.0.201904181610/tools/bin/../lib/gcc/arm-none-eabi/7.3.1/../../../../arm-none-eabi/lib/thumb/v7e-m/fpv4-sp/hard/crt0.o (__libc_init_array)
c:/st/stm32cubeide_1.3.0/stm32cubeide/plugins/com.st.stm32cube.ide.mcu.externaltools.gnu-tools-for-stm32.7-2018-q2-update.win32_1.0.0.201904181610/tools/bin/../lib/gcc/arm-none-eabi/7.3.1/../../../../arm-none-eabi/lib/thumb/v7e-m/fpv4-sp/hard\libc_nano.a(lib_a-memset.o)
                              c:/st/stm32cubeide_1.3.0/stm32cubeide/plugins/com.st.stm32cube.ide.mcu.externaltools.gnu-tools-for-stm32.7-2018-q2-update.win32_1.0.0.201904181610/tools/bin/../lib/gcc/arm-none-eabi/7.3.1/../../../../arm-none-eabi/lib/thumb/v7e-m/fpv4-sp/hard/crt0.o (memset)
c:/st/stm32cubeide_1.3.0/stm32cubeide/plugins/com.st.stm32cube.ide.mcu.externaltools.gnu-tools-for-stm32.7-2018-q2-update.win32_1.0.0.201904181610/tools/bin/../lib/gcc/arm-none-eabi/7.3.1/../../../../arm-none-eabi/lib/thumb/v7e-m/fpv4-sp/hard\libm.a(lib_a-s_sin.o)
                              Core/Src/dac.o (sin)
c:/st/stm32cubeide_1.3.0/stm32cubeide/plugins/com.st.stm32cube.ide.mcu.externaltools.gnu-tools-for-stm32.7-2018-q2-update.win32_1.0.0.201904181610/tools/bin/../lib/gcc/arm-none-eabi/7.3.1/../../../../arm-none-eabi/lib/thumb/v7e-m/fpv4-sp/hard\libm.a(lib_a-e_rem_pio2.o)
                              c:/st/stm32cubeide_1.3.0/stm32cubeide/plugins/com.st.stm32cube.ide.mcu.externaltools.gnu-tools-for-stm32.7-2018-q2-update.win32_1.0.0.201904181610/tools/bin/../lib/gcc/arm-none-eabi/7.3.1/../../../../arm-none-eabi/lib/thumb/v7e-m/fpv4-sp/hard\libm.a(lib_a-s_sin.o) (__ieee754_rem_pio2)
c:/st/stm32cubeide_1.3.0/stm32cubeide/plugins/com.st.stm32cube.ide.mcu.externaltools.gnu-tools-for-stm32.7-2018-q2-update.win32_1.0.0.201904181610/tools/bin/../lib/gcc/arm-none-eabi/7.3.1/../../../../arm-none-eabi/lib/thumb/v7e-m/fpv4-sp/hard\libm.a(lib_a-k_cos.o)
                              c:/st/stm32cubeide_1.3.0/stm32cubeide/plugins/com.st.stm32cube.ide.mcu.externaltools.gnu-tools-for-stm32.7-2018-q2-update.win32_1.0.0.201904181610/tools/bin/../lib/gcc/arm-none-eabi/7.3.1/../../../../arm-none-eabi/lib/thumb/v7e-m/fpv4-sp/hard\libm.a(lib_a-s_sin.o) (__kernel_cos)
c:/st/stm32cubeide_1.3.0/stm32cubeide/plugins/com.st.stm32cube.ide.mcu.externaltools.gnu-tools-for-stm32.7-2018-q2-update.win32_1.0.0.201904181610/tools/bin/../lib/gcc/arm-none-eabi/7.3.1/../../../../arm-none-eabi/lib/thumb/v7e-m/fpv4-sp/hard\libm.a(lib_a-k_rem_pio2.o)
                              c:/st/stm32cubeide_1.3.0/stm32cubeide/plugins/com.st.stm32cube.ide.mcu.externaltools.gnu-tools-for-stm32.7-2018-q2-update.win32_1.0.0.201904181610/tools/bin/../lib/gcc/arm-none-eabi/7.3.1/../../../../arm-none-eabi/lib/thumb/v7e-m/fpv4-sp/hard\libm.a(lib_a-e_rem_pio2.o) (__kernel_rem_pio2)
[...]
Memory Configuration

Name             Origin             Length             Attributes
CCMRAM           0x0000000010000000 0x0000000000004000 xrw
RAM              0x0000000020000000 0x0000000000010000 xrw
FLASH            0x0000000008000000 0x0000000000080000 xr
*default*        0x0000000000000000 0xffffffffffffffff

Linker script and memory map

LOAD c:/st/stm32cubeide_1.3.0/stm32cubeide/plugins/com.st.stm32cube.ide.mcu.externaltools.gnu-tools-for-stm32.7-2018-q2-update.win32_1.0.0.201904181610/tools/bin/../lib/gcc/arm-none-eabi/7.3.1/thumb/v7e-m/fpv4-sp/hard/crti.o
LOAD c:/st/stm32cubeide_1.3.0/stm32cubeide/plugins/com.st.stm32cube.ide.mcu.externaltools.gnu-tools-for-stm32.7-2018-q2-update.win32_1.0.0.201904181610/tools/bin/../lib/gcc/arm-none-eabi/7.3.1/thumb/v7e-m/fpv4-sp/hard/crtbegin.o
LOAD c:/st/stm32cubeide_1.3.0/stm32cubeide/plugins/com.st.stm32cube.ide.mcu.externaltools.gnu-tools-for-stm32.7-2018-q2-update.win32_1.0.0.201904181610/tools/bin/../lib/gcc/arm-none-eabi/7.3.1/../../../../arm-none-eabi/lib/thumb/v7e-m/fpv4-sp/hard/crt0.o
LOAD Core/Src/adc.o
LOAD Core/Src/dac.o
LOAD Core/Src/lcd.o
LOAD Core/Src/main.o
LOAD Core/Src/stm32f3xx_hal_msp.o
LOAD Core/Src/stm32f3xx_it.o
LOAD Core/Src/syscalls.o
LOAD Core/Src/sysmem.o
LOAD Core/Src/system_stm32f3xx.o
LOAD Core/Src/uart.o
LOAD Core/Startup/startup_stm32f303retx.o
LOAD Drivers/STM32F3xx_HAL_Driver/Src/stm32f3xx_hal.o
LOAD Drivers/STM32F3xx_HAL_Driver/Src/stm32f3xx_hal_adc.o
LOAD Drivers/STM32F3xx_HAL_Driver/Src/stm32f3xx_hal_adc_ex.o
LOAD Drivers/STM32F3xx_HAL_Driver/Src/stm32f3xx_hal_cortex.o
LOAD Drivers/STM32F3xx_HAL_Driver/Src/stm32f3xx_hal_dac.o
LOAD Drivers/STM32F3xx_HAL_Driver/Src/stm32f3xx_hal_dac_ex.o
LOAD Drivers/STM32F3xx_HAL_Driver/Src/stm32f3xx_hal_dma.o
LOAD Drivers/STM32F3xx_HAL_Driver/Src/stm32f3xx_hal_exti.o
LOAD Drivers/STM32F3xx_HAL_Driver/Src/stm32f3xx_hal_flash.o
LOAD Drivers/STM32F3xx_HAL_Driver/Src/stm32f3xx_hal_flash_ex.o
LOAD Drivers/STM32F3xx_HAL_Driver/Src/stm32f3xx_hal_gpio.o
LOAD Drivers/STM32F3xx_HAL_Driver/Src/stm32f3xx_hal_i2c.o
LOAD Drivers/STM32F3xx_HAL_Driver/Src/stm32f3xx_hal_i2c_ex.o
LOAD Drivers/STM32F3xx_HAL_Driver/Src/stm32f3xx_hal_pwr.o
LOAD Drivers/STM32F3xx_HAL_Driver/Src/stm32f3xx_hal_pwr_ex.o
LOAD Drivers/STM32F3xx_HAL_Driver/Src/stm32f3xx_hal_rcc.o
LOAD Drivers/STM32F3xx_HAL_Driver/Src/stm32f3xx_hal_rcc_ex.o
LOAD Drivers/STM32F3xx_HAL_Driver/Src/stm32f3xx_hal_tim.o
LOAD Drivers/STM32F3xx_HAL_Driver/Src/stm32f3xx_hal_tim_ex.o
LOAD Drivers/STM32F3xx_HAL_Driver/Src/stm32f3xx_hal_uart.o
LOAD Drivers/STM32F3xx_HAL_Driver/Src/stm32f3xx_hal_uart_ex.o
START GROUP
LOAD c:/st/stm32cubeide_1.3.0/stm32cubeide/plugins/com.st.stm32cube.ide.mcu.externaltools.gnu-tools-for-stm32.7-2018-q2-update.win32_1.0.0.201904181610/tools/bin/../lib/gcc/arm-none-eabi/7.3.1/../../../../arm-none-eabi/lib/thumb/v7e-m/fpv4-sp/hard\libc_nano.a
LOAD c:/st/stm32cubeide_1.3.0/stm32cubeide/plugins/com.st.stm32cube.ide.mcu.externaltools.gnu-tools-for-stm32.7-2018-q2-update.win32_1.0.0.201904181610/tools/bin/../lib/gcc/arm-none-eabi/7.3.1/../../../../arm-none-eabi/lib/thumb/v7e-m/fpv4-sp/hard\libm.a
END GROUP
START GROUP
LOAD c:/st/stm32cubeide_1.3.0/stm32cubeide/plugins/com.st.stm32cube.ide.mcu.externaltools.gnu-tools-for-stm32.7-2018-q2-update.win32_1.0.0.201904181610/tools/bin/../lib/gcc/arm-none-eabi/7.3.1/thumb/v7e-m/fpv4-sp/hard\libgcc.a
LOAD c:/st/stm32cubeide_1.3.0/stm32cubeide/plugins/com.st.stm32cube.ide.mcu.externaltools.gnu-tools-for-stm32.7-2018-q2-update.win32_1.0.0.201904181610/tools/bin/../lib/gcc/arm-none-eabi/7.3.1/../../../../arm-none-eabi/lib/thumb/v7e-m/fpv4-sp/hard\libc_nano.a
END GROUP
START GROUP
LOAD c:/st/stm32cubeide_1.3.0/stm32cubeide/plugins/com.st.stm32cube.ide.mcu.externaltools.gnu-tools-for-stm32.7-2018-q2-update.win32_1.0.0.201904181610/tools/bin/../lib/gcc/arm-none-eabi/7.3.1/thumb/v7e-m/fpv4-sp/hard\libgcc.a
LOAD c:/st/stm32cubeide_1.3.0/stm32cubeide/plugins/com.st.stm32cube.ide.mcu.externaltools.gnu-tools-for-stm32.7-2018-q2-update.win32_1.0.0.201904181610/tools/bin/../lib/gcc/arm-none-eabi/7.3.1/../../../../arm-none-eabi/lib/thumb/v7e-m/fpv4-sp/hard\libc_nano.a
LOAD c:/st/stm32cubeide_1.3.0/stm32cubeide/plugins/com.st.stm32cube.ide.mcu.externaltools.gnu-tools-for-stm32.7-2018-q2-update.win32_1.0.0.201904181610/tools/bin/../lib/gcc/arm-none-eabi/7.3.1/../../../../arm-none-eabi/lib/thumb/v7e-m/fpv4-sp/hard\libnosys.a
END GROUP
START GROUP
LOAD c:/st/stm32cubeide_1.3.0/stm32cubeide/plugins/com.st.stm32cube.ide.mcu.externaltools.gnu-tools-for-stm32.7-2018-q2-update.win32_1.0.0.201904181610/tools/bin/../lib/gcc/arm-none-eabi/7.3.1/thumb/v7e-m/fpv4-sp/hard\libgcc.a
LOAD c:/st/stm32cubeide_1.3.0/stm32cubeide/plugins/com.st.stm32cube.ide.mcu.externaltools.gnu-tools-for-stm32.7-2018-q2-update.win32_1.0.0.201904181610/tools/bin/../lib/gcc/arm-none-eabi/7.3.1/../../../../arm-none-eabi/lib/thumb/v7e-m/fpv4-sp/hard\libc_nano.a
LOAD c:/st/stm32cubeide_1.3.0/stm32cubeide/plugins/com.st.stm32cube.ide.mcu.externaltools.gnu-tools-for-stm32.7-2018-q2-update.win32_1.0.0.201904181610/tools/bin/../lib/gcc/arm-none-eabi/7.3.1/../../../../arm-none-eabi/lib/thumb/v7e-m/fpv4-sp/hard\libnosys.a
END GROUP
LOAD c:/st/stm32cubeide_1.3.0/stm32cubeide/plugins/com.st.stm32cube.ide.mcu.externaltools.gnu-tools-for-stm32.7-2018-q2-update.win32_1.0.0.201904181610/tools/bin/../lib/gcc/arm-none-eabi/7.3.1/thumb/v7e-m/fpv4-sp/hard/crtend.o
LOAD c:/st/stm32cubeide_1.3.0/stm32cubeide/plugins/com.st.stm32cube.ide.mcu.externaltools.gnu-tools-for-stm32.7-2018-q2-update.win32_1.0.0.201904181610/tools/bin/../lib/gcc/arm-none-eabi/7.3.1/thumb/v7e-m/fpv4-sp/hard/crtn.o
                0x0000000020010000                _estack = (ORIGIN (RAM) + LENGTH (RAM))
                0x0000000000000200                _Min_Heap_Size = 0x200
                0x0000000000000400                _Min_Stack_Size = 0x400

.isr_vector     0x0000000008000000      0x194
                0x0000000008000000                . = ALIGN (0x4)
 *(.isr_vector)
 .isr_vector    0x0000000008000000      0x194 Core/Startup/startup_stm32f303retx.o
                0x0000000008000000                g_pfnVectors
                0x0000000008000194                . = ALIGN (0x4)

.text           0x0000000008000194     0x6db4
                0x0000000008000194                . = ALIGN (0x4)
 *(.text)
 .text          0x0000000008000194       0x40 c:/st/stm32cubeide_1.3.0/stm32cubeide/plugins/com.st.stm32cube.ide.mcu.externaltools.gnu-tools-for-stm32.7-2018-q2-update.win32_1.0.0.201904181610/tools/bin/../lib/gcc/arm-none-eabi/7.3.1/thumb/v7e-m/fpv4-sp/hard/crtbegin.o
 *(.text*)
 .text.ADC_Main_Function
                0x00000000080001d4      0x1b0 Core/Src/adc.o
                0x00000000080001d4                ADC_Main_Function
 .text.LCD_Init
                0x0000000008000384       0x6e Core/Src/lcd.o
                0x0000000008000384                LCD_Init
 .text.LCD_Write_String
                0x00000000080003f2       0x3c Core/Src/lcd.o
                0x00000000080003f2                LCD_Write_String
 *fill*         0x000000000800042e        0x2 
 .text.LCD_Write_Character
                0x0000000008000430       0x2c Core/Src/lcd.o
                0x0000000008000430                LCD_Write_Character
 .text.LCD_Write_Instruction
                0x000000000800045c       0x2c Core/Src/lcd.o
                0x000000000800045c                LCD_Write_Instruction
 .text.LCD_Write_Nibbles
                0x0000000008000488      0x11c Core/Src/lcd.o
                0x0000000008000488                LCD_Write_Nibbles
 .text.LCD_Write_8bitInstruction
                0x00000000080005a4       0xa8 Core/Src/lcd.o
                0x00000000080005a4                LCD_Write_8bitInstruction
 .text.LCD_ZeroPins
                0x000000000800064c       0x4c Core/Src/lcd.o
                0x000000000800064c                LCD_ZeroPins
 .text.LCD_Clear_Display
                0x0000000008000698        0xe Core/Src/lcd.o
                0x0000000008000698                LCD_Clear_Display
 *fill*         0x00000000080006a6        0x2 
 .text.LCD_changeDisplayMode
                0x00000000080006a8      0x110 Core/Src/lcd.o
                0x00000000080006a8                LCD_changeDisplayMode
 .text.HAL_UART_RxCpltCallback
                0x00000000080007b8       0x20 Core/Src/main.o
                0x00000000080007b8                HAL_UART_RxCpltCallback
 .text.HAL_GPIO_EXTI_Callback
                0x00000000080007d8       0x80 Core/Src/main.o
                0x00000000080007d8                HAL_GPIO_EXTI_Callback
 .text.main     0x0000000008000858      0x218 Core/Src/main.o
                0x0000000008000858                main
 .text.SystemClock_Config
                0x0000000008000a70       0xd0 Core/Src/main.o
                0x0000000008000a70                SystemClock_Config
 .text.MX_ADC1_Init
                0x0000000008000b40       0xe0 Core/Src/main.o
 .text.MX_DAC1_Init
                0x0000000008000c20       0x54 Core/Src/main.o
 .text.MX_TIM2_Init
                0x0000000008000c74       0x9c Core/Src/main.o
 .text.MX_TIM16_Init
                0x0000000008000d10       0x4c Core/Src/main.o
 .text.MX_USART2_UART_Init
                0x0000000008000d5c       0x60 Core/Src/main.o
 .text.MX_DMA_Init
                0x0000000008000dbc       0x3c Core/Src/main.o
 .text.MX_GPIO_Init
                0x0000000008000df8      0x1f8 Core/Src/main.o
 .text.HAL_TIM_PeriodElapsedCallback
                0x0000000008000ff0       0x2c Core/Src/main.o
                0x0000000008000ff0                HAL_TIM_PeriodElapsedCallback
 .text.Error_Handler
                0x000000000800101c        0xe Core/Src/main.o
                0x000000000800101c                Error_Handler
 *fill*         0x000000000800102a        0x2 
 .text.HAL_MspInit
                0x000000000800102c       0x48 Core/Src/stm32f3xx_hal_msp.o
                0x000000000800102c                HAL_MspInit
 .text.HAL_ADC_MspInit
                0x0000000008001074       0x78 Core/Src/stm32f3xx_hal_msp.o
                0x0000000008001074                HAL_ADC_MspInit
 .text.HAL_DAC_MspInit
                0x00000000080010ec       0xe4 Core/Src/stm32f3xx_hal_msp.o
                0x00000000080010ec                HAL_DAC_MspInit
 .text.HAL_TIM_Base_MspInit
                0x00000000080011d0       0x80 Core/Src/stm32f3xx_hal_msp.o
                0x00000000080011d0                HAL_TIM_Base_MspInit
 .text.HAL_UART_MspInit
                0x0000000008001250       0x94 Core/Src/stm32f3xx_hal_msp.o
                0x0000000008001250                HAL_UART_MspInit
 .text.NMI_Handler
                0x00000000080012e4        0xe Core/Src/stm32f3xx_it.o
                0x00000000080012e4                NMI_Handler
 .text.HardFault_Handler
                0x00000000080012f2        0x6 Core/Src/stm32f3xx_it.o
                0x00000000080012f2                HardFault_Handler
 .text.MemManage_Handler
                0x00000000080012f8        0x6 Core/Src/stm32f3xx_it.o
                0x00000000080012f8                MemManage_Handler
 .text.BusFault_Handler
                0x00000000080012fe        0x6 Core/Src/stm32f3xx_it.o
                0x00000000080012fe                BusFault_Handler
 .text.UsageFault_Handler
                0x0000000008001304        0x6 Core/Src/stm32f3xx_it.o
                0x0000000008001304                UsageFault_Handler
 .text.SVC_Handler
                0x000000000800130a        0xe Core/Src/stm32f3xx_it.o
                0x000000000800130a                SVC_Handler
 .text.DebugMon_Handler
                0x0000000008001318        0xe Core/Src/stm32f3xx_it.o
                0x0000000008001318                DebugMon_Handler
 .text.PendSV_Handler
                0x0000000008001326        0xe Core/Src/stm32f3xx_it.o
                0x0000000008001326                PendSV_Handler
 .text.SysTick_Handler
                0x0000000008001334        0xc Core/Src/stm32f3xx_it.o
                0x0000000008001334                SysTick_Handler
 .text.DMA1_Channel3_IRQHandler
                0x0000000008001340       0x14 Core/Src/stm32f3xx_it.o
                0x0000000008001340                DMA1_Channel3_IRQHandler
 .text.EXTI9_5_IRQHandler
                0x0000000008001354       0x24 Core/Src/stm32f3xx_it.o
                0x0000000008001354                EXTI9_5_IRQHandler
 .text.TIM1_UP_TIM16_IRQHandler
                0x0000000008001378       0x14 Core/Src/stm32f3xx_it.o
                0x0000000008001378                TIM1_UP_TIM16_IRQHandler
 .text.TIM2_IRQHandler
                0x000000000800138c       0x14 Core/Src/stm32f3xx_it.o
                0x000000000800138c                TIM2_IRQHandler
 .text.USART2_IRQHandler
                0x00000000080013a0       0x14 Core/Src/stm32f3xx_it.o
                0x00000000080013a0                USART2_IRQHandler
 .text.EXTI15_10_IRQHandler
                0x00000000080013b4       0x18 Core/Src/stm32f3xx_it.o
                0x00000000080013b4                EXTI15_10_IRQHandler
 .text.SystemInit
                0x00000000080013cc       0x24 Core/Src/system_stm32f3xx.o
                0x00000000080013cc                SystemInit
 .text.UART_Main_Function
                0x00000000080013f0       0x8c Core/Src/uart.o
                0x00000000080013f0                UART_Main_Function
 .text.UART_Rx_Complete
                0x000000000800147c       0x22 Core/Src/uart.o
                0x000000000800147c                UART_Rx_Complete
 *fill*         0x000000000800149e        0x2 
 .text.UART_Interpret_Rx_Message
                0x00000000080014a0      0x108 Core/Src/uart.o
                0x00000000080014a0                UART_Interpret_Rx_Message
 .text.UART_Request_Measurement
                0x00000000080015a8      0x2a4 Core/Src/uart.o
                0x00000000080015a8                UART_Request_Measurement
 .text.UART_Request_Status
                0x000000000800184c       0xbc Core/Src/uart.o
                0x000000000800184c                UART_Request_Status
 .text.UART_Set_Output_Parameter
                0x0000000008001908      0x11c Core/Src/uart.o
                0x0000000008001908                UART_Set_Output_Parameter
 .text.Reset_Handler
                0x0000000008001a24       0x50 Core/Startup/startup_stm32f303retx.o
                0x0000000008001a24                Reset_Handler
 .text.Default_Handler
                0x0000000008001a74        0x2 Core/Startup/startup_stm32f303retx.o
                0x0000000008001a74                RTC_Alarm_IRQHandler
                0x0000000008001a74                TIM8_TRG_COM_IRQHandler
                0x0000000008001a74                TIM8_CC_IRQHandler
                0x0000000008001a74                SPI4_IRQHandler
                0x0000000008001a74                TIM1_CC_IRQHandler
                0x0000000008001a74                USB_HP_IRQHandler
                0x0000000008001a74                PVD_IRQHandler
                0x0000000008001a74                TAMP_STAMP_IRQHandler
                0x0000000008001a74                EXTI3_IRQHandler
                0x0000000008001a74                I2C3_ER_IRQHandler
                0x0000000008001a74                USB_HP_CAN_TX_IRQHandler
                0x0000000008001a74                EXTI0_IRQHandler
                0x0000000008001a74                I2C2_EV_IRQHandler
                0x0000000008001a74                FPU_IRQHandler
                0x0000000008001a74                ADC1_2_IRQHandler
                0x0000000008001a74                SPI1_IRQHandler
                0x0000000008001a74                CAN_SCE_IRQHandler
                0x0000000008001a74                TIM6_DAC_IRQHandler
                0x0000000008001a74                TIM8_UP_IRQHandler
                0x0000000008001a74                DMA2_Channel2_IRQHandler
                0x0000000008001a74                DMA1_Channel4_IRQHandler
                0x0000000008001a74                TIM20_TRG_COM_IRQHandler
                0x0000000008001a74                USART3_IRQHandler
                0x0000000008001a74                DMA1_Channel7_IRQHandler
                0x0000000008001a74                UART5_IRQHandler
                0x0000000008001a74                ADC3_IRQHandler
                0x0000000008001a74                TIM4_IRQHandler
                0x0000000008001a74                CAN_RX1_IRQHandler
                0x0000000008001a74                DMA2_Channel1_IRQHandler
                0x0000000008001a74                I2C1_EV_IRQHandler
                0x0000000008001a74                DMA1_Channel6_IRQHandler
                0x0000000008001a74                UART4_IRQHandler
                0x0000000008001a74                DMA2_Channel4_IRQHandler
                0x0000000008001a74                TIM3_IRQHandler
                0x0000000008001a74                RCC_IRQHandler
                0x0000000008001a74                TIM20_UP_IRQHandler
                0x0000000008001a74                DMA1_Channel1_IRQHandler
                0x0000000008001a74                Default_Handler
                0x0000000008001a74                USBWakeUp_RMP_IRQHandler
                0x0000000008001a74                TIM7_IRQHandler
                0x0000000008001a74                I2C3_EV_IRQHandler
                0x0000000008001a74                RTC_WKUP_IRQHandler
                0x0000000008001a74                SPI2_IRQHandler
                0x0000000008001a74                USB_LP_CAN_RX0_IRQHandler
                0x0000000008001a74                DMA2_Channel5_IRQHandler
                0x0000000008001a74                DMA1_Channel5_IRQHandler
                0x0000000008001a74                USB_LP_IRQHandler
                0x0000000008001a74                EXTI4_IRQHandler
                0x0000000008001a74                TIM1_TRG_COM_TIM17_IRQHandler
                0x0000000008001a74                ADC4_IRQHandler
                0x0000000008001a74                WWDG_IRQHandler
                0x0000000008001a74                COMP7_IRQHandler
                0x0000000008001a74                COMP1_2_3_IRQHandler
                0x0000000008001a74                EXTI1_IRQHandler
                0x0000000008001a74                COMP4_5_6_IRQHandler
                0x0000000008001a74                TIM20_BRK_IRQHandler
                0x0000000008001a74                I2C2_ER_IRQHandler
                0x0000000008001a74                DMA1_Channel2_IRQHandler
                0x0000000008001a74                TIM8_BRK_IRQHandler
                0x0000000008001a74                FLASH_IRQHandler
                0x0000000008001a74                TIM20_CC_IRQHandler
                0x0000000008001a74                USART1_IRQHandler
                0x0000000008001a74                SPI3_IRQHandler
                0x0000000008001a74                I2C1_ER_IRQHandler
                0x0000000008001a74                FMC_IRQHandler
                0x0000000008001a74                USBWakeUp_IRQHandler
                0x0000000008001a74                DMA2_Channel3_IRQHandler
                0x0000000008001a74                EXTI2_TSC_IRQHandler
                0x0000000008001a74                TIM1_BRK_TIM15_IRQHandler
 *fill*         0x0000000008001a76        0x2 
 .text.HAL_Init
                0x0000000008001a78       0x2c Drivers/STM32F3xx_HAL_Driver/Src/stm32f3xx_hal.o
                0x0000000008001a78                HAL_Init
 .text.HAL_InitTick
                0x0000000008001aa4       0x60 Drivers/STM32F3xx_HAL_Driver/Src/stm32f3xx_hal.o
                0x0000000008001aa4                HAL_InitTick
 .text.HAL_IncTick
                0x0000000008001b04       0x28 Drivers/STM32F3xx_HAL_Driver/Src/stm32f3xx_hal.o
                0x0000000008001b04                HAL_IncTick
 .text.HAL_GetTick
                0x0000000008001b2c       0x18 Drivers/STM32F3xx_HAL_Driver/Src/stm32f3xx_hal.o
                0x0000000008001b2c                HAL_GetTick
 .text.HAL_Delay
                0x0000000008001b44       0x44 Drivers/STM32F3xx_HAL_Driver/Src/stm32f3xx_hal.o
                0x0000000008001b44                HAL_Delay
 .text.HAL_ADC_Init
                0x0000000008001b88      0x3f4 Drivers/STM32F3xx_HAL_Driver/Src/stm32f3xx_hal_adc_ex.o
                0x0000000008001b88                HAL_ADC_Init
 .text.HAL_ADC_Start
                0x0000000008001f7c      0x22c Drivers/STM32F3xx_HAL_Driver/Src/stm32f3xx_hal_adc_ex.o
                0x0000000008001f7c                HAL_ADC_Start
 .text.HAL_ADC_Stop
                0x00000000080021a8       0x6a Drivers/STM32F3xx_HAL_Driver/Src/stm32f3xx_hal_adc_ex.o
                0x00000000080021a8                HAL_ADC_Stop
 *fill*         0x0000000008002212        0x2 
 .text.HAL_ADC_PollForConversion
                0x0000000008002214      0x204 Drivers/STM32F3xx_HAL_Driver/Src/stm32f3xx_hal_adc_ex.o
                0x0000000008002214                HAL_ADC_PollForConversion
 .text.HAL_ADC_GetValue
                0x0000000008002418       0x1a Drivers/STM32F3xx_HAL_Driver/Src/stm32f3xx_hal_adc_ex.o
                0x0000000008002418                HAL_ADC_GetValue
 *fill*         0x0000000008002432        0x2 
 .text.HAL_ADC_ConfigChannel
                0x0000000008002434      0x5d8 Drivers/STM32F3xx_HAL_Driver/Src/stm32f3xx_hal_adc_ex.o
                0x0000000008002434                HAL_ADC_ConfigChannel
 .text.HAL_ADCEx_MultiModeConfigChannel
                0x0000000008002a0c      0x1e4 Drivers/STM32F3xx_HAL_Driver/Src/stm32f3xx_hal_adc_ex.o
                0x0000000008002a0c                HAL_ADCEx_MultiModeConfigChannel
 .text.ADC_Enable
                0x0000000008002bf0       0xc8 Drivers/STM32F3xx_HAL_Driver/Src/stm32f3xx_hal_adc_ex.o
 .text.ADC_Disable
                0x0000000008002cb8       0xcc Drivers/STM32F3xx_HAL_Driver/Src/stm32f3xx_hal_adc_ex.o
 .text.ADC_ConversionStop
                0x0000000008002d84      0x168 Drivers/STM32F3xx_HAL_Driver/Src/stm32f3xx_hal_adc_ex.o
 .text.__NVIC_SetPriorityGrouping
                0x0000000008002eec       0x48 Drivers/STM32F3xx_HAL_Driver/Src/stm32f3xx_hal_cortex.o
 .text.__NVIC_GetPriorityGrouping
                0x0000000008002f34       0x1c Drivers/STM32F3xx_HAL_Driver/Src/stm32f3xx_hal_cortex.o
 .text.__NVIC_EnableIRQ
                0x0000000008002f50       0x3c Drivers/STM32F3xx_HAL_Driver/Src/stm32f3xx_hal_cortex.o
 .text.__NVIC_SetPriority
                0x0000000008002f8c       0x54 Drivers/STM32F3xx_HAL_Driver/Src/stm32f3xx_hal_cortex.o
 .text.NVIC_EncodePriority
                0x0000000008002fe0       0x66 Drivers/STM32F3xx_HAL_Driver/Src/stm32f3xx_hal_cortex.o
 *fill*         0x0000000008003046        0x2 
 .text.SysTick_Config
                0x0000000008003048       0x44 Drivers/STM32F3xx_HAL_Driver/Src/stm32f3xx_hal_cortex.o
 .text.HAL_NVIC_SetPriorityGrouping
                0x000000000800308c       0x16 Drivers/STM32F3xx_HAL_Driver/Src/stm32f3xx_hal_cortex.o
                0x000000000800308c                HAL_NVIC_SetPriorityGrouping
 .text.HAL_NVIC_SetPriority
                0x00000000080030a2       0x38 Drivers/STM32F3xx_HAL_Driver/Src/stm32f3xx_hal_cortex.o
                0x00000000080030a2                HAL_NVIC_SetPriority
 .text.HAL_NVIC_EnableIRQ
                0x00000000080030da       0x1c Drivers/STM32F3xx_HAL_Driver/Src/stm32f3xx_hal_cortex.o
                0x00000000080030da                HAL_NVIC_EnableIRQ
 .text.HAL_SYSTICK_Config
                0x00000000080030f6       0x18 Drivers/STM32F3xx_HAL_Driver/Src/stm32f3xx_hal_cortex.o
                0x00000000080030f6                HAL_SYSTICK_Config
 .text.HAL_DAC_Init
                0x000000000800310e       0x44 Drivers/STM32F3xx_HAL_Driver/Src/stm32f3xx_hal_dac.o
                0x000000000800310e                HAL_DAC_Init
 .text.HAL_DAC_ConfigChannel
                0x0000000008003152       0x9a Drivers/STM32F3xx_HAL_Driver/Src/stm32f3xx_hal_dac_ex.o
                0x0000000008003152                HAL_DAC_ConfigChannel
 .text.HAL_DMA_Init
                0x00000000080031ec       0x8e Drivers/STM32F3xx_HAL_Driver/Src/stm32f3xx_hal_dma.o
                0x00000000080031ec                HAL_DMA_Init
 .text.HAL_DMA_Abort
                0x000000000800327a       0x72 Drivers/STM32F3xx_HAL_Driver/Src/stm32f3xx_hal_dma.o
                0x000000000800327a                HAL_DMA_Abort
 .text.HAL_DMA_Abort_IT
                0x00000000080032ec       0x7c Drivers/STM32F3xx_HAL_Driver/Src/stm32f3xx_hal_dma.o
                0x00000000080032ec                HAL_DMA_Abort_IT
 .text.HAL_DMA_IRQHandler
                0x0000000008003368      0x146 Drivers/STM32F3xx_HAL_Driver/Src/stm32f3xx_hal_dma.o
                0x0000000008003368                HAL_DMA_IRQHandler
 *fill*         0x00000000080034ae        0x2 
 .text.DMA_CalcBaseAndBitshift
                0x00000000080034b0       0x78 Drivers/STM32F3xx_HAL_Driver/Src/stm32f3xx_hal_dma.o
 .text.HAL_GPIO_Init
                0x0000000008003528      0x314 Drivers/STM32F3xx_HAL_Driver/Src/stm32f3xx_hal_gpio.o
                0x0000000008003528                HAL_GPIO_Init
 .text.HAL_GPIO_ReadPin
                0x000000000800383c       0x30 Drivers/STM32F3xx_HAL_Driver/Src/stm32f3xx_hal_gpio.o
                0x000000000800383c                HAL_GPIO_ReadPin
 .text.HAL_GPIO_WritePin
                0x000000000800386c       0x30 Drivers/STM32F3xx_HAL_Driver/Src/stm32f3xx_hal_gpio.o
                0x000000000800386c                HAL_GPIO_WritePin
 .text.HAL_GPIO_TogglePin
                0x000000000800389c       0x34 Drivers/STM32F3xx_HAL_Driver/Src/stm32f3xx_hal_gpio.o
                0x000000000800389c                HAL_GPIO_TogglePin
 .text.HAL_GPIO_EXTI_IRQHandler
                0x00000000080038d0       0x30 Drivers/STM32F3xx_HAL_Driver/Src/stm32f3xx_hal_gpio.o
                0x00000000080038d0                HAL_GPIO_EXTI_IRQHandler
 .text.HAL_RCC_OscConfig
                0x0000000008003900      0xe2c Drivers/STM32F3xx_HAL_Driver/Src/stm32f3xx_hal_rcc.o
                0x0000000008003900                HAL_RCC_OscConfig
 .text.HAL_RCC_ClockConfig
                0x000000000800472c      0x2f8 Drivers/STM32F3xx_HAL_Driver/Src/stm32f3xx_hal_rcc.o
                0x000000000800472c                HAL_RCC_ClockConfig
 .text.HAL_RCC_GetSysClockFreq
                0x0000000008004a24       0xd4 Drivers/STM32F3xx_HAL_Driver/Src/stm32f3xx_hal_rcc.o
                0x0000000008004a24                HAL_RCC_GetSysClockFreq
 .text.HAL_RCC_GetHCLKFreq
                0x0000000008004af8       0x18 Drivers/STM32F3xx_HAL_Driver/Src/stm32f3xx_hal_rcc.o
                0x0000000008004af8                HAL_RCC_GetHCLKFreq
 .text.HAL_RCC_GetPCLK1Freq
                0x0000000008004b10       0x44 Drivers/STM32F3xx_HAL_Driver/Src/stm32f3xx_hal_rcc.o
                0x0000000008004b10                HAL_RCC_GetPCLK1Freq
 .text.HAL_RCC_GetPCLK2Freq
                0x0000000008004b54       0x44 Drivers/STM32F3xx_HAL_Driver/Src/stm32f3xx_hal_rcc.o
                0x0000000008004b54                HAL_RCC_GetPCLK2Freq
 .text.HAL_RCCEx_PeriphCLKConfig
                0x0000000008004b98      0x43c Drivers/STM32F3xx_HAL_Driver/Src/stm32f3xx_hal_rcc_ex.o
                0x0000000008004b98                HAL_RCCEx_PeriphCLKConfig
 .text.HAL_TIM_Base_Init
                0x0000000008004fd4       0xae Drivers/STM32F3xx_HAL_Driver/Src/stm32f3xx_hal_tim.o
                0x0000000008004fd4                HAL_TIM_Base_Init
 *fill*         0x0000000008005082        0x2 
 .text.HAL_TIM_Base_Start
                0x0000000008005084       0xd0 Drivers/STM32F3xx_HAL_Driver/Src/stm32f3xx_hal_tim.o
                0x0000000008005084                HAL_TIM_Base_Start
 .text.HAL_TIM_Base_Start_IT
                0x0000000008005154       0xe0 Drivers/STM32F3xx_HAL_Driver/Src/stm32f3xx_hal_tim.o
                0x0000000008005154                HAL_TIM_Base_Start_IT
 .text.HAL_TIM_IRQHandler
                0x0000000008005234      0x23e Drivers/STM32F3xx_HAL_Driver/Src/stm32f3xx_hal_tim.o
                0x0000000008005234                HAL_TIM_IRQHandler
 .text.HAL_TIM_ConfigClockSource
                0x0000000008005472      0x17c Drivers/STM32F3xx_HAL_Driver/Src/stm32f3xx_hal_tim.o
                0x0000000008005472                HAL_TIM_ConfigClockSource
 .text.HAL_TIM_OC_DelayElapsedCallback
                0x00000000080055ee       0x14 Drivers/STM32F3xx_HAL_Driver/Src/stm32f3xx_hal_tim.o
                0x00000000080055ee                HAL_TIM_OC_DelayElapsedCallback
 .text.HAL_TIM_IC_CaptureCallback
                0x0000000008005602       0x14 Drivers/STM32F3xx_HAL_Driver/Src/stm32f3xx_hal_tim.o
                0x0000000008005602                HAL_TIM_IC_CaptureCallback
 .text.HAL_TIM_PWM_PulseFinishedCallback
                0x0000000008005616       0x14 Drivers/STM32F3xx_HAL_Driver/Src/stm32f3xx_hal_tim.o
                0x0000000008005616                HAL_TIM_PWM_PulseFinishedCallback
 .text.HAL_TIM_TriggerCallback
                0x000000000800562a       0x14 Drivers/STM32F3xx_HAL_Driver/Src/stm32f3xx_hal_tim.o
                0x000000000800562a                HAL_TIM_TriggerCallback
 *fill*         0x000000000800563e        0x2 
 .text.TIM_Base_SetConfig
                0x0000000008005640      0x13c Drivers/STM32F3xx_HAL_Driver/Src/stm32f3xx_hal_tim.o
                0x0000000008005640                TIM_Base_SetConfig
 .text.TIM_TI1_ConfigInputStage
                0x000000000800577c       0x5e Drivers/STM32F3xx_HAL_Driver/Src/stm32f3xx_hal_tim.o
 .text.TIM_TI2_ConfigInputStage
                0x00000000080057da       0x60 Drivers/STM32F3xx_HAL_Driver/Src/stm32f3xx_hal_tim.o
 .text.TIM_ITRx_SetConfig
                0x000000000800583a       0x36 Drivers/STM32F3xx_HAL_Driver/Src/stm32f3xx_hal_tim.o
 .text.TIM_ETR_SetConfig
                0x0000000008005870       0x40 Drivers/STM32F3xx_HAL_Driver/Src/stm32f3xx_hal_tim.o
                0x0000000008005870                TIM_ETR_SetConfig
 .text.HAL_TIMEx_MasterConfigSynchronization
                0x00000000080058b0      0x118 Drivers/STM32F3xx_HAL_Driver/Src/stm32f3xx_hal_tim_ex.o
                0x00000000080058b0                HAL_TIMEx_MasterConfigSynchronization
 .text.HAL_TIMEx_CommutCallback
                0x00000000080059c8       0x14 Drivers/STM32F3xx_HAL_Driver/Src/stm32f3xx_hal_tim_ex.o
                0x00000000080059c8                HAL_TIMEx_CommutCallback
 .text.HAL_TIMEx_BreakCallback
                0x00000000080059dc       0x14 Drivers/STM32F3xx_HAL_Driver/Src/stm32f3xx_hal_tim_ex.o
                0x00000000080059dc                HAL_TIMEx_BreakCallback
 .text.HAL_TIMEx_Break2Callback
                0x00000000080059f0       0x14 Drivers/STM32F3xx_HAL_Driver/Src/stm32f3xx_hal_tim_ex.o
                0x00000000080059f0                HAL_TIMEx_Break2Callback
 .text.HAL_UART_Init
                0x0000000008005a04       0x9c Drivers/STM32F3xx_HAL_Driver/Src/stm32f3xx_hal_uart.o
                0x0000000008005a04                HAL_UART_Init
 .text.HAL_UART_Transmit
                0x0000000008005aa0      0x128 Drivers/STM32F3xx_HAL_Driver/Src/stm32f3xx_hal_uart.o
                0x0000000008005aa0                HAL_UART_Transmit
 .text.HAL_UART_Receive_IT
                0x0000000008005bc8       0x9c Drivers/STM32F3xx_HAL_Driver/Src/stm32f3xx_hal_uart.o
                0x0000000008005bc8                HAL_UART_Receive_IT
 .text.HAL_UART_IRQHandler
                0x0000000008005c64      0x5c0 Drivers/STM32F3xx_HAL_Driver/Src/stm32f3xx_hal_uart.o
                0x0000000008005c64                HAL_UART_IRQHandler
 .text.HAL_UART_TxCpltCallback
                0x0000000008006224       0x14 Drivers/STM32F3xx_HAL_Driver/Src/stm32f3xx_hal_uart.o
                0x0000000008006224                HAL_UART_TxCpltCallback
 .text.HAL_UART_ErrorCallback
                0x0000000008006238       0x14 Drivers/STM32F3xx_HAL_Driver/Src/stm32f3xx_hal_uart.o
                0x0000000008006238                HAL_UART_ErrorCallback
 .text.HAL_UARTEx_RxEventCallback
                0x000000000800624c       0x18 Drivers/STM32F3xx_HAL_Driver/Src/stm32f3xx_hal_uart.o
                0x000000000800624c                HAL_UARTEx_RxEventCallback
 .text.UART_SetConfig
                0x0000000008006264      0x3a8 Drivers/STM32F3xx_HAL_Driver/Src/stm32f3xx_hal_uart.o
                0x0000000008006264                UART_SetConfig
 .text.UART_AdvFeatureConfig
                0x000000000800660c      0x144 Drivers/STM32F3xx_HAL_Driver/Src/stm32f3xx_hal_uart.o
                0x000000000800660c                UART_AdvFeatureConfig
 .text.UART_CheckIdleState
                0x0000000008006750       0x92 Drivers/STM32F3xx_HAL_Driver/Src/stm32f3xx_hal_uart.o
                0x0000000008006750                UART_CheckIdleState
 .text.UART_WaitOnFlagUntilTimeout
                0x00000000080067e2      0x188 Drivers/STM32F3xx_HAL_Driver/Src/stm32f3xx_hal_uart.o
                0x00000000080067e2                UART_WaitOnFlagUntilTimeout
 *fill*         0x000000000800696a        0x2 
 .text.UART_Start_Receive_IT
                0x000000000800696c      0x158 Drivers/STM32F3xx_HAL_Driver/Src/stm32f3xx_hal_uart.o
                0x000000000800696c                UART_Start_Receive_IT
 .text.UART_EndRxTransfer
                0x0000000008006ac4       0xc6 Drivers/STM32F3xx_HAL_Driver/Src/stm32f3xx_hal_uart.o
 .text.UART_DMAAbortOnError
                0x0000000008006b8a       0x2c Drivers/STM32F3xx_HAL_Driver/Src/stm32f3xx_hal_uart.o
 .text.UART_EndTransmit_IT
                0x0000000008006bb6       0x54 Drivers/STM32F3xx_HAL_Driver/Src/stm32f3xx_hal_uart.o
 .text.UART_RxISR_8BIT
                0x0000000008006c0a      0x15c Drivers/STM32F3xx_HAL_Driver/Src/stm32f3xx_hal_uart.o
 .text.UART_RxISR_16BIT
                0x0000000008006d66      0x15c Drivers/STM32F3xx_HAL_Driver/Src/stm32f3xx_hal_uart.o
 .text.HAL_UARTEx_WakeupCallback
                0x0000000008006ec2       0x14 Drivers/STM32F3xx_HAL_Driver/Src/stm32f3xx_hal_uart_ex.o
                0x0000000008006ec2                HAL_UARTEx_WakeupCallback
 *fill*         0x0000000008006ed6        0x2 
 .text.__libc_init_array
                0x0000000008006ed8       0x48 c:/st/stm32cubeide_1.3.0/stm32cubeide/plugins/com.st.stm32cube.ide.mcu.externaltools.gnu-tools-for-stm32.7-2018-q2-update.win32_1.0.0.201904181610/tools/bin/../lib/gcc/arm-none-eabi/7.3.1/../../../../arm-none-eabi/lib/thumb/v7e-m/fpv4-sp/hard\libc_nano.a(lib_a-init.o)
                0x0000000008006ed8                __libc_init_array
 .text.memset   0x0000000008006f20       0x10 c:/st/stm32cubeide_1.3.0/stm32cubeide/plugins/com.st.stm32cube.ide.mcu.externaltools.gnu-tools-for-stm32.7-2018-q2-update.win32_1.0.0.201904181610/tools/bin/../lib/gcc/arm-none-eabi/7.3.1/../../../../arm-none-eabi/lib/thumb/v7e-m/fpv4-sp/hard\libc_nano.a(lib_a-memset.o)
                0x0000000008006f20                memset
 *(.glue_7)
 .glue_7        0x0000000008006f30        0x0 linker stubs
 *(.glue_7t)
 .glue_7t       0x0000000008006f30        0x0 linker stubs
 *(.eh_frame)
 .eh_frame      0x0000000008006f30        0x0 c:/st/stm32cubeide_1.3.0/stm32cubeide/plugins/com.st.stm32cube.ide.mcu.externaltools.gnu-tools-for-stm32.7-2018-q2-update.win32_1.0.0.201904181610/tools/bin/../lib/gcc/arm-none-eabi/7.3.1/thumb/v7e-m/fpv4-sp/hard/crtbegin.o
 *(.init)
 .init          0x0000000008006f30        0x4 c:/st/stm32cubeide_1.3.0/stm32cubeide/plugins/com.st.stm32cube.ide.mcu.externaltools.gnu-tools-for-stm32.7-2018-q2-update.win32_1.0.0.201904181610/tools/bin/../lib/gcc/arm-none-eabi/7.3.1/thumb/v7e-m/fpv4-sp/hard/crti.o
                0x0000000008006f30                _init
 .init          0x0000000008006f34        0x8 c:/st/stm32cubeide_1.3.0/stm32cubeide/plugins/com.st.stm32cube.ide.mcu.externaltools.gnu-tools-for-stm32.7-2018-q2-update.win32_1.0.0.201904181610/tools/bin/../lib/gcc/arm-none-eabi/7.3.1/thumb/v7e-m/fpv4-sp/hard/crtn.o
 *(.fini)
 .fini          0x0000000008006f3c        0x4 c:/st/stm32cubeide_1.3.0/stm32cubeide/plugins/com.st.stm32cube.ide.mcu.externaltools.gnu-tools-for-stm32.7-2018-q2-update.win32_1.0.0.201904181610/tools/bin/../lib/gcc/arm-none-eabi/7.3.1/thumb/v7e-m/fpv4-sp/hard/crti.o
                0x0000000008006f3c                _fini
 .fini          0x0000000008006f40        0x8 c:/st/stm32cubeide_1.3.0/stm32cubeide/plugins/com.st.stm32cube.ide.mcu.externaltools.gnu-tools-for-stm32.7-2018-q2-update.win32_1.0.0.201904181610/tools/bin/../lib/gcc/arm-none-eabi/7.3.1/thumb/v7e-m/fpv4-sp/hard/crtn.o
                0x0000000008006f48                . = ALIGN (0x4)
                0x0000000008006f48                _etext = .

.vfp11_veneer   0x0000000008006f48        0x0
 .vfp11_veneer  0x0000000008006f48        0x0 linker stubs

.v4_bx          0x0000000008006f48        0x0
 .v4_bx         0x0000000008006f48        0x0 linker stubs

.iplt           0x0000000008006f48        0x0
 .iplt          0x0000000008006f48        0x0 c:/st/stm32cubeide_1.3.0/stm32cubeide/plugins/com.st.stm32cube.ide.mcu.externaltools.gnu-tools-for-stm32.7-2018-q2-update.win32_1.0.0.201904181610/tools/bin/../lib/gcc/arm-none-eabi/7.3.1/thumb/v7e-m/fpv4-sp/hard/crtbegin.o

.rodata         0x0000000008006f48       0x70
                0x0000000008006f48                . = ALIGN (0x4)
 *(.rodata)
 .rodata        0x0000000008006f48       0x1b Core/Src/lcd.o
 *fill*         0x0000000008006f63        0x1 
 .rodata        0x0000000008006f64       0x1c Core/Src/uart.o
 *(.rodata*)
 .rodata.AHBPrescTable
                0x0000000008006f80       0x10 Core/Src/system_stm32f3xx.o
                0x0000000008006f80                AHBPrescTable
 .rodata.APBPrescTable
                0x0000000008006f90        0x8 Core/Src/system_stm32f3xx.o
                0x0000000008006f90                APBPrescTable
 .rodata.aPLLMULFactorTable
                0x0000000008006f98       0x10 Drivers/STM32F3xx_HAL_Driver/Src/stm32f3xx_hal_rcc.o
                0x0000000008006f98                aPLLMULFactorTable
 .rodata.aPredivFactorTable
                0x0000000008006fa8       0x10 Drivers/STM32F3xx_HAL_Driver/Src/stm32f3xx_hal_rcc.o
                0x0000000008006fa8                aPredivFactorTable
                0x0000000008006fb8                . = ALIGN (0x4)

.rel.dyn        0x0000000008006fb8        0x0
 .rel.iplt      0x0000000008006fb8        0x0 c:/st/stm32cubeide_1.3.0/stm32cubeide/plugins/com.st.stm32cube.ide.mcu.externaltools.gnu-tools-for-stm32.7-2018-q2-update.win32_1.0.0.201904181610/tools/bin/../lib/gcc/arm-none-eabi/7.3.1/thumb/v7e-m/fpv4-sp/hard/crtbegin.o

.ARM.extab      0x0000000008006fb8        0x0
                0x0000000008006fb8                . = ALIGN (0x4)
 *(.ARM.extab* .gnu.linkonce.armextab.*)
                0x0000000008006fb8                . = ALIGN (0x4)

.ARM            0x0000000008006fb8        0x0
                0x0000000008006fb8                . = ALIGN (0x4)
                0x0000000008006fb8                __exidx_start = .
 *(.ARM.exidx*)
                0x0000000008006fb8                __exidx_end = .
                0x0000000008006fb8                . = ALIGN (0x4)

.preinit_array  0x0000000008006fb8        0x0
                0x0000000008006fb8                . = ALIGN (0x4)
                0x0000000008006fb8                PROVIDE (__preinit_array_start = .)
 *(.preinit_array*)
                0x0000000008006fb8                PROVIDE (__preinit_array_end = .)
                0x0000000008006fb8                . = ALIGN (0x4)

.init_array     0x0000000008006fb8        0x4
                0x0000000008006fb8                . = ALIGN (0x4)
                0x0000000008006fb8                PROVIDE (__init_array_start = .)
 *(SORT_BY_NAME(.init_array.*))
 *(.init_array*)
 .init_array    0x0000000008006fb8        0x4 c:/st/stm32cubeide_1.3.0/stm32cubeide/plugins/com.st.stm32cube.ide.mcu.externaltools.gnu-tools-for-stm32.7-2018-q2-update.win32_1.0.0.201904181610/tools/bin/../lib/gcc/arm-none-eabi/7.3.1/thumb/v7e-m/fpv4-sp/hard/crtbegin.o
                0x0000000008006fbc                PROVIDE (__init_array_end = .)
                0x0000000008006fbc                . = ALIGN (0x4)

.fini_array     0x0000000008006fbc        0x4
                0x0000000008006fbc                . = ALIGN (0x4)
                [!provide]                        PROVIDE (__fini_array_start = .)
 *(SORT_BY_NAME(.fini_array.*))
 *(.fini_array*)
 .fini_array    0x0000000008006fbc        0x4 c:/st/stm32cubeide_1.3.0/stm32cubeide/plugins/com.st.stm32cube.ide.mcu.externaltools.gnu-tools-for-stm32.7-2018-q2-update.win32_1.0.0.201904181610/tools/bin/../lib/gcc/arm-none-eabi/7.3.1/thumb/v7e-m/fpv4-sp/hard/crtbegin.o
                [!provide]                        PROVIDE (__fini_array_end = .)
                0x0000000008006fc0                . = ALIGN (0x4)
                0x0000000008006fc0                _sidata = LOADADDR (.data)

.data           0x0000000020000000       0x1c load address 0x0000000008006fc0
                0x0000000020000000                . = ALIGN (0x4)
                0x0000000020000000                _sdata = .
 *(.data)
 *(.data*)
 .data.std_num  0x0000000020000000        0xd Core/Src/main.o
                0x0000000020000000                std_num
 *fill*         0x000000002000000d        0x3 
 .data.SystemCoreClock
                0x0000000020000010        0x4 Core/Src/system_stm32f3xx.o
                0x0000000020000010                SystemCoreClock
 .data.uwTickPrio
                0x0000000020000014        0x4 Drivers/STM32F3xx_HAL_Driver/Src/stm32f3xx_hal.o
                0x0000000020000014                uwTickPrio
 .data.uwTickFreq
                0x0000000020000018        0x1 Drivers/STM32F3xx_HAL_Driver/Src/stm32f3xx_hal.o
                0x0000000020000018                uwTickFreq
                0x000000002000001c                . = ALIGN (0x4)
 *fill*         0x0000000020000019        0x3 
                0x000000002000001c                _edata = .

.igot.plt       0x000000002000001c        0x0 load address 0x0000000008006fdc
 .igot.plt      0x000000002000001c        0x0 c:/st/stm32cubeide_1.3.0/stm32cubeide/plugins/com.st.stm32cube.ide.mcu.externaltools.gnu-tools-for-stm32.7-2018-q2-update.win32_1.0.0.201904181610/tools/bin/../lib/gcc/arm-none-eabi/7.3.1/thumb/v7e-m/fpv4-sp/hard/crtbegin.o
                0x000000002000001c                . = ALIGN (0x4)

.bss            0x000000002000001c      0xb8c load address 0x0000000008006fdc
                0x000000002000001c                _sbss = .
                0x000000002000001c                __bss_start__ = _sbss
 *(.bss)
 .bss           0x000000002000001c       0x1c c:/st/stm32cubeide_1.3.0/stm32cubeide/plugins/com.st.stm32cube.ide.mcu.externaltools.gnu-tools-for-stm32.7-2018-q2-update.win32_1.0.0.201904181610/tools/bin/../lib/gcc/arm-none-eabi/7.3.1/thumb/v7e-m/fpv4-sp/hard/crtbegin.o
 *(.bss*)
 .bss.adc_count
                0x0000000020000038        0x2 Core/Src/adc.o
                0x0000000020000038                adc_count
 .bss.btn_mid_flag
                0x000000002000003a        0x1 Core/Src/main.o
                0x000000002000003a                btn_mid_flag
 .bss.btn_right_flag
                0x000000002000003b        0x1 Core/Src/main.o
                0x000000002000003b                btn_right_flag
 .bss.btn_up_flag
                0x000000002000003c        0x1 Core/Src/main.o
                0x000000002000003c                btn_up_flag
 .bss.btn_left_flag
                0x000000002000003d        0x1 Core/Src/main.o
                0x000000002000003d                btn_left_flag
 .bss.btn_down_flag
                0x000000002000003e        0x1 Core/Src/main.o
                0x000000002000003e                btn_down_flag
 .bss.adc_timer_flag
                0x000000002000003f        0x1 Core/Src/main.o
                0x000000002000003f                adc_timer_flag
 .bss.last_ticks
                0x0000000020000040        0x4 Core/Src/main.o
                0x0000000020000040                last_ticks
 .bss.message_received
                0x0000000020000044        0x1 Core/Src/main.o
                0x0000000020000044                message_received
 *fill*         0x0000000020000045        0x3 
 .bss.rx_bytes  0x0000000020000048        0xa Core/Src/uart.o
                0x0000000020000048                rx_bytes
 .bss.rx_bytes_counter
                0x0000000020000052        0x1 Core/Src/uart.o
                0x0000000020000052                rx_bytes_counter
 *(COMMON)
 *fill*         0x0000000020000053        0x1 
 COMMON         0x0000000020000054      0x7de Core/Src/adc.o
                0x0000000020000054                adc_array
                0x0000000020000824                raw
                0x0000000020000826                millivolts
                0x0000000020000828                MeasurementState
 *fill*         0x0000000020000832        0x2 
 COMMON         0x0000000020000834      0x1a4 Core/Src/dac.o
                0x0000000020000834                OutputState
 COMMON         0x00000000200009d8        0x2 Core/Src/lcd.o
                0x00000000200009d8                DisplayState
 *fill*         0x00000000200009da        0x2 
 COMMON         0x00000000200009dc      0x1c4 Core/Src/main.o
                0x00000000200009dc                hdac1
                0x00000000200009f0                hdma_dac1_ch1
                0x0000000020000a34                hadc1
                0x0000000020000a84                htim2
                0x0000000020000ad0                huart2
                0x0000000020000b54                htim16
 COMMON         0x0000000020000ba0        0x1 Core/Src/uart.o
                0x0000000020000ba0                rx_byte
 *fill*         0x0000000020000ba1        0x3 
 COMMON         0x0000000020000ba4        0x4 Drivers/STM32F3xx_HAL_Driver/Src/stm32f3xx_hal.o
                0x0000000020000ba4                uwTick
                0x0000000020000ba8                . = ALIGN (0x4)
                0x0000000020000ba8                _ebss = .
                0x0000000020000ba8                __bss_end__ = _ebss

._user_heap_stack
                0x0000000020000ba8      0x600 load address 0x0000000008006fdc
                0x0000000020000ba8                . = ALIGN (0x8)
                0x0000000020000ba8                PROVIDE (end = .)
                [!provide]                        PROVIDE (_end = .)
                0x0000000020000da8                . = (. + _Min_Heap_Size)
 *fill*         0x0000000020000ba8      0x200 
                0x00000000200011a8                . = (. + _Min_Stack_Size)
 *fill*         0x0000000020000da8      0x400 
                0x00000000200011a8                . = ALIGN (0x8)

/DISCARD/
 libc.a(*)
 libm.a(*)
 libgcc.a(*)

.ARM.attributes
                0x0000000000000000       0x30
 *(.ARM.attributes)
 .ARM.attributes
                0x0000000000000000       0x22 c:/st/stm32cubeide_1.3.0/stm32cubeide/plugins/com.st.stm32cube.ide.mcu.externaltools.gnu-tools-for-stm32.7-2018-q2-update.win32_1.0.0.201904181610/tools/bin/../lib/gcc/arm-none-eabi/7.3.1/thumb/v7e-m/fpv4-sp/hard/crti.o
 .ARM.attributes
                0x0000000000000022       0x34 c:/st/stm32cubeide_1.3.0/stm32cubeide/plugins/com.st.stm32cube.ide.mcu.externaltools.gnu-tools-for-stm32.7-2018-q2-update.win32_1.0.0.201904181610/tools/bin/../lib/gcc/arm-none-eabi/7.3.1/thumb/v7e-m/fpv4-sp/hard/crtbegin.o
 .ARM.attributes
                0x0000000000000056       0x39 Core/Src/adc.o
 .ARM.attributes
                0x000000000000008f       0x39 Core/Src/dac.o
 .ARM.attributes
                0x00000000000000c8       0x39 Core/Src/lcd.o
 .ARM.attributes
                0x0000000000000101       0x39 Core/Src/main.o
 .ARM.attributes
                0x000000000000013a       0x39 Core/Src/stm32f3xx_hal_msp.o
 .ARM.attributes
                0x0000000000000173       0x39 Core/Src/stm32f3xx_it.o
 .ARM.attributes
                0x00000000000001ac       0x39 Core/Src/system_stm32f3xx.o
 .ARM.attributes
                0x00000000000001e5       0x39 Core/Src/uart.o
 .ARM.attributes
                0x000000000000021e       0x21 Core/Startup/startup_stm32f303retx.o
 .ARM.attributes
                0x000000000000023f       0x39 Drivers/STM32F3xx_HAL_Driver/Src/stm32f3xx_hal.o
 .ARM.attributes
                0x0000000000000278       0x39 Drivers/STM32F3xx_HAL_Driver/Src/stm32f3xx_hal_adc_ex.o
 .ARM.attributes
                0x00000000000002b1       0x39 Drivers/STM32F3xx_HAL_Driver/Src/stm32f3xx_hal_cortex.o
 .ARM.attributes
                0x00000000000002ea       0x39 Drivers/STM32F3xx_HAL_Driver/Src/stm32f3xx_hal_dac.o
 .ARM.attributes
                0x0000000000000323       0x39 Drivers/STM32F3xx_HAL_Driver/Src/stm32f3xx_hal_dac_ex.o
 .ARM.attributes
                0x000000000000035c       0x39 Drivers/STM32F3xx_HAL_Driver/Src/stm32f3xx_hal_dma.o
 .ARM.attributes
                0x0000000000000395       0x39 Drivers/STM32F3xx_HAL_Driver/Src/stm32f3xx_hal_gpio.o
 .ARM.attributes
                0x00000000000003ce       0x39 Drivers/STM32F3xx_HAL_Driver/Src/stm32f3xx_hal_rcc.o
 .ARM.attributes
                0x0000000000000407       0x39 Drivers/STM32F3xx_HAL_Driver/Src/stm32f3xx_hal_rcc_ex.o
 .ARM.attributes
                0x0000000000000440       0x39 Drivers/STM32F3xx_HAL_Driver/Src/stm32f3xx_hal_tim.o
 .ARM.attributes
                0x0000000000000479       0x39 Drivers/STM32F3xx_HAL_Driver/Src/stm32f3xx_hal_tim_ex.o
 .ARM.attributes
                0x00000000000004b2       0x39 Drivers/STM32F3xx_HAL_Driver/Src/stm32f3xx_hal_uart.o
 .ARM.attributes
                0x00000000000004eb       0x39 Drivers/STM32F3xx_HAL_Driver/Src/stm32f3xx_hal_uart_ex.o
 .ARM.attributes
                0x0000000000000524       0x34 c:/st/stm32cubeide_1.3.0/stm32cubeide/plugins/com.st.stm32cube.ide.mcu.externaltools.gnu-tools-for-stm32.7-2018-q2-update.win32_1.0.0.201904181610/tools/bin/../lib/gcc/arm-none-eabi/7.3.1/../../../../arm-none-eabi/lib/thumb/v7e-m/fpv4-sp/hard\libc_nano.a(lib_a-init.o)
 .ARM.attributes
                0x0000000000000558       0x34 c:/st/stm32cubeide_1.3.0/stm32cubeide/plugins/com.st.stm32cube.ide.mcu.externaltools.gnu-tools-for-stm32.7-2018-q2-update.win32_1.0.0.201904181610/tools/bin/../lib/gcc/arm-none-eabi/7.3.1/../../../../arm-none-eabi/lib/thumb/v7e-m/fpv4-sp/hard\libc_nano.a(lib_a-memset.o)
 .ARM.attributes
                0x000000000000058c       0x22 c:/st/stm32cubeide_1.3.0/stm32cubeide/plugins/com.st.stm32cube.ide.mcu.externaltools.gnu-tools-for-stm32.7-2018-q2-update.win32_1.0.0.201904181610/tools/bin/../lib/gcc/arm-none-eabi/7.3.1/thumb/v7e-m/fpv4-sp/hard/crtn.o
OUTPUT(eDesignMultimeter2022.elf elf32-littlearm)

.debug_info     0x0000000000000000    0x16ea3
 .debug_info    0x0000000000000000      0x950 Core/Src/adc.o
 .debug_info    0x0000000000000950     0x1509 Core/Src/dac.o
 .debug_info    0x0000000000001e59      0xcde Core/Src/lcd.o
 .debug_info    0x0000000000002b37     0x1b8c Core/Src/main.o
 .debug_info    0x00000000000046c3     0x1642 Core/Src/stm32f3xx_hal_msp.o
 .debug_info    0x0000000000005d05      0xb20 Core/Src/stm32f3xx_it.o
 .debug_info    0x0000000000006825      0x45c Core/Src/system_stm32f3xx.o
 .debug_info    0x0000000000006c81      0x9f6 Core/Src/uart.o
 .debug_info    0x0000000000007677       0x22 Core/Startup/startup_stm32f303retx.o
 .debug_info    0x0000000000007699      0x812 Drivers/STM32F3xx_HAL_Driver/Src/stm32f3xx_hal.o
 .debug_info    0x0000000000007eab     0x1571 Drivers/STM32F3xx_HAL_Driver/Src/stm32f3xx_hal_adc_ex.o
 .debug_info    0x000000000000941c      0xdc9 Drivers/STM32F3xx_HAL_Driver/Src/stm32f3xx_hal_cortex.o
 .debug_info    0x000000000000a1e5      0x8fb Drivers/STM32F3xx_HAL_Driver/Src/stm32f3xx_hal_dac.o
 .debug_info    0x000000000000aae0      0xa45 Drivers/STM32F3xx_HAL_Driver/Src/stm32f3xx_hal_dac_ex.o
 .debug_info    0x000000000000b525      0x7cb Drivers/STM32F3xx_HAL_Driver/Src/stm32f3xx_hal_dma.o
 .debug_info    0x000000000000bcf0      0x7c1 Drivers/STM32F3xx_HAL_Driver/Src/stm32f3xx_hal_gpio.o
 .debug_info    0x000000000000c4b1     0x181f Drivers/STM32F3xx_HAL_Driver/Src/stm32f3xx_hal_rcc.o
 .debug_info    0x000000000000dcd0      0x708 Drivers/STM32F3xx_HAL_Driver/Src/stm32f3xx_hal_rcc_ex.o
 .debug_info    0x000000000000e3d8     0x2a7a Drivers/STM32F3xx_HAL_Driver/Src/stm32f3xx_hal_tim.o
 .debug_info    0x0000000000010e52     0x1500 Drivers/STM32F3xx_HAL_Driver/Src/stm32f3xx_hal_tim_ex.o
 .debug_info    0x0000000000012352     0x3eee Drivers/STM32F3xx_HAL_Driver/Src/stm32f3xx_hal_uart.o
 .debug_info    0x0000000000016240      0xc63 Drivers/STM32F3xx_HAL_Driver/Src/stm32f3xx_hal_uart_ex.o

.debug_abbrev   0x0000000000000000     0x2bae
 .debug_abbrev  0x0000000000000000      0x1c4 Core/Src/adc.o
 .debug_abbrev  0x00000000000001c4      0x249 Core/Src/dac.o
 .debug_abbrev  0x000000000000040d      0x1d1 Core/Src/lcd.o
 .debug_abbrev  0x00000000000005de      0x2a5 Core/Src/main.o
 .debug_abbrev  0x0000000000000883      0x1de Core/Src/stm32f3xx_hal_msp.o
 .debug_abbrev  0x0000000000000a61      0x172 Core/Src/stm32f3xx_it.o
 .debug_abbrev  0x0000000000000bd3      0x12b Core/Src/system_stm32f3xx.o
 .debug_abbrev  0x0000000000000cfe      0x234 Core/Src/uart.o
 .debug_abbrev  0x0000000000000f32       0x12 Core/Startup/startup_stm32f303retx.o
 .debug_abbrev  0x0000000000000f44      0x1c7 Drivers/STM32F3xx_HAL_Driver/Src/stm32f3xx_hal.o
 .debug_abbrev  0x000000000000110b      0x225 Drivers/STM32F3xx_HAL_Driver/Src/stm32f3xx_hal_adc_ex.o
 .debug_abbrev  0x0000000000001330      0x2fa Drivers/STM32F3xx_HAL_Driver/Src/stm32f3xx_hal_cortex.o
 .debug_abbrev  0x000000000000162a      0x1a3 Drivers/STM32F3xx_HAL_Driver/Src/stm32f3xx_hal_dac.o
 .debug_abbrev  0x00000000000017cd      0x22d Drivers/STM32F3xx_HAL_Driver/Src/stm32f3xx_hal_dac_ex.o
 .debug_abbrev  0x00000000000019fa      0x1fe Drivers/STM32F3xx_HAL_Driver/Src/stm32f3xx_hal_dma.o
 .debug_abbrev  0x0000000000001bf8      0x1c0 Drivers/STM32F3xx_HAL_Driver/Src/stm32f3xx_hal_gpio.o
 .debug_abbrev  0x0000000000001db8      0x28c Drivers/STM32F3xx_HAL_Driver/Src/stm32f3xx_hal_rcc.o
 .debug_abbrev  0x0000000000002044      0x219 Drivers/STM32F3xx_HAL_Driver/Src/stm32f3xx_hal_rcc_ex.o
 .debug_abbrev  0x000000000000225d      0x230 Drivers/STM32F3xx_HAL_Driver/Src/stm32f3xx_hal_tim.o
 .debug_abbrev  0x000000000000248d      0x236 Drivers/STM32F3xx_HAL_Driver/Src/stm32f3xx_hal_tim_ex.o
 .debug_abbrev  0x00000000000026c3      0x27f Drivers/STM32F3xx_HAL_Driver/Src/stm32f3xx_hal_uart.o
 .debug_abbrev  0x0000000000002942      0x26c Drivers/STM32F3xx_HAL_Driver/Src/stm32f3xx_hal_uart_ex.o

.debug_aranges  0x0000000000000000     0x1108
 .debug_aranges
                0x0000000000000000       0x20 Core/Src/adc.o
 .debug_aranges
                0x0000000000000020       0x38 Core/Src/dac.o
 .debug_aranges
                0x0000000000000058       0x60 Core/Src/lcd.o
 .debug_aranges
                0x00000000000000b8       0x80 Core/Src/main.o
 .debug_aranges
                0x0000000000000138       0x60 Core/Src/stm32f3xx_hal_msp.o
 .debug_aranges
                0x0000000000000198       0x90 Core/Src/stm32f3xx_it.o
 .debug_aranges
                0x0000000000000228       0x28 Core/Src/system_stm32f3xx.o
 .debug_aranges
                0x0000000000000250       0x48 Core/Src/uart.o
 .debug_aranges
                0x0000000000000298       0x28 Core/Startup/startup_stm32f303retx.o
 .debug_aranges
                0x00000000000002c0       0xe0 Drivers/STM32F3xx_HAL_Driver/Src/stm32f3xx_hal.o
 .debug_aranges
                0x00000000000003a0      0x168 Drivers/STM32F3xx_HAL_Driver/Src/stm32f3xx_hal_adc_ex.o
 .debug_aranges
                0x0000000000000508      0x118 Drivers/STM32F3xx_HAL_Driver/Src/stm32f3xx_hal_cortex.o
 .debug_aranges
                0x0000000000000620       0xa8 Drivers/STM32F3xx_HAL_Driver/Src/stm32f3xx_hal_dac.o
 .debug_aranges
                0x00000000000006c8       0xb8 Drivers/STM32F3xx_HAL_Driver/Src/stm32f3xx_hal_dac_ex.o
 .debug_aranges
                0x0000000000000780       0x88 Drivers/STM32F3xx_HAL_Driver/Src/stm32f3xx_hal_dma.o
 .debug_aranges
                0x0000000000000808       0x58 Drivers/STM32F3xx_HAL_Driver/Src/stm32f3xx_hal_gpio.o
 .debug_aranges
                0x0000000000000860       0x88 Drivers/STM32F3xx_HAL_Driver/Src/stm32f3xx_hal_rcc.o
 .debug_aranges
                0x00000000000008e8       0x38 Drivers/STM32F3xx_HAL_Driver/Src/stm32f3xx_hal_rcc_ex.o
 .debug_aranges
                0x0000000000000920      0x3e0 Drivers/STM32F3xx_HAL_Driver/Src/stm32f3xx_hal_tim.o
 .debug_aranges
                0x0000000000000d00      0x178 Drivers/STM32F3xx_HAL_Driver/Src/stm32f3xx_hal_tim_ex.o
 .debug_aranges
                0x0000000000000e78      0x228 Drivers/STM32F3xx_HAL_Driver/Src/stm32f3xx_hal_uart.o
 .debug_aranges
                0x00000000000010a0       0x68 Drivers/STM32F3xx_HAL_Driver/Src/stm32f3xx_hal_uart_ex.o

.debug_ranges   0x0000000000000000      0xfe0
 .debug_ranges  0x0000000000000000       0x10 Core/Src/adc.o
 .debug_ranges  0x0000000000000010       0x28 Core/Src/dac.o
 .debug_ranges  0x0000000000000038       0x50 Core/Src/lcd.o
 .debug_ranges  0x0000000000000088       0x70 Core/Src/main.o
 .debug_ranges  0x00000000000000f8       0x50 Core/Src/stm32f3xx_hal_msp.o
 .debug_ranges  0x0000000000000148       0x80 Core/Src/stm32f3xx_it.o
 .debug_ranges  0x00000000000001c8       0x18 Core/Src/system_stm32f3xx.o
 .debug_ranges  0x00000000000001e0       0x38 Core/Src/uart.o
 .debug_ranges  0x0000000000000218       0x20 Core/Startup/startup_stm32f303retx.o
 .debug_ranges  0x0000000000000238       0xd0 Drivers/STM32F3xx_HAL_Driver/Src/stm32f3xx_hal.o
 .debug_ranges  0x0000000000000308      0x158 Drivers/STM32F3xx_HAL_Driver/Src/stm32f3xx_hal_adc_ex.o
 .debug_ranges  0x0000000000000460      0x108 Drivers/STM32F3xx_HAL_Driver/Src/stm32f3xx_hal_cortex.o
 .debug_ranges  0x0000000000000568       0x98 Drivers/STM32F3xx_HAL_Driver/Src/stm32f3xx_hal_dac.o
 .debug_ranges  0x0000000000000600       0xa8 Drivers/STM32F3xx_HAL_Driver/Src/stm32f3xx_hal_dac_ex.o
 .debug_ranges  0x00000000000006a8       0x78 Drivers/STM32F3xx_HAL_Driver/Src/stm32f3xx_hal_dma.o
 .debug_ranges  0x0000000000000720       0x48 Drivers/STM32F3xx_HAL_Driver/Src/stm32f3xx_hal_gpio.o
 .debug_ranges  0x0000000000000768       0x78 Drivers/STM32F3xx_HAL_Driver/Src/stm32f3xx_hal_rcc.o
 .debug_ranges  0x00000000000007e0       0x28 Drivers/STM32F3xx_HAL_Driver/Src/stm32f3xx_hal_rcc_ex.o
 .debug_ranges  0x0000000000000808      0x3d0 Drivers/STM32F3xx_HAL_Driver/Src/stm32f3xx_hal_tim.o
 .debug_ranges  0x0000000000000bd8      0x168 Drivers/STM32F3xx_HAL_Driver/Src/stm32f3xx_hal_tim_ex.o
 .debug_ranges  0x0000000000000d40      0x248 Drivers/STM32F3xx_HAL_Driver/Src/stm32f3xx_hal_uart.o
 .debug_ranges  0x0000000000000f88       0x58 Drivers/STM32F3xx_HAL_Driver/Src/stm32f3xx_hal_uart_ex.o

.debug_macro    0x0000000000000000    0x227af
 .debug_macro   0x0000000000000000      0x21d Core/Src/adc.o
 .debug_macro   0x000000000000021d      0xa5a Core/Src/adc.o
 .debug_macro   0x0000000000000c77      0x163 Core/Src/adc.o
 .debug_macro   0x0000000000000dda       0x2e Core/Src/adc.o
 .debug_macro   0x0000000000000e08       0x28 Core/Src/adc.o
 .debug_macro   0x0000000000000e30       0x22 Core/Src/adc.o
 .debug_macro   0x0000000000000e52       0x8e Core/Src/adc.o
 .debug_macro   0x0000000000000ee0       0x51 Core/Src/adc.o
 .debug_macro   0x0000000000000f31       0xef Core/Src/adc.o
 .debug_macro   0x0000000000001020       0x6a Core/Src/adc.o
 .debug_macro   0x000000000000108a      0x1df Core/Src/adc.o
 .debug_macro   0x0000000000001269       0x1c Core/Src/adc.o
 .debug_macro   0x0000000000001285       0x22 Core/Src/adc.o
 .debug_macro   0x00000000000012a7       0xdf Core/Src/adc.o
 .debug_macro   0x0000000000001386     0x102d Core/Src/adc.o
 .debug_macro   0x00000000000023b3      0x11f Core/Src/adc.o
 .debug_macro   0x00000000000024d2    0x1535a Core/Src/adc.o
 .debug_macro   0x000000000001782c       0x6d Core/Src/adc.o
 .debug_macro   0x0000000000017899     0x3540 Core/Src/adc.o
 .debug_macro   0x000000000001add9      0x174 Core/Src/adc.o
 .debug_macro   0x000000000001af4d       0x55 Core/Src/adc.o
 .debug_macro   0x000000000001afa2      0x954 Core/Src/adc.o
 .debug_macro   0x000000000001b8f6      0x84a Core/Src/adc.o
 .debug_macro   0x000000000001c140      0x1b6 Core/Src/adc.o
 .debug_macro   0x000000000001c2f6      0x23a Core/Src/adc.o
 .debug_macro   0x000000000001c530      0x1ea Core/Src/adc.o
 .debug_macro   0x000000000001c71a      0x1bc Core/Src/adc.o
 .debug_macro   0x000000000001c8d6       0x30 Core/Src/adc.o
 .debug_macro   0x000000000001c906       0x3c Core/Src/adc.o
 .debug_macro   0x000000000001c942      0x236 Core/Src/adc.o
 .debug_macro   0x000000000001cb78      0x9fe Core/Src/adc.o
 .debug_macro   0x000000000001d576       0x77 Core/Src/adc.o
 .debug_macro   0x000000000001d5ed      0x176 Core/Src/adc.o
 .debug_macro   0x000000000001d763       0x61 Core/Src/adc.o
 .debug_macro   0x000000000001d7c4       0xc5 Core/Src/adc.o
 .debug_macro   0x000000000001d889      0x21d Core/Src/adc.o
 .debug_macro   0x000000000001daa6      0x22c Core/Src/adc.o
 .debug_macro   0x000000000001dcd2       0x5b Core/Src/adc.o
 .debug_macro   0x000000000001dd2d       0xa5 Core/Src/adc.o
 .debug_macro   0x000000000001ddd2       0x81 Core/Src/adc.o
 .debug_macro   0x000000000001de53       0xd3 Core/Src/adc.o
 .debug_macro   0x000000000001df26      0xa3d Core/Src/adc.o
 .debug_macro   0x000000000001e963       0xbb Core/Src/adc.o
 .debug_macro   0x000000000001ea1e      0x5a5 Core/Src/adc.o
 .debug_macro   0x000000000001efc3       0x44 Core/Src/adc.o
 .debug_macro   0x000000000001f007      0x347 Core/Src/adc.o
 .debug_macro   0x000000000001f34e      0x130 Core/Src/adc.o
 .debug_macro   0x000000000001f47e      0x2ca Core/Src/dac.o
 .debug_macro   0x000000000001f748       0x22 Core/Src/dac.o
 .debug_macro   0x000000000001f76a       0x46 Core/Src/dac.o
 .debug_macro   0x000000000001f7b0       0x18 Core/Src/dac.o
 .debug_macro   0x000000000001f7c8       0x3c Core/Src/dac.o
 .debug_macro   0x000000000001f804       0x34 Core/Src/dac.o
 .debug_macro   0x000000000001f838       0x52 Core/Src/dac.o
 .debug_macro   0x000000000001f88a       0x1f Core/Src/dac.o
 .debug_macro   0x000000000001f8a9       0x43 Core/Src/dac.o
 .debug_macro   0x000000000001f8ec       0x20 Core/Src/dac.o
 .debug_macro   0x000000000001f90c      0x1a3 Core/Src/dac.o
 .debug_macro   0x000000000001faaf      0x32a Core/Src/dac.o
 .debug_macro   0x000000000001fdd9      0x1e1 Core/Src/dac.o
 .debug_macro   0x000000000001ffba      0x277 Core/Src/lcd.o
 .debug_macro   0x0000000000020231      0x244 Core/Src/main.o
 .debug_macro   0x0000000000020475      0x213 Core/Src/stm32f3xx_hal_msp.o
 .debug_macro   0x0000000000020688      0x21d Core/Src/stm32f3xx_it.o
 .debug_macro   0x00000000000208a5      0x204 Core/Src/system_stm32f3xx.o
 .debug_macro   0x0000000000020aa9      0x23a Core/Src/uart.o
 .debug_macro   0x0000000000020ce3      0x228 Drivers/STM32F3xx_HAL_Driver/Src/stm32f3xx_hal.o
 .debug_macro   0x0000000000020f0b      0x22e Drivers/STM32F3xx_HAL_Driver/Src/stm32f3xx_hal_adc_ex.o
 .debug_macro   0x0000000000021139      0x204 Drivers/STM32F3xx_HAL_Driver/Src/stm32f3xx_hal_cortex.o
 .debug_macro   0x000000000002133d      0x205 Drivers/STM32F3xx_HAL_Driver/Src/stm32f3xx_hal_dac.o
 .debug_macro   0x0000000000021542      0x204 Drivers/STM32F3xx_HAL_Driver/Src/stm32f3xx_hal_dac_ex.o
 .debug_macro   0x0000000000021746      0x204 Drivers/STM32F3xx_HAL_Driver/Src/stm32f3xx_hal_dma.o
 .debug_macro   0x000000000002194a      0x20b Drivers/STM32F3xx_HAL_Driver/Src/stm32f3xx_hal_gpio.o
 .debug_macro   0x0000000000021b55      0x228 Drivers/STM32F3xx_HAL_Driver/Src/stm32f3xx_hal_rcc.o
 .debug_macro   0x0000000000021d7d      0x204 Drivers/STM32F3xx_HAL_Driver/Src/stm32f3xx_hal_rcc_ex.o
 .debug_macro   0x0000000000021f81      0x205 Drivers/STM32F3xx_HAL_Driver/Src/stm32f3xx_hal_tim.o
 .debug_macro   0x0000000000022186      0x204 Drivers/STM32F3xx_HAL_Driver/Src/stm32f3xx_hal_tim_ex.o
 .debug_macro   0x000000000002238a      0x221 Drivers/STM32F3xx_HAL_Driver/Src/stm32f3xx_hal_uart.o
 .debug_macro   0x00000000000225ab      0x204 Drivers/STM32F3xx_HAL_Driver/Src/stm32f3xx_hal_uart_ex.o

.debug_line     0x0000000000000000    0x11942
 .debug_line    0x0000000000000000      0x793 Core/Src/adc.o
 .debug_line    0x0000000000000793      0x8ce Core/Src/dac.o
 .debug_line    0x0000000000001061      0x87a Core/Src/lcd.o
 .debug_line    0x00000000000018db      0x93e Core/Src/main.o
 .debug_line    0x0000000000002219      0x822 Core/Src/stm32f3xx_hal_msp.o
 .debug_line    0x0000000000002a3b      0x862 Core/Src/stm32f3xx_it.o
 .debug_line    0x000000000000329d      0x76d Core/Src/system_stm32f3xx.o
 .debug_line    0x0000000000003a0a      0x86b Core/Src/uart.o
 .debug_line    0x0000000000004275       0x88 Core/Startup/startup_stm32f303retx.o
 .debug_line    0x00000000000042fd      0x929 Drivers/STM32F3xx_HAL_Driver/Src/stm32f3xx_hal.o
 .debug_line    0x0000000000004c26     0x1a9d Drivers/STM32F3xx_HAL_Driver/Src/stm32f3xx_hal_adc_ex.o
 .debug_line    0x00000000000066c3      0xa5e Drivers/STM32F3xx_HAL_Driver/Src/stm32f3xx_hal_cortex.o
 .debug_line    0x0000000000007121      0x8af Drivers/STM32F3xx_HAL_Driver/Src/stm32f3xx_hal_dac.o
 .debug_line    0x00000000000079d0      0x9cb Drivers/STM32F3xx_HAL_Driver/Src/stm32f3xx_hal_dac_ex.o
 .debug_line    0x000000000000839b      0x968 Drivers/STM32F3xx_HAL_Driver/Src/stm32f3xx_hal_dma.o
 .debug_line    0x0000000000008d03      0x8f3 Drivers/STM32F3xx_HAL_Driver/Src/stm32f3xx_hal_gpio.o
 .debug_line    0x00000000000095f6      0xea4 Drivers/STM32F3xx_HAL_Driver/Src/stm32f3xx_hal_rcc.o
 .debug_line    0x000000000000a49a      0xacc Drivers/STM32F3xx_HAL_Driver/Src/stm32f3xx_hal_rcc_ex.o
 .debug_line    0x000000000000af66     0x2863 Drivers/STM32F3xx_HAL_Driver/Src/stm32f3xx_hal_tim.o
 .debug_line    0x000000000000d7c9     0x138c Drivers/STM32F3xx_HAL_Driver/Src/stm32f3xx_hal_tim_ex.o
 .debug_line    0x000000000000eb55     0x23b2 Drivers/STM32F3xx_HAL_Driver/Src/stm32f3xx_hal_uart.o
 .debug_line    0x0000000000010f07      0xa3b Drivers/STM32F3xx_HAL_Driver/Src/stm32f3xx_hal_uart_ex.o

.debug_str      0x0000000000000000    0xd4f15
 .debug_str     0x0000000000000000    0xcca39 Core/Src/adc.o
                                      0xcd1a1 (size before relaxing)
 .debug_str     0x00000000000cca39     0x3d84 Core/Src/dac.o
                                      0xd0d67 (size before relaxing)
 .debug_str     0x00000000000d07bd      0x32c Core/Src/lcd.o
                                      0xcd6db (size before relaxing)
 .debug_str     0x00000000000d0ae9      0x9a7 Core/Src/main.o
                                      0xce3f7 (size before relaxing)
 .debug_str     0x00000000000d1490      0x122 Core/Src/stm32f3xx_hal_msp.o
                                      0xcdd6c (size before relaxing)
 .debug_str     0x00000000000d15b2      0x120 Core/Src/stm32f3xx_it.o
                                      0xcd4a6 (size before relaxing)
 .debug_str     0x00000000000d16d2       0xb3 Core/Src/system_stm32f3xx.o
                                      0xcc8a4 (size before relaxing)
 .debug_str     0x00000000000d1785      0x114 Core/Src/uart.o
                                      0xcd28a (size before relaxing)
 .debug_str     0x00000000000d1899       0x36 Core/Startup/startup_stm32f303retx.o
                                         0x6a (size before relaxing)
 .debug_str     0x00000000000d18cf      0x317 Drivers/STM32F3xx_HAL_Driver/Src/stm32f3xx_hal.o
                                      0xcd0ab (size before relaxing)
 .debug_str     0x00000000000d1be6      0x81d Drivers/STM32F3xx_HAL_Driver/Src/stm32f3xx_hal_adc_ex.o
                                      0xcd4fc (size before relaxing)
 .debug_str     0x00000000000d2403      0x386 Drivers/STM32F3xx_HAL_Driver/Src/stm32f3xx_hal_cortex.o
                                      0xcd1b9 (size before relaxing)
 .debug_str     0x00000000000d2789      0x17c Drivers/STM32F3xx_HAL_Driver/Src/stm32f3xx_hal_dac.o
                                      0xcccd8 (size before relaxing)
 .debug_str     0x00000000000d2905      0x19b Drivers/STM32F3xx_HAL_Driver/Src/stm32f3xx_hal_dac_ex.o
                                      0xccd6a (size before relaxing)
 .debug_str     0x00000000000d2aa0      0x248 Drivers/STM32F3xx_HAL_Driver/Src/stm32f3xx_hal_dma.o
                                      0xccc1e (size before relaxing)
 .debug_str     0x00000000000d2ce8      0x12d Drivers/STM32F3xx_HAL_Driver/Src/stm32f3xx_hal_gpio.o
                                      0xccac7 (size before relaxing)
 .debug_str     0x00000000000d2e15      0x2fc Drivers/STM32F3xx_HAL_Driver/Src/stm32f3xx_hal_rcc.o
                                      0xccd16 (size before relaxing)
 .debug_str     0x00000000000d3111       0xd8 Drivers/STM32F3xx_HAL_Driver/Src/stm32f3xx_hal_rcc_ex.o
                                      0xccb60 (size before relaxing)
 .debug_str     0x00000000000d31e9      0xdd9 Drivers/STM32F3xx_HAL_Driver/Src/stm32f3xx_hal_tim.o
                                      0xcdc67 (size before relaxing)
 .debug_str     0x00000000000d3fc2      0x550 Drivers/STM32F3xx_HAL_Driver/Src/stm32f3xx_hal_tim_ex.o
                                      0xcd46b (size before relaxing)
 .debug_str     0x00000000000d4512      0x865 Drivers/STM32F3xx_HAL_Driver/Src/stm32f3xx_hal_uart.o
                                      0xcd522 (size before relaxing)
 .debug_str     0x00000000000d4d77      0x19e Drivers/STM32F3xx_HAL_Driver/Src/stm32f3xx_hal_uart_ex.o
                                      0xcce0c (size before relaxing)

.comment        0x0000000000000000       0x7b
 .comment       0x0000000000000000       0x7b Core/Src/adc.o
                                         0x7c (size before relaxing)
 .comment       0x000000000000007b       0x7c Core/Src/dac.o
 .comment       0x000000000000007b       0x7c Core/Src/lcd.o
 .comment       0x000000000000007b       0x7c Core/Src/main.o
 .comment       0x000000000000007b       0x7c Core/Src/stm32f3xx_hal_msp.o
 .comment       0x000000000000007b       0x7c Core/Src/stm32f3xx_it.o
 .comment       0x000000000000007b       0x7c Core/Src/system_stm32f3xx.o
 .comment       0x000000000000007b       0x7c Core/Src/uart.o
 .comment       0x000000000000007b       0x7c Drivers/STM32F3xx_HAL_Driver/Src/stm32f3xx_hal.o
 .comment       0x000000000000007b       0x7c Drivers/STM32F3xx_HAL_Driver/Src/stm32f3xx_hal_adc_ex.o
 .comment       0x000000000000007b       0x7c Drivers/STM32F3xx_HAL_Driver/Src/stm32f3xx_hal_cortex.o
 .comment       0x000000000000007b       0x7c Drivers/STM32F3xx_HAL_Driver/Src/stm32f3xx_hal_dac.o
 .comment       0x000000000000007b       0x7c Drivers/STM32F3xx_HAL_Driver/Src/stm32f3xx_hal_dac_ex.o
 .comment       0x000000000000007b       0x7c Drivers/STM32F3xx_HAL_Driver/Src/stm32f3xx_hal_dma.o
 .comment       0x000000000000007b       0x7c Drivers/STM32F3xx_HAL_Driver/Src/stm32f3xx_hal_gpio.o
 .comment       0x000000000000007b       0x7c Drivers/STM32F3xx_HAL_Driver/Src/stm32f3xx_hal_rcc.o
 .comment       0x000000000000007b       0x7c Drivers/STM32F3xx_HAL_Driver/Src/stm32f3xx_hal_rcc_ex.o
 .comment       0x000000000000007b       0x7c Drivers/STM32F3xx_HAL_Driver/Src/stm32f3xx_hal_tim.o
 .comment       0x000000000000007b       0x7c Drivers/STM32F3xx_HAL_Driver/Src/stm32f3xx_hal_tim_ex.o
 .comment       0x000000000000007b       0x7c Drivers/STM32F3xx_HAL_Driver/Src/stm32f3xx_hal_uart.o
 .comment       0x000000000000007b       0x7c Drivers/STM32F3xx_HAL_Driver/Src/stm32f3xx_hal_uart_ex.o

.debug_frame    0x0000000000000000     0x46c0
 .debug_frame   0x0000000000000000       0x34 Core/Src/adc.o
 .debug_frame   0x0000000000000034       0x98 Core/Src/dac.o
 .debug_frame   0x00000000000000cc      0x140 Core/Src/lcd.o
 .debug_frame   0x000000000000020c      0x1d4 Core/Src/main.o
 .debug_frame   0x00000000000003e0      0x154 Core/Src/stm32f3xx_hal_msp.o
 .debug_frame   0x0000000000000534      0x1b4 Core/Src/stm32f3xx_it.o
 .debug_frame   0x00000000000006e8       0x58 Core/Src/system_stm32f3xx.o
 .debug_frame   0x0000000000000740       0xec Core/Src/uart.o
 .debug_frame   0x000000000000082c      0x334 Drivers/STM32F3xx_HAL_Driver/Src/stm32f3xx_hal.o
 .debug_frame   0x0000000000000b60      0x644 Drivers/STM32F3xx_HAL_Driver/Src/stm32f3xx_hal_adc_ex.o
 .debug_frame   0x00000000000011a4      0x498 Drivers/STM32F3xx_HAL_Driver/Src/stm32f3xx_hal_cortex.o
 .debug_frame   0x000000000000163c      0x2d4 Drivers/STM32F3xx_HAL_Driver/Src/stm32f3xx_hal_dac.o
 .debug_frame   0x0000000000001910      0x310 Drivers/STM32F3xx_HAL_Driver/Src/stm32f3xx_hal_dac_ex.o
 .debug_frame   0x0000000000001c20      0x224 Drivers/STM32F3xx_HAL_Driver/Src/stm32f3xx_hal_dma.o
 .debug_frame   0x0000000000001e44      0x14c Drivers/STM32F3xx_HAL_Driver/Src/stm32f3xx_hal_gpio.o
 .debug_frame   0x0000000000001f90      0x214 Drivers/STM32F3xx_HAL_Driver/Src/stm32f3xx_hal_rcc.o
 .debug_frame   0x00000000000021a4       0xb4 Drivers/STM32F3xx_HAL_Driver/Src/stm32f3xx_hal_rcc_ex.o
 .debug_frame   0x0000000000002258     0x121c Drivers/STM32F3xx_HAL_Driver/Src/stm32f3xx_hal_tim.o
 .debug_frame   0x0000000000003474      0x688 Drivers/STM32F3xx_HAL_Driver/Src/stm32f3xx_hal_tim_ex.o
 .debug_frame   0x0000000000003afc      0x9e8 Drivers/STM32F3xx_HAL_Driver/Src/stm32f3xx_hal_uart.o
 .debug_frame   0x00000000000044e4      0x190 Drivers/STM32F3xx_HAL_Driver/Src/stm32f3xx_hal_uart_ex.o
 .debug_frame   0x0000000000004674       0x2c c:/st/stm32cubeide_1.3.0/stm32cubeide/plugins/com.st.stm32cube.ide.mcu.externaltools.gnu-tools-for-stm32.7-2018-q2-update.win32_1.0.0.201904181610/tools/bin/../lib/gcc/arm-none-eabi/7.3.1/../../../../arm-none-eabi/lib/thumb/v7e-m/fpv4-sp/hard\libc_nano.a(lib_a-init.o)
 .debug_frame   0x00000000000046a0       0x20 c:/st/stm32cubeide_1.3.0/stm32cubeide/plugins/com.st.stm32cube.ide.mcu.externaltools.gnu-tools-for-stm32.7-2018-q2-update.win32_1.0.0.201904181610/tools/bin/../lib/gcc/arm-none-eabi/7.3.1/../../../../arm-none-eabi/lib/thumb/v7e-m/fpv4-sp/hard\libc_nano.a(lib_a-memset.o)
