lcd.c:38:6:LCD_Init	8	static
lcd.c:67:6:LCD_Write_String	24	static
lcd.c:79:6:LCD_Write_Character_Shift	16	static
lcd.c:96:6:LCD_Write_Character	16	static
lcd.c:107:6:LCD_Write_Instruction	16	static
lcd.c:113:6:LCD_Write_Nibbles	16	static
lcd.c:144:6:LCD_Write_8bitInstruction	16	static
lcd.c:162:6:LCD_ZeroPins	4	static
lcd.c:170:6:LCD_Clear_Display	8	static
lcd.c:182:6:LCD_NewLine	8	static
lcd.c:189:6:LCD_AutoScroll	16	static
lcd.c:208:6:LCD_Shift_Left	8	static
lcd.c:215:6:LCD_Shift_Right	8	static
lcd.c:222:6:LCD_Shift_Home	16	static
lcd.c:231:6:LCD_Cursor_Home	8	static
lcd.c:240:6:LCD_changeDisplayMode	16	static
lcd.c:271:6:LCD_Display_Menu	552	static
lcd.c:544:6:LCD_Display_Measurement	176	static
lcd.c:659:6:LCD_Branch_Action	24	static
