lcd.c:37:6:LCD_Init	8	static
lcd.c:68:6:LCD_Write_String	24	static
lcd.c:80:6:LCD_Write_Character_Shift	16	static
lcd.c:97:6:LCD_Write_Character	16	static
lcd.c:108:6:LCD_Write_Instruction	16	static
lcd.c:114:6:LCD_Write_Nibbles	16	static
lcd.c:145:6:LCD_Write_8bitInstruction	16	static
lcd.c:163:6:LCD_ZeroPins	4	static
lcd.c:171:6:LCD_Clear_Display	8	static
lcd.c:183:6:LCD_NewLine	8	static
lcd.c:190:6:LCD_AutoScroll	16	static
lcd.c:209:6:LCD_Shift_Left	8	static
lcd.c:216:6:LCD_Shift_Right	8	static
lcd.c:223:6:LCD_Shift_Home	16	static
lcd.c:232:6:LCD_Cursor_Home	8	static
lcd.c:241:6:LCD_changeDisplayMode	16	static
lcd.c:275:6:LCD_Display_Menu	32	static
lcd.c:281:6:LCD_Display_Measurement	136	static
