main.c:111:6:HAL_UART_RxCpltCallback	16	static
main.c:116:6:HAL_GPIO_EXTI_Callback	16	static
main.c:147:5:main	8	static
main.c:302:6:SystemClock_Config	160	static
main.c:351:13:MX_ADC1_Init	48	static
main.c:414:13:MX_DAC1_Init	24	static
main.c:452:13:MX_TIM2_Init	40	static
main.c:497:13:MX_TIM16_Init	8	static
main.c:529:13:MX_USART2_UART_Init	8	static
main.c:562:13:MX_DMA_Init	16	static
main.c:580:13:MX_GPIO_Init	48	static
main.c:676:6:HAL_TIM_PeriodElapsedCallback	16	static
main.c:694:6:Error_Handler	4	static
