main.c:95:6:HAL_UART_RxCpltCallback	16	static
main.c:100:6:HAL_GPIO_EXTI_Callback	16	static
main.c:131:5:main	2176	static
main.c:328:6:SystemClock_Config	160	static
main.c:376:13:MX_ADC1_Init	48	static
main.c:439:13:MX_TIM16_Init	8	static
main.c:471:13:MX_USART2_UART_Init	8	static
main.c:506:13:MX_GPIO_Init	48	static
main.c:570:6:HAL_TIM_PeriodElapsedCallback	16	static
main.c:579:9:changeDisplayState	16	static
main.c:618:6:uartRxComplete	16	static
main.c:630:6:interpret_rx_message	24	static
main.c:694:6:request_measurement	40	static
main.c:731:6:request_status	40	static
main.c:801:6:Error_Handler	4	static
